Archive member included to satisfy reference by file (symbol)

third_party/libopencm3/lib/libopencm3_stm32f1.a(adc.o)
                              bin/app/sensors.o (adc_power_on)
third_party/libopencm3/lib/libopencm3_stm32f1.a(adc_common_v1.o)
                              bin/app/sensors.o (adc_power_off)
third_party/libopencm3/lib/libopencm3_stm32f1.a(exti_common_all.o)
                              bin/app/button.o (exti_set_trigger)
third_party/libopencm3/lib/libopencm3_stm32f1.a(gpio.o)
                              bin/drivers/uart_comm.o (gpio_set_mode)
third_party/libopencm3/lib/libopencm3_stm32f1.a(gpio_common_all.o)
                              bin/drivers/uart_comm.o (gpio_set)
third_party/libopencm3/lib/libopencm3_stm32f1.a(rcc.o)
                              bin/app/sensors.o (rcc_set_adcpre)
third_party/libopencm3/lib/libopencm3_stm32f1.a(rcc_common_all.o)
                              bin/platform/system_init.o (rcc_periph_clock_enable)
third_party/libopencm3/lib/libopencm3_stm32f1.a(timer_common_all.o)
                              bin/app/actuators.o (timer_enable_counter)
third_party/libopencm3/lib/libopencm3_stm32f1.a(usart_common_all.o)
                              bin/drivers/uart_comm.o (usart_set_baudrate)
third_party/libopencm3/lib/libopencm3_stm32f1.a(usart_common_f124.o)
                              third_party/libopencm3/lib/libopencm3_stm32f1.a(usart_common_all.o) (usart_send)
third_party/libopencm3/lib/libopencm3_stm32f1.a(vector.o)
                              (reset_handler)
third_party/libopencm3/lib/libopencm3_stm32f1.a(nvic.o)
                              bin/drivers/uart_comm.o (nvic_enable_irq)
third_party/libopencm3/lib/libopencm3_stm32f1.a(assert.o)
                              third_party/libopencm3/lib/libopencm3_stm32f1.a(rcc.o) (cm3_assert_failed)
third_party/libopencm3/lib/libopencm3_stm32f1.a(flash_common_all.o)
                              third_party/libopencm3/lib/libopencm3_stm32f1.a(rcc.o) (flash_set_ws)
/usr/lib/gcc/arm-none-eabi/13.2.1/../../../arm-none-eabi/lib/thumb/v7-m/nofp/libc_nano.a(libc_a-strlen-stub.o)
                              bin/protocol/protocol.o (strlen)
/usr/lib/gcc/arm-none-eabi/13.2.1/../../../arm-none-eabi/lib/thumb/v7-m/nofp/libc_nano.a(libc_a-memset.o)
                              bin/freertos/tasks.o (memset)
/usr/lib/gcc/arm-none-eabi/13.2.1/../../../arm-none-eabi/lib/thumb/v7-m/nofp/libc_nano.a(libc_a-memcpy.o)
                              bin/protocol/protocol.o (memcpy)
/usr/lib/gcc/arm-none-eabi/13.2.1/../../../arm-none-eabi/lib/thumb/v7-m/nofp/libc_nano.a(libc_a-strncpy.o)
                              bin/protocol/protocol.o (strncpy)
/usr/lib/gcc/arm-none-eabi/13.2.1/../../../arm-none-eabi/lib/thumb/v7-m/nofp/libc_nano.a(libc_a-strncmp.o)
                              bin/protocol/protocol.o (strncmp)
/usr/lib/gcc/arm-none-eabi/13.2.1/../../../arm-none-eabi/lib/thumb/v7-m/nofp/libc_nano.a(libc_a-strcmp.o)
                              bin/app/tasks.o (strcmp)
/usr/lib/gcc/arm-none-eabi/13.2.1/../../../arm-none-eabi/lib/thumb/v7-m/nofp/libc_nano.a(libc_a-snprintf.o)
                              bin/protocol/protocol.o (snprintf)
/usr/lib/gcc/arm-none-eabi/13.2.1/../../../arm-none-eabi/lib/thumb/v7-m/nofp/libc_nano.a(libc_a-impure.o)
                              /usr/lib/gcc/arm-none-eabi/13.2.1/../../../arm-none-eabi/lib/thumb/v7-m/nofp/libc_nano.a(libc_a-snprintf.o) (_impure_ptr)
/usr/lib/gcc/arm-none-eabi/13.2.1/../../../arm-none-eabi/lib/thumb/v7-m/nofp/libc_nano.a(libc_a-nano-svfprintf.o)
                              /usr/lib/gcc/arm-none-eabi/13.2.1/../../../arm-none-eabi/lib/thumb/v7-m/nofp/libc_nano.a(libc_a-snprintf.o) (_svfprintf_r)
/usr/lib/gcc/arm-none-eabi/13.2.1/../../../arm-none-eabi/lib/thumb/v7-m/nofp/libc_nano.a(libc_a-mallocr.o)
                              /usr/lib/gcc/arm-none-eabi/13.2.1/../../../arm-none-eabi/lib/thumb/v7-m/nofp/libc_nano.a(libc_a-nano-svfprintf.o) (_malloc_r)
/usr/lib/gcc/arm-none-eabi/13.2.1/../../../arm-none-eabi/lib/thumb/v7-m/nofp/libc_nano.a(libc_a-freer.o)
                              /usr/lib/gcc/arm-none-eabi/13.2.1/../../../arm-none-eabi/lib/thumb/v7-m/nofp/libc_nano.a(libc_a-nano-svfprintf.o) (_free_r)
/usr/lib/gcc/arm-none-eabi/13.2.1/../../../arm-none-eabi/lib/thumb/v7-m/nofp/libc_nano.a(libc_a-memmove.o)
                              /usr/lib/gcc/arm-none-eabi/13.2.1/../../../arm-none-eabi/lib/thumb/v7-m/nofp/libc_nano.a(libc_a-nano-svfprintf.o) (memmove)
/usr/lib/gcc/arm-none-eabi/13.2.1/../../../arm-none-eabi/lib/thumb/v7-m/nofp/libc_nano.a(libc_a-reallocr.o)
                              /usr/lib/gcc/arm-none-eabi/13.2.1/../../../arm-none-eabi/lib/thumb/v7-m/nofp/libc_nano.a(libc_a-nano-svfprintf.o) (_realloc_r)
/usr/lib/gcc/arm-none-eabi/13.2.1/../../../arm-none-eabi/lib/thumb/v7-m/nofp/libc_nano.a(libc_a-nano-vfprintf_i.o)
[...]
Memory Configuration

Name             Origin             Length             Attributes
rom              0x08000000         0x00010000         xr
ram              0x20000000         0x00005000         xrw
*default*        0x00000000         0xffffffff

Linker script and memory map

LOAD bin/main.o
LOAD bin/platform/system_init.o
LOAD bin/app/tasks.o
LOAD bin/drivers/uart_comm.o
LOAD bin/protocol/protocol.o
LOAD bin/protocol/parser.o
LOAD bin/app/app.o
LOAD bin/app/sensors.o
LOAD bin/app/actuators.o
LOAD bin/app/button.o
LOAD bin/freertos/list.o
LOAD bin/freertos/queue.o
LOAD bin/freertos/tasks.o
LOAD bin/freertos/portable/GCC/ARM_CM3/port.o
LOAD bin/freertos/heap_4.o
LOAD third_party/libopencm3/lib/libopencm3_stm32f1.a
LOAD third_party/libopencm3/lib/libopencm3_stm32f1.a
LOAD /usr/lib/gcc/arm-none-eabi/13.2.1/../../../arm-none-eabi/lib/thumb/v7-m/nofp/libc_nano.a
LOAD /usr/lib/gcc/arm-none-eabi/13.2.1/thumb/v7-m/nofp/libgcc.a
LOAD /usr/lib/gcc/arm-none-eabi/13.2.1/../../../arm-none-eabi/lib/thumb/v7-m/nofp/libnosys.a
                0x20005000                        _stack = (ORIGIN (ram) + LENGTH (ram))

.text           0x08000000     0x574d
 *(.vectors)
 .vectors       0x08000000      0x150 third_party/libopencm3/lib/libopencm3_stm32f1.a(vector.o)
                0x08000000                vector_table
 *(.text*)
 .text.main     0x08000150       0x2c bin/main.o
                0x08000150                main
 .text.system_init_board
                0x0800017c       0x10 bin/platform/system_init.o
                0x0800017c                system_init_board
 .text.send_protocol_message
                0x0800018c       0x40 bin/app/tasks.o
 .text.task_uart_rx
                0x080001cc       0x40 bin/app/tasks.o
 .text.task_parser
                0x0800020c       0xf4 bin/app/tasks.o
 .text.task_variant1
                0x08000300       0xd8 bin/app/tasks.o
 .text.task_telemetry
                0x080003d8       0xac bin/app/tasks.o
 .text.task_actuators
                0x08000484       0x30 bin/app/tasks.o
 .text.task_uart_tx
                0x080004b4       0x54 bin/app/tasks.o
 .text.tasks_start
                0x08000508      0x1a8 bin/app/tasks.o
                0x08000508                tasks_start
 .text.uart_comm_set_rx_queue
                0x080006b0       0x1c bin/drivers/uart_comm.o
                0x080006b0                uart_comm_set_rx_queue
 .text.uart_comm_init
                0x080006cc       0x94 bin/drivers/uart_comm.o
                0x080006cc                uart_comm_init
 .text.uart_comm_send_bytes
                0x08000760       0x44 bin/drivers/uart_comm.o
                0x08000760                uart_comm_send_bytes
 .text.usart1_isr
                0x080007a4       0x90 bin/drivers/uart_comm.o
                0x080007a4                usart1_isr
 .text.protocol_type_to_text
                0x08000834       0x70 bin/protocol/protocol.o
                0x08000834                protocol_type_to_text
 .text.protocol_type_from_text
                0x080008a4       0xac bin/protocol/protocol.o
                0x080008a4                protocol_type_from_text
 .text.protocol_message_set
                0x08000950       0x5a bin/protocol/protocol.o
                0x08000950                protocol_message_set
 .text.protocol_compute_checksum
                0x080009aa       0x3c bin/protocol/protocol.o
                0x080009aa                protocol_compute_checksum
 *fill*         0x080009e6        0x2 
 .text.protocol_encode_frame
                0x080009e8      0x110 bin/protocol/protocol.o
                0x080009e8                protocol_encode_frame
 .text.protocol_decode_body
                0x08000af8       0x78 bin/protocol/protocol.o
                0x08000af8                protocol_decode_body
 .text.hex_char_to_nibble
                0x08000b70       0x3c bin/protocol/parser.o
 .text.handle_parser_error
                0x08000bac       0x28 bin/protocol/parser.o
 .text.protocol_validate
                0x08000bd4       0xc4 bin/protocol/parser.o
 .text.parser_reset
                0x08000c98       0x60 bin/protocol/parser.o
                0x08000c98                parser_reset
 .text.parser_init
                0x08000cf8       0x16 bin/protocol/parser.o
                0x08000cf8                parser_init
 *fill*         0x08000d0e        0x2 
 .text.parser_consume_byte
                0x08000d10      0x278 bin/protocol/parser.o
                0x08000d10                parser_consume_byte
 .text.app_init
                0x08000f88        0xc bin/app/app.o
                0x08000f88                app_init
 .text.app_process_message
                0x08000f94       0x34 bin/app/app.o
                0x08000f94                app_process_message
 .text.app_build_telemetry_message
                0x08000fc8       0x4a bin/app/app.o
                0x08000fc8                app_build_telemetry_message
 *fill*         0x08001012        0x2 
 .text.sensors_init
                0x08001014       0x68 bin/app/sensors.o
                0x08001014                sensors_init
 .text.sensors_read_adc
                0x0800107c       0x54 bin/app/sensors.o
                0x0800107c                sensors_read_adc
 .text.sensors_build_telemetry_payload
                0x080010d0       0x58 bin/app/sensors.o
                0x080010d0                sensors_build_telemetry_payload
 .text.leds_setup
                0x08001128       0x3c bin/app/actuators.o
 .text.buzzer_pwm_setup
                0x08001164       0x68 bin/app/actuators.o
 .text.actuators_init
                0x080011cc       0x38 bin/app/actuators.o
                0x080011cc                actuators_init
 .text.actuators_set_normal
                0x08001204       0x34 bin/app/actuators.o
                0x08001204                actuators_set_normal
 .text.actuators_set_emergency
                0x08001238       0x44 bin/app/actuators.o
                0x08001238                actuators_set_emergency
 .text.actuators_update_emergency_blink
                0x0800127c       0x80 bin/app/actuators.o
                0x0800127c                actuators_update_emergency_blink
 .text.actuators_buzzer_on
                0x080012fc       0x18 bin/app/actuators.o
                0x080012fc                actuators_buzzer_on
 .text.actuators_buzzer_off
                0x08001314       0x18 bin/app/actuators.o
                0x08001314                actuators_buzzer_off
 .text.actuators_apply_command
                0x0800132c       0x98 bin/app/actuators.o
                0x0800132c                actuators_apply_command
 .text.button_init
                0x080013c4       0x60 bin/app/button.o
                0x080013c4                button_init
 .text.button_get_event
                0x08001424       0x4c bin/app/button.o
                0x08001424                button_get_event
 .text.exti15_10_isr
                0x08001470       0x88 bin/app/button.o
                0x08001470                exti15_10_isr
 .text.vListInitialise
                0x080014f8       0x3e bin/freertos/list.o
                0x080014f8                vListInitialise
 .text.vListInitialiseItem
                0x08001536       0x18 bin/freertos/list.o
                0x08001536                vListInitialiseItem
 .text.vListInsert
                0x0800154e       0x70 bin/freertos/list.o
                0x0800154e                vListInsert
 .text.uxListRemove
                0x080015be       0x52 bin/freertos/list.o
                0x080015be                uxListRemove
 .text.xQueueGenericReset
                0x08001610      0x124 bin/freertos/queue.o
                0x08001610                xQueueGenericReset
 .text.xQueueGenericCreate
                0x08001734       0x9e bin/freertos/queue.o
                0x08001734                xQueueGenericCreate
 .text.prvInitialiseNewQueue
                0x080017d2       0x3e bin/freertos/queue.o
 .text.xQueueGenericSend
                0x08001810      0x204 bin/freertos/queue.o
                0x08001810                xQueueGenericSend
 .text.xQueueGenericSendFromISR
                0x08001a14      0x16c bin/freertos/queue.o
                0x08001a14                xQueueGenericSendFromISR
 .text.xQueueReceive
                0x08001b80      0x1c4 bin/freertos/queue.o
                0x08001b80                xQueueReceive
 .text.prvCopyDataToQueue
                0x08001d44       0xd4 bin/freertos/queue.o
 .text.prvCopyDataFromQueue
                0x08001e18       0x4c bin/freertos/queue.o
 .text.prvUnlockQueue
                0x08001e64       0xa4 bin/freertos/queue.o
 .text.prvIsQueueEmpty
                0x08001f08       0x2c bin/freertos/queue.o
 .text.prvIsQueueFull
                0x08001f34       0x30 bin/freertos/queue.o
 .text.prvCreateTask
                0x08001f64       0x78 bin/freertos/tasks.o
 .text.xTaskCreate
                0x08001fdc       0x46 bin/freertos/tasks.o
                0x08001fdc                xTaskCreate
 .text.prvInitialiseNewTask
                0x08002022      0x110 bin/freertos/tasks.o
 *fill*         0x08002132        0x2 
 .text.prvAddNewTaskToReadyList
                0x08002134      0x128 bin/freertos/tasks.o
 .text.xTaskDelayUntil
                0x0800225c      0x104 bin/freertos/tasks.o
                0x0800225c                xTaskDelayUntil
 .text.vTaskDelay
                0x08002360       0x6c bin/freertos/tasks.o
                0x08002360                vTaskDelay
 .text.prvCreateIdleTasks
                0x080023cc       0x94 bin/freertos/tasks.o
 .text.vTaskStartScheduler
                0x08002460       0x7c bin/freertos/tasks.o
                0x08002460                vTaskStartScheduler
 .text.vTaskSuspendAll
                0x080024dc       0x1c bin/freertos/tasks.o
                0x080024dc                vTaskSuspendAll
 .text.xTaskResumeAll
                0x080024f8      0x210 bin/freertos/tasks.o
                0x080024f8                xTaskResumeAll
 .text.xTaskGetTickCount
                0x08002708       0x1c bin/freertos/tasks.o
                0x08002708                xTaskGetTickCount
 .text.xTaskGetTickCountFromISR
                0x08002724       0x24 bin/freertos/tasks.o
                0x08002724                xTaskGetTickCountFromISR
 .text.uxTaskGetNumberOfTasks
                0x08002748       0x14 bin/freertos/tasks.o
                0x08002748                uxTaskGetNumberOfTasks
 .text.xTaskIncrementTick
                0x0800275c      0x234 bin/freertos/tasks.o
                0x0800275c                xTaskIncrementTick
 .text.vTaskSwitchContext
                0x08002990       0xb8 bin/freertos/tasks.o
                0x08002990                vTaskSwitchContext
 .text.vTaskPlaceOnEventList
                0x08002a48       0x4c bin/freertos/tasks.o
                0x08002a48                vTaskPlaceOnEventList
 .text.xTaskRemoveFromEventList
                0x08002a94      0x1b0 bin/freertos/tasks.o
                0x08002a94                xTaskRemoveFromEventList
 .text.vTaskInternalSetTimeOutState
                0x08002c44       0x2c bin/freertos/tasks.o
                0x08002c44                vTaskInternalSetTimeOutState
 .text.xTaskCheckForTimeOut
                0x08002c70       0xd0 bin/freertos/tasks.o
                0x08002c70                xTaskCheckForTimeOut
 .text.vTaskMissedYield
                0x08002d40       0x18 bin/freertos/tasks.o
                0x08002d40                vTaskMissedYield
 .text.prvIdleTask
                0x08002d58       0x30 bin/freertos/tasks.o
 .text.prvInitialiseTaskLists
                0x08002d88       0x80 bin/freertos/tasks.o
 .text.prvCheckTasksWaitingTermination
                0x08002e08       0x5c bin/freertos/tasks.o
 .text.prvDeleteTCB
                0x08002e64       0x20 bin/freertos/tasks.o
 .text.prvResetNextTaskUnblockTime
                0x08002e84       0x34 bin/freertos/tasks.o
 .text.xTaskGetSchedulerState
                0x08002eb8       0x3c bin/freertos/tasks.o
                0x08002eb8                xTaskGetSchedulerState
 .text.xTaskPriorityDisinherit
                0x08002ef4      0x150 bin/freertos/tasks.o
                0x08002ef4                xTaskPriorityDisinherit
 .text.prvAddCurrentTaskToDelayedList
                0x08003044      0x104 bin/freertos/tasks.o
 .text.pxPortInitialiseStack
                0x08003148       0x58 bin/freertos/portable/GCC/ARM_CM3/port.o
                0x08003148                pxPortInitialiseStack
 .text.prvTaskExitError
                0x080031a0       0x58 bin/freertos/portable/GCC/ARM_CM3/port.o
 *fill*         0x080031f8        0x8 
 .text.sv_call_handler
                0x08003200       0x28 bin/freertos/portable/GCC/ARM_CM3/port.o
                0x08003200                sv_call_handler
 .text.prvPortStartFirstTask
                0x08003228       0x24 bin/freertos/portable/GCC/ARM_CM3/port.o
 .text.xPortStartScheduler
                0x0800324c      0x17c bin/freertos/portable/GCC/ARM_CM3/port.o
                0x0800324c                xPortStartScheduler
 .text.vPortEnterCritical
                0x080033c8       0x60 bin/freertos/portable/GCC/ARM_CM3/port.o
                0x080033c8                vPortEnterCritical
 .text.vPortExitCritical
                0x08003428       0x54 bin/freertos/portable/GCC/ARM_CM3/port.o
                0x08003428                vPortExitCritical
 *fill*         0x0800347c        0x4 
 .text.pend_sv_handler
                0x08003480       0x48 bin/freertos/portable/GCC/ARM_CM3/port.o
                0x08003480                pend_sv_handler
 .text.sys_tick_handler
                0x080034c8       0x44 bin/freertos/portable/GCC/ARM_CM3/port.o
                0x080034c8                sys_tick_handler
 .text.vPortSetupTimerInterrupt
                0x0800350c       0x34 bin/freertos/portable/GCC/ARM_CM3/port.o
                0x0800350c                vPortSetupTimerInterrupt
 .text.vPortValidateInterruptPriority
                0x08003540       0x80 bin/freertos/portable/GCC/ARM_CM3/port.o
                0x08003540                vPortValidateInterruptPriority
 .text.pvPortMalloc
                0x080035c0      0x264 bin/freertos/heap_4.o
                0x080035c0                pvPortMalloc
 .text.vPortFree
                0x08003824       0xec bin/freertos/heap_4.o
                0x08003824                vPortFree
 .text.prvHeapInit
                0x08003910       0xb4 bin/freertos/heap_4.o
 .text.prvInsertBlockIntoFreeList
                0x080039c4       0xf4 bin/freertos/heap_4.o
 .text.adc_power_on
                0x08003ab8       0x10 third_party/libopencm3/lib/libopencm3_stm32f1.a(adc.o)
                0x08003ab8                adc_power_on
 .text.adc_start_conversion_direct
                0x08003ac8       0x10 third_party/libopencm3/lib/libopencm3_stm32f1.a(adc.o)
                0x08003ac8                adc_start_conversion_direct
 .text.adc_reset_calibration
                0x08003ad8       0x14 third_party/libopencm3/lib/libopencm3_stm32f1.a(adc.o)
                0x08003ad8                adc_reset_calibration
 .text.adc_calibrate_async
                0x08003aec        0xa third_party/libopencm3/lib/libopencm3_stm32f1.a(adc.o)
                0x08003aec                adc_calibrate_async
 .text.adc_is_calibrating
                0x08003af6        0x8 third_party/libopencm3/lib/libopencm3_stm32f1.a(adc.o)
                0x08003af6                adc_is_calibrating
 .text.adc_calibrate
                0x08003afe       0x14 third_party/libopencm3/lib/libopencm3_stm32f1.a(adc.o)
                0x08003afe                adc_calibrate
 .text.adc_set_sample_time
                0x08003b12       0x34 third_party/libopencm3/lib/libopencm3_stm32f1.a(adc.o)
                0x08003b12                adc_set_sample_time
 .text.adc_power_off
                0x08003b46        0xa third_party/libopencm3/lib/libopencm3_stm32f1.a(adc_common_v1.o)
                0x08003b46                adc_power_off
 .text.adc_disable_scan_mode
                0x08003b50        0xa third_party/libopencm3/lib/libopencm3_stm32f1.a(adc_common_v1.o)
                0x08003b50                adc_disable_scan_mode
 .text.adc_set_right_aligned
                0x08003b5a        0xa third_party/libopencm3/lib/libopencm3_stm32f1.a(adc_common_v1.o)
                0x08003b5a                adc_set_right_aligned
 .text.adc_eoc  0x08003b64        0x8 third_party/libopencm3/lib/libopencm3_stm32f1.a(adc_common_v1.o)
                0x08003b64                adc_eoc
 .text.adc_read_regular
                0x08003b6c        0x4 third_party/libopencm3/lib/libopencm3_stm32f1.a(adc_common_v1.o)
                0x08003b6c                adc_read_regular
 .text.adc_set_single_conversion_mode
                0x08003b70        0xa third_party/libopencm3/lib/libopencm3_stm32f1.a(adc_common_v1.o)
                0x08003b70                adc_set_single_conversion_mode
 .text.adc_set_regular_sequence
                0x08003b7a       0x5c third_party/libopencm3/lib/libopencm3_stm32f1.a(adc_common_v1.o)
                0x08003b7a                adc_set_regular_sequence
 *fill*         0x08003bd6        0x2 
 .text.exti_set_trigger
                0x08003bd8       0x48 third_party/libopencm3/lib/libopencm3_stm32f1.a(exti_common_all.o)
                0x08003bd8                exti_set_trigger
 .text.exti_enable_request
                0x08003c20       0x1c third_party/libopencm3/lib/libopencm3_stm32f1.a(exti_common_all.o)
                0x08003c20                exti_enable_request
 .text.exti_reset_request
                0x08003c3c        0xc third_party/libopencm3/lib/libopencm3_stm32f1.a(exti_common_all.o)
                0x08003c3c                exti_reset_request
 .text.exti_get_flag_status
                0x08003c48       0x10 third_party/libopencm3/lib/libopencm3_stm32f1.a(exti_common_all.o)
                0x08003c48                exti_get_flag_status
 .text.exti_select_source
                0x08003c58       0xa0 third_party/libopencm3/lib/libopencm3_stm32f1.a(exti_common_all.o)
                0x08003c58                exti_select_source
 .text.gpio_set_mode
                0x08003cf8       0x5e third_party/libopencm3/lib/libopencm3_stm32f1.a(gpio.o)
                0x08003cf8                gpio_set_mode
 .text.gpio_set
                0x08003d56        0x4 third_party/libopencm3/lib/libopencm3_stm32f1.a(gpio_common_all.o)
                0x08003d56                gpio_set
 .text.gpio_clear
                0x08003d5a        0x6 third_party/libopencm3/lib/libopencm3_stm32f1.a(gpio_common_all.o)
                0x08003d5a                gpio_clear
 .text.gpio_get
                0x08003d60        0x6 third_party/libopencm3/lib/libopencm3_stm32f1.a(gpio_common_all.o)
                0x08003d60                gpio_get
 .text.gpio_toggle
                0x08003d66       0x12 third_party/libopencm3/lib/libopencm3_stm32f1.a(gpio_common_all.o)
                0x08003d66                gpio_toggle
 .text.rcc_is_osc_ready
                0x08003d78       0x58 third_party/libopencm3/lib/libopencm3_stm32f1.a(rcc.o)
                0x08003d78                rcc_is_osc_ready
 .text.rcc_wait_for_osc_ready
                0x08003dd0       0x10 third_party/libopencm3/lib/libopencm3_stm32f1.a(rcc.o)
                0x08003dd0                rcc_wait_for_osc_ready
 .text.rcc_osc_on
                0x08003de0       0x60 third_party/libopencm3/lib/libopencm3_stm32f1.a(rcc.o)
                0x08003de0                rcc_osc_on
 .text.rcc_set_sysclk_source
                0x08003e40       0x14 third_party/libopencm3/lib/libopencm3_stm32f1.a(rcc.o)
                0x08003e40                rcc_set_sysclk_source
 .text.rcc_set_pll_multiplication_factor
                0x08003e54       0x14 third_party/libopencm3/lib/libopencm3_stm32f1.a(rcc.o)
                0x08003e54                rcc_set_pll_multiplication_factor
 .text.rcc_set_pll2_multiplication_factor
                0x08003e68       0x14 third_party/libopencm3/lib/libopencm3_stm32f1.a(rcc.o)
                0x08003e68                rcc_set_pll2_multiplication_factor
 .text.rcc_set_pll3_multiplication_factor
                0x08003e7c       0x14 third_party/libopencm3/lib/libopencm3_stm32f1.a(rcc.o)
                0x08003e7c                rcc_set_pll3_multiplication_factor
 .text.rcc_set_pll_source
                0x08003e90       0x14 third_party/libopencm3/lib/libopencm3_stm32f1.a(rcc.o)
                0x08003e90                rcc_set_pll_source
 .text.rcc_set_pllxtpre
                0x08003ea4       0x14 third_party/libopencm3/lib/libopencm3_stm32f1.a(rcc.o)
                0x08003ea4                rcc_set_pllxtpre
 .text.rcc_set_adcpre
                0x08003eb8       0x14 third_party/libopencm3/lib/libopencm3_stm32f1.a(rcc.o)
                0x08003eb8                rcc_set_adcpre
 .text.rcc_set_ppre2
                0x08003ecc       0x14 third_party/libopencm3/lib/libopencm3_stm32f1.a(rcc.o)
                0x08003ecc                rcc_set_ppre2
 .text.rcc_set_ppre1
                0x08003ee0       0x14 third_party/libopencm3/lib/libopencm3_stm32f1.a(rcc.o)
                0x08003ee0                rcc_set_ppre1
 .text.rcc_set_hpre
                0x08003ef4       0x14 third_party/libopencm3/lib/libopencm3_stm32f1.a(rcc.o)
                0x08003ef4                rcc_set_hpre
 .text.rcc_set_usbpre
                0x08003f08       0x18 third_party/libopencm3/lib/libopencm3_stm32f1.a(rcc.o)
                0x08003f08                rcc_set_usbpre
 .text.rcc_set_prediv1
                0x08003f20       0x14 third_party/libopencm3/lib/libopencm3_stm32f1.a(rcc.o)
                0x08003f20                rcc_set_prediv1
 .text.rcc_set_prediv2
                0x08003f34       0x14 third_party/libopencm3/lib/libopencm3_stm32f1.a(rcc.o)
                0x08003f34                rcc_set_prediv2
 .text.rcc_set_prediv1_source
                0x08003f48       0x18 third_party/libopencm3/lib/libopencm3_stm32f1.a(rcc.o)
                0x08003f48                rcc_set_prediv1_source
 .text.rcc_clock_setup_pll
                0x08003f60       0xbc third_party/libopencm3/lib/libopencm3_stm32f1.a(rcc.o)
                0x08003f60                rcc_clock_setup_pll
 .text.rcc_get_usart_clk_freq
                0x0800401c       0x1c third_party/libopencm3/lib/libopencm3_stm32f1.a(rcc.o)
                0x0800401c                rcc_get_usart_clk_freq
 .text.rcc_periph_clock_enable
                0x08004038       0x1a third_party/libopencm3/lib/libopencm3_stm32f1.a(rcc_common_all.o)
                0x08004038                rcc_periph_clock_enable
 .text.timer_enable_counter
                0x08004052        0xa third_party/libopencm3/lib/libopencm3_stm32f1.a(timer_common_all.o)
                0x08004052                timer_enable_counter
 .text.timer_disable_counter
                0x0800405c        0xa third_party/libopencm3/lib/libopencm3_stm32f1.a(timer_common_all.o)
                0x0800405c                timer_disable_counter
 .text.timer_set_prescaler
                0x08004066        0x4 third_party/libopencm3/lib/libopencm3_stm32f1.a(timer_common_all.o)
                0x08004066                timer_set_prescaler
 .text.timer_set_period
                0x0800406a        0x4 third_party/libopencm3/lib/libopencm3_stm32f1.a(timer_common_all.o)
                0x0800406a                timer_set_period
 .text.timer_set_oc_mode
                0x0800406e      0x18c third_party/libopencm3/lib/libopencm3_stm32f1.a(timer_common_all.o)
                0x0800406e                timer_set_oc_mode
 .text.timer_enable_oc_output
                0x080041fa       0x4a third_party/libopencm3/lib/libopencm3_stm32f1.a(timer_common_all.o)
                0x080041fa                timer_enable_oc_output
 .text.timer_set_oc_value
                0x08004244       0x20 third_party/libopencm3/lib/libopencm3_stm32f1.a(timer_common_all.o)
                0x08004244                timer_set_oc_value
 .text.usart_set_baudrate
                0x08004264       0x16 third_party/libopencm3/lib/libopencm3_stm32f1.a(usart_common_all.o)
                0x08004264                usart_set_baudrate
 .text.usart_set_databits
                0x0800427a       0x12 third_party/libopencm3/lib/libopencm3_stm32f1.a(usart_common_all.o)
                0x0800427a                usart_set_databits
 .text.usart_set_stopbits
                0x0800428c        0xc third_party/libopencm3/lib/libopencm3_stm32f1.a(usart_common_all.o)
                0x0800428c                usart_set_stopbits
 .text.usart_set_parity
                0x08004298        0xc third_party/libopencm3/lib/libopencm3_stm32f1.a(usart_common_all.o)
                0x08004298                usart_set_parity
 .text.usart_set_mode
                0x080042a4        0xc third_party/libopencm3/lib/libopencm3_stm32f1.a(usart_common_all.o)
                0x080042a4                usart_set_mode
 .text.usart_set_flow_control
                0x080042b0        0xc third_party/libopencm3/lib/libopencm3_stm32f1.a(usart_common_all.o)
                0x080042b0                usart_set_flow_control
 .text.usart_enable
                0x080042bc        0xa third_party/libopencm3/lib/libopencm3_stm32f1.a(usart_common_all.o)
                0x080042bc                usart_enable
 .text.usart_send_blocking
                0x080042c6       0x16 third_party/libopencm3/lib/libopencm3_stm32f1.a(usart_common_all.o)
                0x080042c6                usart_send_blocking
 .text.usart_enable_rx_interrupt
                0x080042dc        0xa third_party/libopencm3/lib/libopencm3_stm32f1.a(usart_common_all.o)
                0x080042dc                usart_enable_rx_interrupt
 .text.usart_send
                0x080042e6        0x8 third_party/libopencm3/lib/libopencm3_stm32f1.a(usart_common_f124.o)
                0x080042e6                usart_send
 .text.usart_recv
                0x080042ee        0x8 third_party/libopencm3/lib/libopencm3_stm32f1.a(usart_common_f124.o)
                0x080042ee                usart_recv
 .text.usart_wait_send_ready
                0x080042f6        0x8 third_party/libopencm3/lib/libopencm3_stm32f1.a(usart_common_f124.o)
                0x080042f6                usart_wait_send_ready
 .text.usart_get_flag
                0x080042fe        0xc third_party/libopencm3/lib/libopencm3_stm32f1.a(usart_common_f124.o)
                0x080042fe                usart_get_flag
 .text.blocking_handler
                0x0800430a        0x2 third_party/libopencm3/lib/libopencm3_stm32f1.a(vector.o)
                0x0800430a                usart3_isr
                0x0800430a                rtc_isr
                0x0800430a                tim7_isr
                0x0800430a                adc1_2_isr
                0x0800430a                tim1_trg_com_isr
                0x0800430a                usb_hp_can_tx_isr
                0x0800430a                tim6_isr
                0x0800430a                usb_wakeup_isr
                0x0800430a                blocking_handler
                0x0800430a                tim5_isr
                0x0800430a                otg_fs_isr
                0x0800430a                spi1_isr
                0x0800430a                exti2_isr
                0x0800430a                dma1_channel6_isr
                0x0800430a                can_rx1_isr
                0x0800430a                dma1_channel5_isr
                0x0800430a                dma2_channel5_isr
                0x0800430a                usage_fault_handler
                0x0800430a                tim8_trg_com_isr
                0x0800430a                can2_rx0_isr
                0x0800430a                tim1_brk_isr
                0x0800430a                can2_rx1_isr
                0x0800430a                tim1_cc_isr
                0x0800430a                sdio_isr
                0x0800430a                eth_isr
                0x0800430a                dma1_channel4_isr
                0x0800430a                tim8_brk_isr
                0x0800430a                dma2_channel4_5_isr
                0x0800430a                pvd_isr
                0x0800430a                rcc_isr
                0x0800430a                flash_isr
                0x0800430a                uart4_isr
                0x0800430a                rtc_alarm_isr
                0x0800430a                hard_fault_handler
                0x0800430a                exti1_isr
                0x0800430a                i2c1_ev_isr
                0x0800430a                dma2_channel1_isr
                0x0800430a                spi2_isr
                0x0800430a                tim8_up_isr
                0x0800430a                dma2_channel2_isr
                0x0800430a                exti3_isr
                0x0800430a                adc3_isr
                0x0800430a                tim3_isr
                0x0800430a                usart2_isr
                0x0800430a                usb_lp_can_rx0_isr
                0x0800430a                i2c2_er_isr
                0x0800430a                i2c2_ev_isr
                0x0800430a                uart5_isr
                0x0800430a                fsmc_isr
                0x0800430a                dma1_channel1_isr
                0x0800430a                exti4_isr
                0x0800430a                mem_manage_handler
                0x0800430a                can2_tx_isr
                0x0800430a                exti9_5_isr
                0x0800430a                dma2_channel3_isr
                0x0800430a                dma1_channel7_isr
                0x0800430a                tim1_up_isr
                0x0800430a                can2_sce_isr
                0x0800430a                tim4_isr
                0x0800430a                dma1_channel2_isr
                0x0800430a                i2c1_er_isr
                0x0800430a                can_sce_isr
                0x0800430a                tim8_cc_isr
                0x0800430a                tamper_isr
                0x0800430a                eth_wkup_isr
                0x0800430a                bus_fault_handler
                0x0800430a                wwdg_isr
                0x0800430a                dma1_channel3_isr
                0x0800430a                spi3_isr
                0x0800430a                tim2_isr
                0x0800430a                exti0_isr
 .text.null_handler
                0x0800430c        0x2 third_party/libopencm3/lib/libopencm3_stm32f1.a(vector.o)
                0x0800430c                null_handler
                0x0800430c                debug_monitor_handler
                0x0800430c                nmi_handler
 *fill*         0x0800430e        0x2 
 .text.reset_handler
                0x08004310       0x94 third_party/libopencm3/lib/libopencm3_stm32f1.a(vector.o)
                0x08004310                reset_handler
 .text.nvic_enable_irq
                0x080043a4       0x18 third_party/libopencm3/lib/libopencm3_stm32f1.a(nvic.o)
                0x080043a4                nvic_enable_irq
 .text.nvic_set_priority
                0x080043bc       0x20 third_party/libopencm3/lib/libopencm3_stm32f1.a(nvic.o)
                0x080043bc                nvic_set_priority
 .text.flash_set_ws
                0x080043dc       0x14 third_party/libopencm3/lib/libopencm3_stm32f1.a(flash_common_all.o)
                0x080043dc                flash_set_ws
 .text          0x080043f0       0x5c /usr/lib/gcc/arm-none-eabi/13.2.1/../../../arm-none-eabi/lib/thumb/v7-m/nofp/libc_nano.a(libc_a-strlen-stub.o)
                0x080043f0                strlen
 .text          0x0800444c       0xa0 /usr/lib/gcc/arm-none-eabi/13.2.1/../../../arm-none-eabi/lib/thumb/v7-m/nofp/libc_nano.a(libc_a-memset.o)
                0x0800444c                memset
 .text          0x080044ec       0xec /usr/lib/gcc/arm-none-eabi/13.2.1/../../../arm-none-eabi/lib/thumb/v7-m/nofp/libc_nano.a(libc_a-memcpy.o)
                0x080044ec                memcpy
 .text          0x080045d8       0x6c /usr/lib/gcc/arm-none-eabi/13.2.1/../../../arm-none-eabi/lib/thumb/v7-m/nofp/libc_nano.a(libc_a-strncpy.o)
                0x080045d8                strncpy
 .text          0x08004644       0x8c /usr/lib/gcc/arm-none-eabi/13.2.1/../../../arm-none-eabi/lib/thumb/v7-m/nofp/libc_nano.a(libc_a-strncmp.o)
                0x08004644                strncmp
 .text          0x080046d0      0x1bc /usr/lib/gcc/arm-none-eabi/13.2.1/../../../arm-none-eabi/lib/thumb/v7-m/nofp/libc_nano.a(libc_a-strcmp.o)
                0x080046d0                strcmp
 .text          0x0800488c      0x10c /usr/lib/gcc/arm-none-eabi/13.2.1/../../../arm-none-eabi/lib/thumb/v7-m/nofp/libc_nano.a(libc_a-snprintf.o)
                0x0800488c                _sniprintf_r
                0x0800488c                _snprintf_r
                0x0800490c                snprintf
                0x0800490c                sniprintf
 .text          0x08004998      0x400 /usr/lib/gcc/arm-none-eabi/13.2.1/../../../arm-none-eabi/lib/thumb/v7-m/nofp/libc_nano.a(libc_a-nano-svfprintf.o)
                0x08004998                __ssputs_r
                0x08004a58                __ssprint_r
                0x08004b68                _svfprintf_r
                0x08004b68                _svfiprintf_r
 .text          0x08004d98      0x14c /usr/lib/gcc/arm-none-eabi/13.2.1/../../../arm-none-eabi/lib/thumb/v7-m/nofp/libc_nano.a(libc_a-mallocr.o)
                0x08004de4                _malloc_r
 .text          0x08004ee4       0xbc /usr/lib/gcc/arm-none-eabi/13.2.1/../../../arm-none-eabi/lib/thumb/v7-m/nofp/libc_nano.a(libc_a-freer.o)
                0x08004ee4                _free_r
 .text          0x08004fa0       0xfc /usr/lib/gcc/arm-none-eabi/13.2.1/../../../arm-none-eabi/lib/thumb/v7-m/nofp/libc_nano.a(libc_a-memmove.o)
                0x08004fa0                memmove
 .text          0x0800509c       0x64 /usr/lib/gcc/arm-none-eabi/13.2.1/../../../arm-none-eabi/lib/thumb/v7-m/nofp/libc_nano.a(libc_a-reallocr.o)
                0x0800509c                _realloc_r
 .text          0x08005100      0x3a8 /usr/lib/gcc/arm-none-eabi/13.2.1/../../../arm-none-eabi/lib/thumb/v7-m/nofp/libc_nano.a(libc_a-nano-vfprintf_i.o)
                0x08005100                _printf_common
                0x08005224                _printf_i
 .text          0x080054a8        0x8 /usr/lib/gcc/arm-none-eabi/13.2.1/../../../arm-none-eabi/lib/thumb/v7-m/nofp/libc_nano.a(libc_a-mlock.o)
                0x080054a8                __malloc_lock
                0x080054ac                __malloc_unlock
 .text          0x080054b0       0x98 /usr/lib/gcc/arm-none-eabi/13.2.1/../../../arm-none-eabi/lib/thumb/v7-m/nofp/libc_nano.a(libc_a-memchr-stub.o)
                0x080054b0                memchr
 .text          0x08005548       0x24 /usr/lib/gcc/arm-none-eabi/13.2.1/../../../arm-none-eabi/lib/thumb/v7-m/nofp/libc_nano.a(libc_a-sbrkr.o)
                0x08005548                _sbrk_r
 .text          0x0800556c       0x10 /usr/lib/gcc/arm-none-eabi/13.2.1/../../../arm-none-eabi/lib/thumb/v7-m/nofp/libc_nano.a(libc_a-msizer.o)
                0x0800556c                _malloc_usable_size_r
 .text          0x0800557c       0x1c /usr/lib/gcc/arm-none-eabi/13.2.1/../../../arm-none-eabi/lib/thumb/v7-m/nofp/libnosys.a(sbrk.o)
                0x0800557c                _sbrk
 *(.rodata*)
 .rodata        0x08005598       0x64 bin/app/tasks.o
 .rodata        0x080055fc       0x36 bin/protocol/protocol.o
 *fill*         0x08005632        0x2 
 .rodata        0x08005634        0x9 bin/protocol/parser.o
 *fill*         0x0800563d        0x3 
 .rodata        0x08005640       0x19 bin/app/app.o
 *fill*         0x08005659        0x3 
 .rodata        0x0800565c        0x9 bin/app/sensors.o
 *fill*         0x08005665        0x3 
 .rodata        0x08005668       0x13 bin/app/actuators.o
 *fill*         0x0800567b        0x1 
 .rodata.uxTopUsedPriority
                0x0800567c        0x4 bin/freertos/tasks.o
 .rodata        0x08005680        0x5 bin/freertos/tasks.o
 *fill*         0x08005685        0x3 
 .rodata.rcc_hse_configs
                0x08005688       0x8c third_party/libopencm3/lib/libopencm3_stm32f1.a(rcc.o)
                0x08005688                rcc_hse_configs
 .rodata.str1.4
                0x08005714       0x39 /usr/lib/gcc/arm-none-eabi/13.2.1/../../../arm-none-eabi/lib/thumb/v7-m/nofp/libc_nano.a(libc_a-nano-svfprintf.o)
                                 0x13 (size before relaxing)
 .rodata.str1.4
                0x0800574d       0x25 /usr/lib/gcc/arm-none-eabi/13.2.1/../../../arm-none-eabi/lib/thumb/v7-m/nofp/libc_nano.a(libc_a-nano-vfprintf_i.o)
 *(.glue_7)
 .glue_7        0x0800574d        0x0 linker stubs
 *(.glue_7t)
 .glue_7t       0x0800574d        0x0 linker stubs
 *(.eh_frame)

.vfp11_veneer   0x08005750        0x0
 .vfp11_veneer  0x08005750        0x0 linker stubs

.v4_bx          0x08005750        0x0
 .v4_bx         0x08005750        0x0 linker stubs

.iplt           0x08005750        0x0
 .iplt          0x08005750        0x0 bin/main.o

.rel.dyn        0x08005750        0x0
 .rel.iplt      0x08005750        0x0 bin/main.o

.data           0x20000000       0x60 load address 0x0800574d
                0x20000000                        _data = .
                0x0800574d                        _data_loadaddr = LOADADDR (.data)
 *(.data*)
 .data.uxCriticalNesting
                0x20000000        0x4 bin/freertos/portable/GCC/ARM_CM3/port.o
 .data.rcc_ahb_frequency
                0x20000004        0x4 third_party/libopencm3/lib/libopencm3_stm32f1.a(rcc.o)
                0x20000004                rcc_ahb_frequency
 .data.rcc_apb2_frequency
                0x20000008        0x4 third_party/libopencm3/lib/libopencm3_stm32f1.a(rcc.o)
                0x20000008                rcc_apb2_frequency
 .data.rcc_apb1_frequency
                0x2000000c        0x4 third_party/libopencm3/lib/libopencm3_stm32f1.a(rcc.o)
                0x2000000c                rcc_apb1_frequency
 .data          0x20000010       0x50 /usr/lib/gcc/arm-none-eabi/13.2.1/../../../arm-none-eabi/lib/thumb/v7-m/nofp/libc_nano.a(libc_a-impure.o)
                0x20000010                _impure_ptr
                0x20000014                _impure_data
                0x20000060                        . = ALIGN (0x4)
                0x20000060                        _edata = .

.igot.plt       0x20000060        0x0 load address 0x080057b0
 .igot.plt      0x20000060        0x0 bin/main.o

.bss            0x20000060     0x2990 load address 0x080057b0
                0x20000060                        _bss = .
 *(.bss*)
 .bss.g_uart_rx_isr_queue
                0x20000060        0x4 bin/app/tasks.o
 .bss.g_parser_input_queue
                0x20000064        0x4 bin/app/tasks.o
 .bss.g_uart_tx_queue
                0x20000068        0x4 bin/app/tasks.o
 .bss.g_actuator_queue
                0x2000006c        0x4 bin/app/tasks.o
 .bss.g_parser_byte_count
                0x20000070        0x4 bin/app/tasks.o
 .bss.g_parser_message_count
                0x20000074        0x4 bin/app/tasks.o
 .bss.g_parser_error_count
                0x20000078        0x4 bin/app/tasks.o
 .bss.g_emergency_active
                0x2000007c        0x1 bin/app/tasks.o
 .bss.g_estop_ack_received
                0x2000007d        0x1 bin/app/tasks.o
 *fill*         0x2000007e        0x2 
 .bss.g_last_estop_tx_tick
                0x20000080        0x4 bin/app/tasks.o
 .bss.g_uart_rx_queue
                0x20000084        0x4 bin/drivers/uart_comm.o
 .bss.g_uart_rx_irq_count
                0x20000088        0x4 bin/drivers/uart_comm.o
 .bss.g_uart_rx_drop_count
                0x2000008c        0x4 bin/drivers/uart_comm.o
 .bss.g_last_adc_value
                0x20000090        0x2 bin/app/sensors.o
 .bss.g_emergency_active
                0x20000092        0x1 bin/app/actuators.o
 .bss.g_red_led_state
                0x20000093        0x1 bin/app/actuators.o
 .bss.g_last_blink_tick
                0x20000094        0x4 bin/app/actuators.o
 .bss.g_button_pressed
                0x20000098        0x1 bin/app/button.o
 .bss.g_button_event_pending
                0x20000099        0x1 bin/app/button.o
 .bss.g_button_event_state
                0x2000009a        0x1 bin/app/button.o
 *fill*         0x2000009b        0x1 
 .bss.g_button_event_count
                0x2000009c        0x4 bin/app/button.o
 .bss.g_button_last_tick
                0x200000a0        0x4 bin/app/button.o
 .bss.pxCurrentTCB
                0x200000a4        0x4 bin/freertos/tasks.o
                0x200000a4                pxCurrentTCB
 .bss.pxReadyTasksLists
                0x200000a8       0x78 bin/freertos/tasks.o
 .bss.xDelayedTaskList1
                0x20000120       0x14 bin/freertos/tasks.o
 .bss.xDelayedTaskList2
                0x20000134       0x14 bin/freertos/tasks.o
 .bss.pxDelayedTaskList
                0x20000148        0x4 bin/freertos/tasks.o
 .bss.pxOverflowDelayedTaskList
                0x2000014c        0x4 bin/freertos/tasks.o
 .bss.xPendingReadyList
                0x20000150       0x14 bin/freertos/tasks.o
 .bss.xTasksWaitingTermination
                0x20000164       0x14 bin/freertos/tasks.o
 .bss.uxDeletedTasksWaitingCleanUp
                0x20000178        0x4 bin/freertos/tasks.o
 .bss.xSuspendedTaskList
                0x2000017c       0x14 bin/freertos/tasks.o
 .bss.uxCurrentNumberOfTasks
                0x20000190        0x4 bin/freertos/tasks.o
 .bss.xTickCount
                0x20000194        0x4 bin/freertos/tasks.o
 .bss.uxTopReadyPriority
                0x20000198        0x4 bin/freertos/tasks.o
 .bss.xSchedulerRunning
                0x2000019c        0x4 bin/freertos/tasks.o
 .bss.xPendedTicks
                0x200001a0        0x4 bin/freertos/tasks.o
 .bss.xYieldPendings
                0x200001a4        0x4 bin/freertos/tasks.o
 .bss.xNumOfOverflows
                0x200001a8        0x4 bin/freertos/tasks.o
 .bss.uxTaskNumber
                0x200001ac        0x4 bin/freertos/tasks.o
 .bss.xNextTaskUnblockTime
                0x200001b0        0x4 bin/freertos/tasks.o
 .bss.xIdleTaskHandles
                0x200001b4        0x4 bin/freertos/tasks.o
 .bss.uxSchedulerSuspended
                0x200001b8        0x4 bin/freertos/tasks.o
 .bss.ucMaxSysCallPriority
                0x200001bc        0x1 bin/freertos/portable/GCC/ARM_CM3/port.o
 *fill*         0x200001bd        0x3 
 .bss.ulMaxPRIGROUPValue
                0x200001c0        0x4 bin/freertos/portable/GCC/ARM_CM3/port.o
 .bss.ucHeap    0x200001c4     0x2800 bin/freertos/heap_4.o
 .bss.xStart    0x200029c4        0x8 bin/freertos/heap_4.o
 .bss.pxEnd     0x200029cc        0x4 bin/freertos/heap_4.o
 .bss.xFreeBytesRemaining
                0x200029d0        0x4 bin/freertos/heap_4.o
 .bss.xMinimumEverFreeBytesRemaining
                0x200029d4        0x4 bin/freertos/heap_4.o
 .bss.xNumberOfSuccessfulAllocations
                0x200029d8        0x4 bin/freertos/heap_4.o
 .bss.xNumberOfSuccessfulFrees
                0x200029dc        0x4 bin/freertos/heap_4.o
 .bss           0x200029e0        0x8 /usr/lib/gcc/arm-none-eabi/13.2.1/../../../arm-none-eabi/lib/thumb/v7-m/nofp/libc_nano.a(libc_a-mallocr.o)
                0x200029e0                __malloc_sbrk_start
                0x200029e4                __malloc_free_list
 .bss           0x200029e8        0x4 /usr/lib/gcc/arm-none-eabi/13.2.1/../../../arm-none-eabi/lib/thumb/v7-m/nofp/libc_nano.a(libc_a-reent.o)
                0x200029e8                errno
 .bss           0x200029ec        0x4 /usr/lib/gcc/arm-none-eabi/13.2.1/../../../arm-none-eabi/lib/thumb/v7-m/nofp/libnosys.a(sbrk.o)
 *(COMMON)
                0x200029f0                        . = ALIGN (0x4)
                0x200029f0                        _ebss = .

.init_array     0x200029f0        0x0
                0x200029f0                        __init_array_start = .
 *(.init_array*)
                0x200029f0                        __init_array_end = .

.fini_array     0x200029f0        0x0
                0x200029f0                        __fini_array_start = .
 *(.fini_array*)
                0x200029f0                        __fini_array_end = .

.preinit_array  0x200029f0        0x0
                0x200029f0                        __preinit_array_start = .
 *(.preinit_array*)
                0x200029f0                        __preinit_array_end = .
                0x0800574d                        _etext = (LOADADDR (.text) + SIZEOF (.text))

/DISCARD/
 *(.ARM.exidx*)
                0x200029f0                        PROVIDE (end = _ebss)
OUTPUT(bin/main.elf elf32-littlearm)
LOAD linker stubs

.debug_info     0x00000000    0x12ef4
 .debug_info    0x00000000      0x228 bin/main.o
 .debug_info    0x00000228      0x23b bin/platform/system_init.o
 .debug_info    0x00000463      0x970 bin/app/tasks.o
 .debug_info    0x00000dd3      0x580 bin/drivers/uart_comm.o
 .debug_info    0x00001353      0x438 bin/protocol/protocol.o
 .debug_info    0x0000178b      0x498 bin/protocol/parser.o
 .debug_info    0x00001c23      0x292 bin/app/app.o
 .debug_info    0x00001eb5      0x4f6 bin/app/sensors.o
 .debug_info    0x000023ab      0x5f0 bin/app/actuators.o
 .debug_info    0x0000299b      0x4e6 bin/app/button.o
 .debug_info    0x00002e81      0x29a bin/freertos/list.o
 .debug_info    0x0000311b     0x168e bin/freertos/queue.o
 .debug_info    0x000047a9     0x22bc bin/freertos/tasks.o
 .debug_info    0x00006a65      0x503 bin/freertos/portable/GCC/ARM_CM3/port.o
 .debug_info    0x00006f68      0x5bb bin/freertos/heap_4.o
 .debug_info    0x00007523      0x37d third_party/libopencm3/lib/libopencm3_stm32f1.a(adc.o)
 .debug_info    0x000078a0      0x831 third_party/libopencm3/lib/libopencm3_stm32f1.a(adc_common_v1.o)
 .debug_info    0x000080d1      0x208 third_party/libopencm3/lib/libopencm3_stm32f1.a(exti_common_all.o)
 .debug_info    0x000082d9      0x1d1 third_party/libopencm3/lib/libopencm3_stm32f1.a(gpio.o)
 .debug_info    0x000084aa      0x23a third_party/libopencm3/lib/libopencm3_stm32f1.a(gpio_common_all.o)
 .debug_info    0x000086e4     0x14b6 third_party/libopencm3/lib/libopencm3_stm32f1.a(rcc.o)
 .debug_info    0x00009b9a      0x5e6 third_party/libopencm3/lib/libopencm3_stm32f1.a(rcc_common_all.o)
 .debug_info    0x0000a180      0xfea third_party/libopencm3/lib/libopencm3_stm32f1.a(timer_common_all.o)
 .debug_info    0x0000b16a      0x649 third_party/libopencm3/lib/libopencm3_stm32f1.a(usart_common_all.o)
 .debug_info    0x0000b7b3      0x176 third_party/libopencm3/lib/libopencm3_stm32f1.a(usart_common_f124.o)
 .debug_info    0x0000b929      0x2b8 third_party/libopencm3/lib/libopencm3_stm32f1.a(vector.o)
 .debug_info    0x0000bbe1      0x212 third_party/libopencm3/lib/libopencm3_stm32f1.a(nvic.o)
 .debug_info    0x0000bdf3       0xe5 third_party/libopencm3/lib/libopencm3_stm32f1.a(flash_common_all.o)
 .debug_info    0x0000bed8       0xbd /usr/lib/gcc/arm-none-eabi/13.2.1/../../../arm-none-eabi/lib/thumb/v7-m/nofp/libc_nano.a(libc_a-strlen-stub.o)
 .debug_info    0x0000bf95      0x135 /usr/lib/gcc/arm-none-eabi/13.2.1/../../../arm-none-eabi/lib/thumb/v7-m/nofp/libc_nano.a(libc_a-memset.o)
 .debug_info    0x0000c0ca       0x33 /usr/lib/gcc/arm-none-eabi/13.2.1/../../../arm-none-eabi/lib/thumb/v7-m/nofp/libc_nano.a(libc_a-memcpy.o)
 .debug_info    0x0000c0fd      0x14a /usr/lib/gcc/arm-none-eabi/13.2.1/../../../arm-none-eabi/lib/thumb/v7-m/nofp/libc_nano.a(libc_a-strncpy.o)
 .debug_info    0x0000c247      0x108 /usr/lib/gcc/arm-none-eabi/13.2.1/../../../arm-none-eabi/lib/thumb/v7-m/nofp/libc_nano.a(libc_a-strncmp.o)
 .debug_info    0x0000c34f       0x33 /usr/lib/gcc/arm-none-eabi/13.2.1/../../../arm-none-eabi/lib/thumb/v7-m/nofp/libc_nano.a(libc_a-strcmp.o)
 .debug_info    0x0000c382      0x8ff /usr/lib/gcc/arm-none-eabi/13.2.1/../../../arm-none-eabi/lib/thumb/v7-m/nofp/libc_nano.a(libc_a-snprintf.o)
 .debug_info    0x0000cc81      0x70b /usr/lib/gcc/arm-none-eabi/13.2.1/../../../arm-none-eabi/lib/thumb/v7-m/nofp/libc_nano.a(libc_a-impure.o)
 .debug_info    0x0000d38c     0x1094 /usr/lib/gcc/arm-none-eabi/13.2.1/../../../arm-none-eabi/lib/thumb/v7-m/nofp/libc_nano.a(libc_a-nano-svfprintf.o)
 .debug_info    0x0000e420      0x9b6 /usr/lib/gcc/arm-none-eabi/13.2.1/../../../arm-none-eabi/lib/thumb/v7-m/nofp/libc_nano.a(libc_a-mallocr.o)
 .debug_info    0x0000edd6      0x87f /usr/lib/gcc/arm-none-eabi/13.2.1/../../../arm-none-eabi/lib/thumb/v7-m/nofp/libc_nano.a(libc_a-freer.o)
 .debug_info    0x0000f655      0x148 /usr/lib/gcc/arm-none-eabi/13.2.1/../../../arm-none-eabi/lib/thumb/v7-m/nofp/libc_nano.a(libc_a-memmove.o)
 .debug_info    0x0000f79d      0x8cd /usr/lib/gcc/arm-none-eabi/13.2.1/../../../arm-none-eabi/lib/thumb/v7-m/nofp/libc_nano.a(libc_a-reallocr.o)
 .debug_info    0x0001006a      0xdd7 /usr/lib/gcc/arm-none-eabi/13.2.1/../../../arm-none-eabi/lib/thumb/v7-m/nofp/libc_nano.a(libc_a-nano-vfprintf_i.o)
 .debug_info    0x00010e41      0x71c /usr/lib/gcc/arm-none-eabi/13.2.1/../../../arm-none-eabi/lib/thumb/v7-m/nofp/libc_nano.a(libc_a-mlock.o)
 .debug_info    0x0001155d      0x14a /usr/lib/gcc/arm-none-eabi/13.2.1/../../../arm-none-eabi/lib/thumb/v7-m/nofp/libc_nano.a(libc_a-memchr-stub.o)
 .debug_info    0x000116a7      0x778 /usr/lib/gcc/arm-none-eabi/13.2.1/../../../arm-none-eabi/lib/thumb/v7-m/nofp/libc_nano.a(libc_a-sbrkr.o)
 .debug_info    0x00011e1f      0x78a /usr/lib/gcc/arm-none-eabi/13.2.1/../../../arm-none-eabi/lib/thumb/v7-m/nofp/libc_nano.a(libc_a-msizer.o)
 .debug_info    0x000125a9      0x89f /usr/lib/gcc/arm-none-eabi/13.2.1/../../../arm-none-eabi/lib/thumb/v7-m/nofp/libc_nano.a(libc_a-reent.o)
 .debug_info    0x00012e48       0xac /usr/lib/gcc/arm-none-eabi/13.2.1/../../../arm-none-eabi/lib/thumb/v7-m/nofp/libnosys.a(sbrk.o)

.debug_abbrev   0x00000000     0x4799
 .debug_abbrev  0x00000000       0xfb bin/main.o
 .debug_abbrev  0x000000fb       0x7d bin/platform/system_init.o
 .debug_abbrev  0x00000178      0x27b bin/app/tasks.o
 .debug_abbrev  0x000003f3      0x18b bin/drivers/uart_comm.o
 .debug_abbrev  0x0000057e      0x175 bin/protocol/protocol.o
 .debug_abbrev  0x000006f3      0x1b9 bin/protocol/parser.o
 .debug_abbrev  0x000008ac      0x148 bin/app/app.o
 .debug_abbrev  0x000009f4      0x14c bin/app/sensors.o
 .debug_abbrev  0x00000b40      0x1a7 bin/app/actuators.o
 .debug_abbrev  0x00000ce7      0x1a6 bin/app/button.o
 .debug_abbrev  0x00000e8d       0xec bin/freertos/list.o
 .debug_abbrev  0x00000f79      0x320 bin/freertos/queue.o
 .debug_abbrev  0x00001299      0x379 bin/freertos/tasks.o
 .debug_abbrev  0x00001612      0x253 bin/freertos/portable/GCC/ARM_CM3/port.o
 .debug_abbrev  0x00001865      0x258 bin/freertos/heap_4.o
 .debug_abbrev  0x00001abd      0x196 third_party/libopencm3/lib/libopencm3_stm32f1.a(adc.o)
 .debug_abbrev  0x00001c53      0x1ac third_party/libopencm3/lib/libopencm3_stm32f1.a(adc_common_v1.o)
 .debug_abbrev  0x00001dff      0x104 third_party/libopencm3/lib/libopencm3_stm32f1.a(exti_common_all.o)
 .debug_abbrev  0x00001f03       0xd3 third_party/libopencm3/lib/libopencm3_stm32f1.a(gpio.o)
 .debug_abbrev  0x00001fd6      0x117 third_party/libopencm3/lib/libopencm3_stm32f1.a(gpio_common_all.o)
 .debug_abbrev  0x000020ed      0x2bf third_party/libopencm3/lib/libopencm3_stm32f1.a(rcc.o)
 .debug_abbrev  0x000023ac      0x186 third_party/libopencm3/lib/libopencm3_stm32f1.a(rcc_common_all.o)
 .debug_abbrev  0x00002532      0x1ad third_party/libopencm3/lib/libopencm3_stm32f1.a(timer_common_all.o)
 .debug_abbrev  0x000026df      0x1ab third_party/libopencm3/lib/libopencm3_stm32f1.a(usart_common_all.o)
 .debug_abbrev  0x0000288a       0xb8 third_party/libopencm3/lib/libopencm3_stm32f1.a(usart_common_f124.o)
 .debug_abbrev  0x00002942      0x149 third_party/libopencm3/lib/libopencm3_stm32f1.a(vector.o)
 .debug_abbrev  0x00002a8b       0xb7 third_party/libopencm3/lib/libopencm3_stm32f1.a(nvic.o)
 .debug_abbrev  0x00002b42       0x96 third_party/libopencm3/lib/libopencm3_stm32f1.a(flash_common_all.o)
 .debug_abbrev  0x00002bd8       0x78 /usr/lib/gcc/arm-none-eabi/13.2.1/../../../arm-none-eabi/lib/thumb/v7-m/nofp/libc_nano.a(libc_a-strlen-stub.o)
 .debug_abbrev  0x00002c50       0xb7 /usr/lib/gcc/arm-none-eabi/13.2.1/../../../arm-none-eabi/lib/thumb/v7-m/nofp/libc_nano.a(libc_a-memset.o)
 .debug_abbrev  0x00002d07       0x28 /usr/lib/gcc/arm-none-eabi/13.2.1/../../../arm-none-eabi/lib/thumb/v7-m/nofp/libc_nano.a(libc_a-memcpy.o)
 .debug_abbrev  0x00002d2f       0xbe /usr/lib/gcc/arm-none-eabi/13.2.1/../../../arm-none-eabi/lib/thumb/v7-m/nofp/libc_nano.a(libc_a-strncpy.o)
 .debug_abbrev  0x00002ded       0x92 /usr/lib/gcc/arm-none-eabi/13.2.1/../../../arm-none-eabi/lib/thumb/v7-m/nofp/libc_nano.a(libc_a-strncmp.o)
 .debug_abbrev  0x00002e7f       0x28 /usr/lib/gcc/arm-none-eabi/13.2.1/../../../arm-none-eabi/lib/thumb/v7-m/nofp/libc_nano.a(libc_a-strcmp.o)
 .debug_abbrev  0x00002ea7      0x23c /usr/lib/gcc/arm-none-eabi/13.2.1/../../../arm-none-eabi/lib/thumb/v7-m/nofp/libc_nano.a(libc_a-snprintf.o)
 .debug_abbrev  0x000030e3      0x149 /usr/lib/gcc/arm-none-eabi/13.2.1/../../../arm-none-eabi/lib/thumb/v7-m/nofp/libc_nano.a(libc_a-impure.o)
 .debug_abbrev  0x0000322c      0x32f /usr/lib/gcc/arm-none-eabi/13.2.1/../../../arm-none-eabi/lib/thumb/v7-m/nofp/libc_nano.a(libc_a-nano-svfprintf.o)
 .debug_abbrev  0x0000355b      0x24a /usr/lib/gcc/arm-none-eabi/13.2.1/../../../arm-none-eabi/lib/thumb/v7-m/nofp/libc_nano.a(libc_a-mallocr.o)
 .debug_abbrev  0x000037a5      0x249 /usr/lib/gcc/arm-none-eabi/13.2.1/../../../arm-none-eabi/lib/thumb/v7-m/nofp/libc_nano.a(libc_a-freer.o)
 .debug_abbrev  0x000039ee       0xc3 /usr/lib/gcc/arm-none-eabi/13.2.1/../../../arm-none-eabi/lib/thumb/v7-m/nofp/libc_nano.a(libc_a-memmove.o)
 .debug_abbrev  0x00003ab1      0x20c /usr/lib/gcc/arm-none-eabi/13.2.1/../../../arm-none-eabi/lib/thumb/v7-m/nofp/libc_nano.a(libc_a-reallocr.o)
 .debug_abbrev  0x00003cbd      0x284 /usr/lib/gcc/arm-none-eabi/13.2.1/../../../arm-none-eabi/lib/thumb/v7-m/nofp/libc_nano.a(libc_a-nano-vfprintf_i.o)
 .debug_abbrev  0x00003f41      0x192 /usr/lib/gcc/arm-none-eabi/13.2.1/../../../arm-none-eabi/lib/thumb/v7-m/nofp/libc_nano.a(libc_a-mlock.o)
 .debug_abbrev  0x000040d3       0xc7 /usr/lib/gcc/arm-none-eabi/13.2.1/../../../arm-none-eabi/lib/thumb/v7-m/nofp/libc_nano.a(libc_a-memchr-stub.o)
 .debug_abbrev  0x0000419a      0x1da /usr/lib/gcc/arm-none-eabi/13.2.1/../../../arm-none-eabi/lib/thumb/v7-m/nofp/libc_nano.a(libc_a-sbrkr.o)
 .debug_abbrev  0x00004374      0x196 /usr/lib/gcc/arm-none-eabi/13.2.1/../../../arm-none-eabi/lib/thumb/v7-m/nofp/libc_nano.a(libc_a-msizer.o)
 .debug_abbrev  0x0000450a      0x1ee /usr/lib/gcc/arm-none-eabi/13.2.1/../../../arm-none-eabi/lib/thumb/v7-m/nofp/libc_nano.a(libc_a-reent.o)
 .debug_abbrev  0x000046f8       0xa1 /usr/lib/gcc/arm-none-eabi/13.2.1/../../../arm-none-eabi/lib/thumb/v7-m/nofp/libnosys.a(sbrk.o)

.debug_aranges  0x00000000     0x1250
 .debug_aranges
                0x00000000       0x20 bin/main.o
 .debug_aranges
                0x00000020       0x20 bin/platform/system_init.o
 .debug_aranges
                0x00000040       0x70 bin/app/tasks.o
 .debug_aranges
                0x000000b0       0x48 bin/drivers/uart_comm.o
 .debug_aranges
                0x000000f8       0x48 bin/protocol/protocol.o
 .debug_aranges
                0x00000140       0x48 bin/protocol/parser.o
 .debug_aranges
                0x00000188       0x38 bin/app/app.o
 .debug_aranges
                0x000001c0       0x38 bin/app/sensors.o
 .debug_aranges
                0x000001f8       0x68 bin/app/actuators.o
 .debug_aranges
                0x00000260       0x40 bin/app/button.o
 .debug_aranges
                0x000002a0       0x40 bin/freertos/list.o
 .debug_aranges
                0x000002e0      0x110 bin/freertos/queue.o
 .debug_aranges
                0x000003f0      0x1e8 bin/freertos/tasks.o
 .debug_aranges
                0x000005d8       0x78 bin/freertos/portable/GCC/ARM_CM3/port.o
 .debug_aranges
                0x00000650       0x68 bin/freertos/heap_4.o
 .debug_aranges
                0x000006b8       0x98 third_party/libopencm3/lib/libopencm3_stm32f1.a(adc.o)
 .debug_aranges
                0x00000750      0x158 third_party/libopencm3/lib/libopencm3_stm32f1.a(adc_common_v1.o)
 .debug_aranges
                0x000008a8       0x48 third_party/libopencm3/lib/libopencm3_stm32f1.a(exti_common_all.o)
 .debug_aranges
                0x000008f0       0x38 third_party/libopencm3/lib/libopencm3_stm32f1.a(gpio.o)
 .debug_aranges
                0x00000928       0x50 third_party/libopencm3/lib/libopencm3_stm32f1.a(gpio_common_all.o)
 .debug_aranges
                0x00000978      0x170 third_party/libopencm3/lib/libopencm3_stm32f1.a(rcc.o)
 .debug_aranges
                0x00000ae8       0x80 third_party/libopencm3/lib/libopencm3_stm32f1.a(rcc_common_all.o)
 .debug_aranges
                0x00000b68      0x278 third_party/libopencm3/lib/libopencm3_stm32f1.a(timer_common_all.o)
 .debug_aranges
                0x00000de0       0xf0 third_party/libopencm3/lib/libopencm3_stm32f1.a(usart_common_all.o)
 .debug_aranges
                0x00000ed0       0x40 third_party/libopencm3/lib/libopencm3_stm32f1.a(usart_common_f124.o)
 .debug_aranges
                0x00000f10       0x30 third_party/libopencm3/lib/libopencm3_stm32f1.a(vector.o)
 .debug_aranges
                0x00000f40       0x60 third_party/libopencm3/lib/libopencm3_stm32f1.a(nvic.o)
 .debug_aranges
                0x00000fa0       0x38 third_party/libopencm3/lib/libopencm3_stm32f1.a(flash_common_all.o)
 .debug_aranges
                0x00000fd8       0x20 /usr/lib/gcc/arm-none-eabi/13.2.1/../../../arm-none-eabi/lib/thumb/v7-m/nofp/libc_nano.a(libc_a-strlen-stub.o)
 .debug_aranges
                0x00000ff8       0x20 /usr/lib/gcc/arm-none-eabi/13.2.1/../../../arm-none-eabi/lib/thumb/v7-m/nofp/libc_nano.a(libc_a-memset.o)
 .debug_aranges
                0x00001018       0x20 /usr/lib/gcc/arm-none-eabi/13.2.1/../../../arm-none-eabi/lib/thumb/v7-m/nofp/libc_nano.a(libc_a-memcpy.o)
 .debug_aranges
                0x00001038       0x20 /usr/lib/gcc/arm-none-eabi/13.2.1/../../../arm-none-eabi/lib/thumb/v7-m/nofp/libc_nano.a(libc_a-strncpy.o)
 .debug_aranges
                0x00001058       0x20 /usr/lib/gcc/arm-none-eabi/13.2.1/../../../arm-none-eabi/lib/thumb/v7-m/nofp/libc_nano.a(libc_a-strncmp.o)
 .debug_aranges
                0x00001078       0x20 /usr/lib/gcc/arm-none-eabi/13.2.1/../../../arm-none-eabi/lib/thumb/v7-m/nofp/libc_nano.a(libc_a-strcmp.o)
 .debug_aranges
                0x00001098       0x20 /usr/lib/gcc/arm-none-eabi/13.2.1/../../../arm-none-eabi/lib/thumb/v7-m/nofp/libc_nano.a(libc_a-snprintf.o)
 .debug_aranges
                0x000010b8       0x18 /usr/lib/gcc/arm-none-eabi/13.2.1/../../../arm-none-eabi/lib/thumb/v7-m/nofp/libc_nano.a(libc_a-impure.o)
 .debug_aranges
                0x000010d0       0x20 /usr/lib/gcc/arm-none-eabi/13.2.1/../../../arm-none-eabi/lib/thumb/v7-m/nofp/libc_nano.a(libc_a-nano-svfprintf.o)
 .debug_aranges
                0x000010f0       0x20 /usr/lib/gcc/arm-none-eabi/13.2.1/../../../arm-none-eabi/lib/thumb/v7-m/nofp/libc_nano.a(libc_a-mallocr.o)
 .debug_aranges
                0x00001110       0x20 /usr/lib/gcc/arm-none-eabi/13.2.1/../../../arm-none-eabi/lib/thumb/v7-m/nofp/libc_nano.a(libc_a-freer.o)
 .debug_aranges
                0x00001130       0x20 /usr/lib/gcc/arm-none-eabi/13.2.1/../../../arm-none-eabi/lib/thumb/v7-m/nofp/libc_nano.a(libc_a-memmove.o)
 .debug_aranges
                0x00001150       0x20 /usr/lib/gcc/arm-none-eabi/13.2.1/../../../arm-none-eabi/lib/thumb/v7-m/nofp/libc_nano.a(libc_a-reallocr.o)
 .debug_aranges
                0x00001170       0x20 /usr/lib/gcc/arm-none-eabi/13.2.1/../../../arm-none-eabi/lib/thumb/v7-m/nofp/libc_nano.a(libc_a-nano-vfprintf_i.o)
 .debug_aranges
                0x00001190       0x20 /usr/lib/gcc/arm-none-eabi/13.2.1/../../../arm-none-eabi/lib/thumb/v7-m/nofp/libc_nano.a(libc_a-mlock.o)
 .debug_aranges
                0x000011b0       0x20 /usr/lib/gcc/arm-none-eabi/13.2.1/../../../arm-none-eabi/lib/thumb/v7-m/nofp/libc_nano.a(libc_a-memchr-stub.o)
 .debug_aranges
                0x000011d0       0x20 /usr/lib/gcc/arm-none-eabi/13.2.1/../../../arm-none-eabi/lib/thumb/v7-m/nofp/libc_nano.a(libc_a-sbrkr.o)
 .debug_aranges
                0x000011f0       0x20 /usr/lib/gcc/arm-none-eabi/13.2.1/../../../arm-none-eabi/lib/thumb/v7-m/nofp/libc_nano.a(libc_a-msizer.o)
 .debug_aranges
                0x00001210       0x20 /usr/lib/gcc/arm-none-eabi/13.2.1/../../../arm-none-eabi/lib/thumb/v7-m/nofp/libc_nano.a(libc_a-reent.o)
 .debug_aranges
                0x00001230       0x20 /usr/lib/gcc/arm-none-eabi/13.2.1/../../../arm-none-eabi/lib/thumb/v7-m/nofp/libnosys.a(sbrk.o)

.debug_rnglists
                0x00000000      0xcf0
 .debug_rnglists
                0x00000000       0x13 bin/main.o
 .debug_rnglists
                0x00000013       0x13 bin/platform/system_init.o
 .debug_rnglists
                0x00000026       0x53 bin/app/tasks.o
 .debug_rnglists
                0x00000079       0x33 bin/drivers/uart_comm.o
 .debug_rnglists
                0x000000ac       0x33 bin/protocol/protocol.o
 .debug_rnglists
                0x000000df       0x33 bin/protocol/parser.o
 .debug_rnglists
                0x00000112       0x25 bin/app/app.o
 .debug_rnglists
                0x00000137       0x25 bin/app/sensors.o
 .debug_rnglists
                0x0000015c       0x4b bin/app/actuators.o
 .debug_rnglists
                0x000001a7       0x2c bin/app/button.o
 .debug_rnglists
                0x000001d3       0x2b bin/freertos/list.o
 .debug_rnglists
                0x000001fe       0xd4 bin/freertos/queue.o
 .debug_rnglists
                0x000002d2      0x194 bin/freertos/tasks.o
 .debug_rnglists
                0x00000466       0x57 bin/freertos/portable/GCC/ARM_CM3/port.o
 .debug_rnglists
                0x000004bd       0x4e bin/freertos/heap_4.o
 .debug_rnglists
                0x0000050b       0x6d third_party/libopencm3/lib/libopencm3_stm32f1.a(adc.o)
 .debug_rnglists
                0x00000578       0xfd third_party/libopencm3/lib/libopencm3_stm32f1.a(adc_common_v1.o)
 .debug_rnglists
                0x00000675       0x3f third_party/libopencm3/lib/libopencm3_stm32f1.a(exti_common_all.o)
 .debug_rnglists
                0x000006b4       0x25 third_party/libopencm3/lib/libopencm3_stm32f1.a(gpio.o)
 .debug_rnglists
                0x000006d9       0x37 third_party/libopencm3/lib/libopencm3_stm32f1.a(gpio_common_all.o)
 .debug_rnglists
                0x00000710      0x160 third_party/libopencm3/lib/libopencm3_stm32f1.a(rcc.o)
 .debug_rnglists
                0x00000870       0x5b third_party/libopencm3/lib/libopencm3_stm32f1.a(rcc_common_all.o)
 .debug_rnglists
                0x000008cb      0x1d6 third_party/libopencm3/lib/libopencm3_stm32f1.a(timer_common_all.o)
 .debug_rnglists
                0x00000aa1       0xaf third_party/libopencm3/lib/libopencm3_stm32f1.a(usart_common_all.o)
 .debug_rnglists
                0x00000b50       0x2b third_party/libopencm3/lib/libopencm3_stm32f1.a(usart_common_f124.o)
 .debug_rnglists
                0x00000b7b       0x20 third_party/libopencm3/lib/libopencm3_stm32f1.a(vector.o)
 .debug_rnglists
                0x00000b9b       0x43 third_party/libopencm3/lib/libopencm3_stm32f1.a(nvic.o)
 .debug_rnglists
                0x00000bde       0x25 third_party/libopencm3/lib/libopencm3_stm32f1.a(flash_common_all.o)
 .debug_rnglists
                0x00000c03       0x13 /usr/lib/gcc/arm-none-eabi/13.2.1/../../../arm-none-eabi/lib/thumb/v7-m/nofp/libc_nano.a(libc_a-strlen-stub.o)
 .debug_rnglists
                0x00000c16       0x42 /usr/lib/gcc/arm-none-eabi/13.2.1/../../../arm-none-eabi/lib/thumb/v7-m/nofp/libc_nano.a(libc_a-nano-svfprintf.o)
 .debug_rnglists
                0x00000c58       0x1f /usr/lib/gcc/arm-none-eabi/13.2.1/../../../arm-none-eabi/lib/thumb/v7-m/nofp/libc_nano.a(libc_a-mallocr.o)
 .debug_rnglists
                0x00000c77       0x13 /usr/lib/gcc/arm-none-eabi/13.2.1/../../../arm-none-eabi/lib/thumb/v7-m/nofp/libc_nano.a(libc_a-freer.o)
 .debug_rnglists
                0x00000c8a       0x66 /usr/lib/gcc/arm-none-eabi/13.2.1/../../../arm-none-eabi/lib/thumb/v7-m/nofp/libc_nano.a(libc_a-nano-vfprintf_i.o)

.debug_line     0x00000000     0xbb95
 .debug_line    0x00000000      0x119 bin/main.o
 .debug_line    0x00000119       0xd3 bin/platform/system_init.o
 .debug_line    0x000001ec      0x43a bin/app/tasks.o
 .debug_line    0x00000626      0x2dd bin/drivers/uart_comm.o
 .debug_line    0x00000903      0x284 bin/protocol/protocol.o
 .debug_line    0x00000b87      0x2e8 bin/protocol/parser.o
 .debug_line    0x00000e6f      0x146 bin/app/app.o
 .debug_line    0x00000fb5      0x201 bin/app/sensors.o
 .debug_line    0x000011b6      0x349 bin/app/actuators.o
 .debug_line    0x000014ff      0x28d bin/app/button.o
 .debug_line    0x0000178c      0x20d bin/freertos/list.o
 .debug_line    0x00001999      0xfd3 bin/freertos/queue.o
 .debug_line    0x0000296c     0x16cb bin/freertos/tasks.o
 .debug_line    0x00004037      0x3eb bin/freertos/portable/GCC/ARM_CM3/port.o
 .debug_line    0x00004422      0x583 bin/freertos/heap_4.o
 .debug_line    0x000049a5      0x463 third_party/libopencm3/lib/libopencm3_stm32f1.a(adc.o)
 .debug_line    0x00004e08      0x76e third_party/libopencm3/lib/libopencm3_stm32f1.a(adc_common_v1.o)
 .debug_line    0x00005576      0x30c third_party/libopencm3/lib/libopencm3_stm32f1.a(exti_common_all.o)
 .debug_line    0x00005882      0x293 third_party/libopencm3/lib/libopencm3_stm32f1.a(gpio.o)
 .debug_line    0x00005b15      0x27b third_party/libopencm3/lib/libopencm3_stm32f1.a(gpio_common_all.o)
 .debug_line    0x00005d90      0xc28 third_party/libopencm3/lib/libopencm3_stm32f1.a(rcc.o)
 .debug_line    0x000069b8      0x322 third_party/libopencm3/lib/libopencm3_stm32f1.a(rcc_common_all.o)
 .debug_line    0x00006cda      0xf61 third_party/libopencm3/lib/libopencm3_stm32f1.a(timer_common_all.o)
 .debug_line    0x00007c3b      0x545 third_party/libopencm3/lib/libopencm3_stm32f1.a(usart_common_all.o)
 .debug_line    0x00008180      0x262 third_party/libopencm3/lib/libopencm3_stm32f1.a(usart_common_f124.o)
 .debug_line    0x000083e2      0x2ad third_party/libopencm3/lib/libopencm3_stm32f1.a(vector.o)
 .debug_line    0x0000868f      0x2a3 third_party/libopencm3/lib/libopencm3_stm32f1.a(nvic.o)
 .debug_line    0x00008932      0x22c third_party/libopencm3/lib/libopencm3_stm32f1.a(flash_common_all.o)
 .debug_line    0x00008b5e       0xf4 /usr/lib/gcc/arm-none-eabi/13.2.1/../../../arm-none-eabi/lib/thumb/v7-m/nofp/libc_nano.a(libc_a-strlen-stub.o)
 .debug_line    0x00008c52      0x1b1 /usr/lib/gcc/arm-none-eabi/13.2.1/../../../arm-none-eabi/lib/thumb/v7-m/nofp/libc_nano.a(libc_a-memset.o)
 .debug_line    0x00008e03       0xbd /usr/lib/gcc/arm-none-eabi/13.2.1/../../../arm-none-eabi/lib/thumb/v7-m/nofp/libc_nano.a(libc_a-memcpy.o)
 .debug_line    0x00008ec0      0x184 /usr/lib/gcc/arm-none-eabi/13.2.1/../../../arm-none-eabi/lib/thumb/v7-m/nofp/libc_nano.a(libc_a-strncpy.o)
 .debug_line    0x00009044      0x1ea /usr/lib/gcc/arm-none-eabi/13.2.1/../../../arm-none-eabi/lib/thumb/v7-m/nofp/libc_nano.a(libc_a-strncmp.o)
 .debug_line    0x0000922e       0xdd /usr/lib/gcc/arm-none-eabi/13.2.1/../../../arm-none-eabi/lib/thumb/v7-m/nofp/libc_nano.a(libc_a-strcmp.o)
 .debug_line    0x0000930b      0x356 /usr/lib/gcc/arm-none-eabi/13.2.1/../../../arm-none-eabi/lib/thumb/v7-m/nofp/libc_nano.a(libc_a-snprintf.o)
 .debug_line    0x00009661       0xe7 /usr/lib/gcc/arm-none-eabi/13.2.1/../../../arm-none-eabi/lib/thumb/v7-m/nofp/libc_nano.a(libc_a-impure.o)
 .debug_line    0x00009748      0x862 /usr/lib/gcc/arm-none-eabi/13.2.1/../../../arm-none-eabi/lib/thumb/v7-m/nofp/libc_nano.a(libc_a-nano-svfprintf.o)
 .debug_line    0x00009faa      0x45c /usr/lib/gcc/arm-none-eabi/13.2.1/../../../arm-none-eabi/lib/thumb/v7-m/nofp/libc_nano.a(libc_a-mallocr.o)
 .debug_line    0x0000a406      0x2c8 /usr/lib/gcc/arm-none-eabi/13.2.1/../../../arm-none-eabi/lib/thumb/v7-m/nofp/libc_nano.a(libc_a-freer.o)
 .debug_line    0x0000a6ce      0x20d /usr/lib/gcc/arm-none-eabi/13.2.1/../../../arm-none-eabi/lib/thumb/v7-m/nofp/libc_nano.a(libc_a-memmove.o)
 .debug_line    0x0000a8db      0x1fa /usr/lib/gcc/arm-none-eabi/13.2.1/../../../arm-none-eabi/lib/thumb/v7-m/nofp/libc_nano.a(libc_a-reallocr.o)
 .debug_line    0x0000aad5      0x770 /usr/lib/gcc/arm-none-eabi/13.2.1/../../../arm-none-eabi/lib/thumb/v7-m/nofp/libc_nano.a(libc_a-nano-vfprintf_i.o)
 .debug_line    0x0000b245      0x153 /usr/lib/gcc/arm-none-eabi/13.2.1/../../../arm-none-eabi/lib/thumb/v7-m/nofp/libc_nano.a(libc_a-mlock.o)
 .debug_line    0x0000b398      0x200 /usr/lib/gcc/arm-none-eabi/13.2.1/../../../arm-none-eabi/lib/thumb/v7-m/nofp/libc_nano.a(libc_a-memchr-stub.o)
 .debug_line    0x0000b598      0x196 /usr/lib/gcc/arm-none-eabi/13.2.1/../../../arm-none-eabi/lib/thumb/v7-m/nofp/libc_nano.a(libc_a-sbrkr.o)
 .debug_line    0x0000b72e      0x176 /usr/lib/gcc/arm-none-eabi/13.2.1/../../../arm-none-eabi/lib/thumb/v7-m/nofp/libc_nano.a(libc_a-msizer.o)
 .debug_line    0x0000b8a4      0x27b /usr/lib/gcc/arm-none-eabi/13.2.1/../../../arm-none-eabi/lib/thumb/v7-m/nofp/libc_nano.a(libc_a-reent.o)
 .debug_line    0x0000bb1f       0x76 /usr/lib/gcc/arm-none-eabi/13.2.1/../../../arm-none-eabi/lib/thumb/v7-m/nofp/libnosys.a(sbrk.o)

.debug_str      0x00000000    0x1a0c2
 .debug_str     0x00000000    0x1a0c2 bin/main.o
                                0x321 (size before relaxing)
 .debug_str     0x0001a0c2      0x3b8 bin/platform/system_init.o
 .debug_str     0x0001a0c2      0x86f bin/app/tasks.o
 .debug_str     0x0001a0c2      0x6eb bin/drivers/uart_comm.o
 .debug_str     0x0001a0c2      0x36b bin/protocol/protocol.o
 .debug_str     0x0001a0c2      0x505 bin/protocol/parser.o
 .debug_str     0x0001a0c2      0x343 bin/app/app.o
 .debug_str     0x0001a0c2      0x66f bin/app/sensors.o
 .debug_str     0x0001a0c2      0x7a9 bin/app/actuators.o
 .debug_str     0x0001a0c2      0x6b1 bin/app/button.o
 .debug_str     0x0001a0c2      0x2bd bin/freertos/list.o
 .debug_str     0x0001a0c2      0xa89 bin/freertos/queue.o
 .debug_str     0x0001a0c2     0x1040 bin/freertos/tasks.o
 .debug_str     0x0001a0c2      0x438 bin/freertos/portable/GCC/ARM_CM3/port.o
 .debug_str     0x0001a0c2      0x4f6 bin/freertos/heap_4.o
 .debug_str     0x0001a0c2     0x70f7 third_party/libopencm3/lib/libopencm3_stm32f1.a(adc.o)
 .debug_str     0x0001a0c2     0x743d third_party/libopencm3/lib/libopencm3_stm32f1.a(adc_common_v1.o)
 .debug_str     0x0001a0c2     0x8724 third_party/libopencm3/lib/libopencm3_stm32f1.a(exti_common_all.o)
 .debug_str     0x0001a0c2     0x82f0 third_party/libopencm3/lib/libopencm3_stm32f1.a(gpio.o)
 .debug_str     0x0001a0c2     0x82ee third_party/libopencm3/lib/libopencm3_stm32f1.a(gpio_common_all.o)
 .debug_str     0x0001a0c2     0x7f50 third_party/libopencm3/lib/libopencm3_stm32f1.a(rcc.o)
 .debug_str     0x0001a0c2     0x7653 third_party/libopencm3/lib/libopencm3_stm32f1.a(rcc_common_all.o)
 .debug_str     0x0001a0c2     0xbbfa third_party/libopencm3/lib/libopencm3_stm32f1.a(timer_common_all.o)
 .debug_str     0x0001a0c2     0x82a6 third_party/libopencm3/lib/libopencm3_stm32f1.a(usart_common_all.o)
 .debug_str     0x0001a0c2     0x8012 third_party/libopencm3/lib/libopencm3_stm32f1.a(usart_common_f124.o)
 .debug_str     0x0001a0c2     0x633f third_party/libopencm3/lib/libopencm3_stm32f1.a(vector.o)
 .debug_str     0x0001a0c2     0x590c third_party/libopencm3/lib/libopencm3_stm32f1.a(nvic.o)
 .debug_str     0x0001a0c2     0x523e third_party/libopencm3/lib/libopencm3_stm32f1.a(flash_common_all.o)
 .debug_str     0x0001a0c2      0x19b /usr/lib/gcc/arm-none-eabi/13.2.1/../../../arm-none-eabi/lib/thumb/v7-m/nofp/libc_nano.a(libc_a-strlen-stub.o)
 .debug_str     0x0001a0c2      0x1a5 /usr/lib/gcc/arm-none-eabi/13.2.1/../../../arm-none-eabi/lib/thumb/v7-m/nofp/libc_nano.a(libc_a-memset.o)
 .debug_str     0x0001a0c2       0xa8 /usr/lib/gcc/arm-none-eabi/13.2.1/../../../arm-none-eabi/lib/thumb/v7-m/nofp/libc_nano.a(libc_a-memcpy.o)
 .debug_str     0x0001a0c2      0x1bb /usr/lib/gcc/arm-none-eabi/13.2.1/../../../arm-none-eabi/lib/thumb/v7-m/nofp/libc_nano.a(libc_a-strncpy.o)
 .debug_str     0x0001a0c2      0x193 /usr/lib/gcc/arm-none-eabi/13.2.1/../../../arm-none-eabi/lib/thumb/v7-m/nofp/libc_nano.a(libc_a-strncmp.o)
 .debug_str     0x0001a0c2       0xa8 /usr/lib/gcc/arm-none-eabi/13.2.1/../../../arm-none-eabi/lib/thumb/v7-m/nofp/libc_nano.a(libc_a-strcmp.o)
 .debug_str     0x0001a0c2      0x502 /usr/lib/gcc/arm-none-eabi/13.2.1/../../../arm-none-eabi/lib/thumb/v7-m/nofp/libc_nano.a(libc_a-snprintf.o)
 .debug_str     0x0001a0c2      0x4b4 /usr/lib/gcc/arm-none-eabi/13.2.1/../../../arm-none-eabi/lib/thumb/v7-m/nofp/libc_nano.a(libc_a-impure.o)
 .debug_str     0x0001a0c2      0x7fd /usr/lib/gcc/arm-none-eabi/13.2.1/../../../arm-none-eabi/lib/thumb/v7-m/nofp/libc_nano.a(libc_a-nano-svfprintf.o)
 .debug_str     0x0001a0c2      0x595 /usr/lib/gcc/arm-none-eabi/13.2.1/../../../arm-none-eabi/lib/thumb/v7-m/nofp/libc_nano.a(libc_a-mallocr.o)
 .debug_str     0x0001a0c2      0x534 /usr/lib/gcc/arm-none-eabi/13.2.1/../../../arm-none-eabi/lib/thumb/v7-m/nofp/libc_nano.a(libc_a-freer.o)
 .debug_str     0x0001a0c2      0x1c4 /usr/lib/gcc/arm-none-eabi/13.2.1/../../../arm-none-eabi/lib/thumb/v7-m/nofp/libc_nano.a(libc_a-memmove.o)
 .debug_str     0x0001a0c2      0x52a /usr/lib/gcc/arm-none-eabi/13.2.1/../../../arm-none-eabi/lib/thumb/v7-m/nofp/libc_nano.a(libc_a-reallocr.o)
 .debug_str     0x0001a0c2      0x793 /usr/lib/gcc/arm-none-eabi/13.2.1/../../../arm-none-eabi/lib/thumb/v7-m/nofp/libc_nano.a(libc_a-nano-vfprintf_i.o)
 .debug_str     0x0001a0c2      0x4d2 /usr/lib/gcc/arm-none-eabi/13.2.1/../../../arm-none-eabi/lib/thumb/v7-m/nofp/libc_nano.a(libc_a-mlock.o)
 .debug_str     0x0001a0c2      0x1b5 /usr/lib/gcc/arm-none-eabi/13.2.1/../../../arm-none-eabi/lib/thumb/v7-m/nofp/libc_nano.a(libc_a-memchr-stub.o)
 .debug_str     0x0001a0c2      0x4bd /usr/lib/gcc/arm-none-eabi/13.2.1/../../../arm-none-eabi/lib/thumb/v7-m/nofp/libc_nano.a(libc_a-sbrkr.o)
 .debug_str     0x0001a0c2      0x4fd /usr/lib/gcc/arm-none-eabi/13.2.1/../../../arm-none-eabi/lib/thumb/v7-m/nofp/libc_nano.a(libc_a-msizer.o)
 .debug_str     0x0001a0c2      0x4d3 /usr/lib/gcc/arm-none-eabi/13.2.1/../../../arm-none-eabi/lib/thumb/v7-m/nofp/libc_nano.a(libc_a-reent.o)
 .debug_str     0x0001a0c2      0x115 /usr/lib/gcc/arm-none-eabi/13.2.1/../../../arm-none-eabi/lib/thumb/v7-m/nofp/libnosys.a(sbrk.o)

.comment        0x00000000       0x26
 .comment       0x00000000       0x26 bin/main.o
                                 0x27 (size before relaxing)
 .comment       0x00000026       0x27 bin/platform/system_init.o
 .comment       0x00000026       0x27 bin/app/tasks.o
 .comment       0x00000026       0x27 bin/drivers/uart_comm.o
 .comment       0x00000026       0x27 bin/protocol/protocol.o
 .comment       0x00000026       0x27 bin/protocol/parser.o
 .comment       0x00000026       0x27 bin/app/app.o
 .comment       0x00000026       0x27 bin/app/sensors.o
 .comment       0x00000026       0x27 bin/app/actuators.o
 .comment       0x00000026       0x27 bin/app/button.o
 .comment       0x00000026       0x27 bin/freertos/list.o
 .comment       0x00000026       0x27 bin/freertos/queue.o
 .comment       0x00000026       0x27 bin/freertos/tasks.o
 .comment       0x00000026       0x27 bin/freertos/portable/GCC/ARM_CM3/port.o
 .comment       0x00000026       0x27 bin/freertos/heap_4.o
 .comment       0x00000026       0x27 third_party/libopencm3/lib/libopencm3_stm32f1.a(adc.o)
 .comment       0x00000026       0x27 third_party/libopencm3/lib/libopencm3_stm32f1.a(adc_common_v1.o)
 .comment       0x00000026       0x27 third_party/libopencm3/lib/libopencm3_stm32f1.a(exti_common_all.o)
 .comment       0x00000026       0x27 third_party/libopencm3/lib/libopencm3_stm32f1.a(gpio.o)
 .comment       0x00000026       0x27 third_party/libopencm3/lib/libopencm3_stm32f1.a(gpio_common_all.o)
 .comment       0x00000026       0x27 third_party/libopencm3/lib/libopencm3_stm32f1.a(rcc.o)
 .comment       0x00000026       0x27 third_party/libopencm3/lib/libopencm3_stm32f1.a(rcc_common_all.o)
 .comment       0x00000026       0x27 third_party/libopencm3/lib/libopencm3_stm32f1.a(timer_common_all.o)
 .comment       0x00000026       0x27 third_party/libopencm3/lib/libopencm3_stm32f1.a(usart_common_all.o)
 .comment       0x00000026       0x27 third_party/libopencm3/lib/libopencm3_stm32f1.a(usart_common_f124.o)
 .comment       0x00000026       0x27 third_party/libopencm3/lib/libopencm3_stm32f1.a(vector.o)
 .comment       0x00000026       0x27 third_party/libopencm3/lib/libopencm3_stm32f1.a(nvic.o)
 .comment       0x00000026       0x27 third_party/libopencm3/lib/libopencm3_stm32f1.a(flash_common_all.o)
 .comment       0x00000026       0x27 /usr/lib/gcc/arm-none-eabi/13.2.1/../../../arm-none-eabi/lib/thumb/v7-m/nofp/libc_nano.a(libc_a-strlen-stub.o)
 .comment       0x00000026       0x27 /usr/lib/gcc/arm-none-eabi/13.2.1/../../../arm-none-eabi/lib/thumb/v7-m/nofp/libc_nano.a(libc_a-memset.o)
 .comment       0x00000026       0x27 /usr/lib/gcc/arm-none-eabi/13.2.1/../../../arm-none-eabi/lib/thumb/v7-m/nofp/libc_nano.a(libc_a-strncpy.o)
 .comment       0x00000026       0x27 /usr/lib/gcc/arm-none-eabi/13.2.1/../../../arm-none-eabi/lib/thumb/v7-m/nofp/libc_nano.a(libc_a-strncmp.o)
 .comment       0x00000026       0x27 /usr/lib/gcc/arm-none-eabi/13.2.1/../../../arm-none-eabi/lib/thumb/v7-m/nofp/libc_nano.a(libc_a-snprintf.o)
 .comment       0x00000026       0x27 /usr/lib/gcc/arm-none-eabi/13.2.1/../../../arm-none-eabi/lib/thumb/v7-m/nofp/libc_nano.a(libc_a-impure.o)
 .comment       0x00000026       0x27 /usr/lib/gcc/arm-none-eabi/13.2.1/../../../arm-none-eabi/lib/thumb/v7-m/nofp/libc_nano.a(libc_a-nano-svfprintf.o)
 .comment       0x00000026       0x27 /usr/lib/gcc/arm-none-eabi/13.2.1/../../../arm-none-eabi/lib/thumb/v7-m/nofp/libc_nano.a(libc_a-mallocr.o)
 .comment       0x00000026       0x27 /usr/lib/gcc/arm-none-eabi/13.2.1/../../../arm-none-eabi/lib/thumb/v7-m/nofp/libc_nano.a(libc_a-freer.o)
 .comment       0x00000026       0x27 /usr/lib/gcc/arm-none-eabi/13.2.1/../../../arm-none-eabi/lib/thumb/v7-m/nofp/libc_nano.a(libc_a-memmove.o)
 .comment       0x00000026       0x27 /usr/lib/gcc/arm-none-eabi/13.2.1/../../../arm-none-eabi/lib/thumb/v7-m/nofp/libc_nano.a(libc_a-reallocr.o)
 .comment       0x00000026       0x27 /usr/lib/gcc/arm-none-eabi/13.2.1/../../../arm-none-eabi/lib/thumb/v7-m/nofp/libc_nano.a(libc_a-nano-vfprintf_i.o)
 .comment       0x00000026       0x27 /usr/lib/gcc/arm-none-eabi/13.2.1/../../../arm-none-eabi/lib/thumb/v7-m/nofp/libc_nano.a(libc_a-mlock.o)
 .comment       0x00000026       0x27 /usr/lib/gcc/arm-none-eabi/13.2.1/../../../arm-none-eabi/lib/thumb/v7-m/nofp/libc_nano.a(libc_a-memchr-stub.o)
 .comment       0x00000026       0x27 /usr/lib/gcc/arm-none-eabi/13.2.1/../../../arm-none-eabi/lib/thumb/v7-m/nofp/libc_nano.a(libc_a-sbrkr.o)
 .comment       0x00000026       0x27 /usr/lib/gcc/arm-none-eabi/13.2.1/../../../arm-none-eabi/lib/thumb/v7-m/nofp/libc_nano.a(libc_a-msizer.o)
 .comment       0x00000026       0x27 /usr/lib/gcc/arm-none-eabi/13.2.1/../../../arm-none-eabi/lib/thumb/v7-m/nofp/libc_nano.a(libc_a-reent.o)
 .comment       0x00000026       0x27 /usr/lib/gcc/arm-none-eabi/13.2.1/../../../arm-none-eabi/lib/thumb/v7-m/nofp/libnosys.a(sbrk.o)

.ARM.attributes
                0x00000000       0x2b
 .ARM.attributes
                0x00000000       0x2d bin/main.o
 .ARM.attributes
                0x0000002d       0x2d bin/platform/system_init.o
 .ARM.attributes
                0x0000005a       0x2d bin/app/tasks.o
 .ARM.attributes
                0x00000087       0x2d bin/drivers/uart_comm.o
 .ARM.attributes
                0x000000b4       0x2d bin/protocol/protocol.o
 .ARM.attributes
                0x000000e1       0x2d bin/protocol/parser.o
 .ARM.attributes
                0x0000010e       0x2d bin/app/app.o
 .ARM.attributes
                0x0000013b       0x2d bin/app/sensors.o
 .ARM.attributes
                0x00000168       0x2d bin/app/actuators.o
 .ARM.attributes
                0x00000195       0x2d bin/app/button.o
 .ARM.attributes
                0x000001c2       0x2d bin/freertos/list.o
 .ARM.attributes
                0x000001ef       0x2d bin/freertos/queue.o
 .ARM.attributes
                0x0000021c       0x2d bin/freertos/tasks.o
 .ARM.attributes
                0x00000249       0x2d bin/freertos/portable/GCC/ARM_CM3/port.o
 .ARM.attributes
                0x00000276       0x2d bin/freertos/heap_4.o
 .ARM.attributes
                0x000002a3       0x2d third_party/libopencm3/lib/libopencm3_stm32f1.a(adc.o)
 .ARM.attributes
                0x000002d0       0x2d third_party/libopencm3/lib/libopencm3_stm32f1.a(adc_common_v1.o)
 .ARM.attributes
                0x000002fd       0x2d third_party/libopencm3/lib/libopencm3_stm32f1.a(exti_common_all.o)
 .ARM.attributes
                0x0000032a       0x2d third_party/libopencm3/lib/libopencm3_stm32f1.a(gpio.o)
 .ARM.attributes
                0x00000357       0x2d third_party/libopencm3/lib/libopencm3_stm32f1.a(gpio_common_all.o)
 .ARM.attributes
                0x00000384       0x2d third_party/libopencm3/lib/libopencm3_stm32f1.a(rcc.o)
 .ARM.attributes
                0x000003b1       0x2d third_party/libopencm3/lib/libopencm3_stm32f1.a(rcc_common_all.o)
 .ARM.attributes
                0x000003de       0x2d third_party/libopencm3/lib/libopencm3_stm32f1.a(timer_common_all.o)
 .ARM.attributes
                0x0000040b       0x2d third_party/libopencm3/lib/libopencm3_stm32f1.a(usart_common_all.o)
 .ARM.attributes
                0x00000438       0x2d third_party/libopencm3/lib/libopencm3_stm32f1.a(usart_common_f124.o)
 .ARM.attributes
                0x00000465       0x2d third_party/libopencm3/lib/libopencm3_stm32f1.a(vector.o)
 .ARM.attributes
                0x00000492       0x2d third_party/libopencm3/lib/libopencm3_stm32f1.a(nvic.o)
 .ARM.attributes
                0x000004bf       0x2d third_party/libopencm3/lib/libopencm3_stm32f1.a(flash_common_all.o)
 .ARM.attributes
                0x000004ec       0x2d /usr/lib/gcc/arm-none-eabi/13.2.1/../../../arm-none-eabi/lib/thumb/v7-m/nofp/libc_nano.a(libc_a-strlen-stub.o)
 .ARM.attributes
                0x00000519       0x2d /usr/lib/gcc/arm-none-eabi/13.2.1/../../../arm-none-eabi/lib/thumb/v7-m/nofp/libc_nano.a(libc_a-memset.o)
 .ARM.attributes
                0x00000546       0x1b /usr/lib/gcc/arm-none-eabi/13.2.1/../../../arm-none-eabi/lib/thumb/v7-m/nofp/libc_nano.a(libc_a-memcpy.o)
 .ARM.attributes
                0x00000561       0x2d /usr/lib/gcc/arm-none-eabi/13.2.1/../../../arm-none-eabi/lib/thumb/v7-m/nofp/libc_nano.a(libc_a-strncpy.o)
 .ARM.attributes
                0x0000058e       0x2d /usr/lib/gcc/arm-none-eabi/13.2.1/../../../arm-none-eabi/lib/thumb/v7-m/nofp/libc_nano.a(libc_a-strncmp.o)
 .ARM.attributes
                0x000005bb       0x1b /usr/lib/gcc/arm-none-eabi/13.2.1/../../../arm-none-eabi/lib/thumb/v7-m/nofp/libc_nano.a(libc_a-strcmp.o)
 .ARM.attributes
                0x000005d6       0x2d /usr/lib/gcc/arm-none-eabi/13.2.1/../../../arm-none-eabi/lib/thumb/v7-m/nofp/libc_nano.a(libc_a-snprintf.o)
 .ARM.attributes
                0x00000603       0x2d /usr/lib/gcc/arm-none-eabi/13.2.1/../../../arm-none-eabi/lib/thumb/v7-m/nofp/libc_nano.a(libc_a-impure.o)
 .ARM.attributes
                0x00000630       0x2d /usr/lib/gcc/arm-none-eabi/13.2.1/../../../arm-none-eabi/lib/thumb/v7-m/nofp/libc_nano.a(libc_a-nano-svfprintf.o)
 .ARM.attributes
                0x0000065d       0x2d /usr/lib/gcc/arm-none-eabi/13.2.1/../../../arm-none-eabi/lib/thumb/v7-m/nofp/libc_nano.a(libc_a-mallocr.o)
 .ARM.attributes
                0x0000068a       0x2d /usr/lib/gcc/arm-none-eabi/13.2.1/../../../arm-none-eabi/lib/thumb/v7-m/nofp/libc_nano.a(libc_a-freer.o)
 .ARM.attributes
                0x000006b7       0x2d /usr/lib/gcc/arm-none-eabi/13.2.1/../../../arm-none-eabi/lib/thumb/v7-m/nofp/libc_nano.a(libc_a-memmove.o)
 .ARM.attributes
                0x000006e4       0x2d /usr/lib/gcc/arm-none-eabi/13.2.1/../../../arm-none-eabi/lib/thumb/v7-m/nofp/libc_nano.a(libc_a-reallocr.o)
 .ARM.attributes
                0x00000711       0x2d /usr/lib/gcc/arm-none-eabi/13.2.1/../../../arm-none-eabi/lib/thumb/v7-m/nofp/libc_nano.a(libc_a-nano-vfprintf_i.o)
 .ARM.attributes
                0x0000073e       0x2d /usr/lib/gcc/arm-none-eabi/13.2.1/../../../arm-none-eabi/lib/thumb/v7-m/nofp/libc_nano.a(libc_a-mlock.o)
 .ARM.attributes
                0x0000076b       0x2d /usr/lib/gcc/arm-none-eabi/13.2.1/../../../arm-none-eabi/lib/thumb/v7-m/nofp/libc_nano.a(libc_a-memchr-stub.o)
 .ARM.attributes
                0x00000798       0x2d /usr/lib/gcc/arm-none-eabi/13.2.1/../../../arm-none-eabi/lib/thumb/v7-m/nofp/libc_nano.a(libc_a-sbrkr.o)
 .ARM.attributes
                0x000007c5       0x2d /usr/lib/gcc/arm-none-eabi/13.2.1/../../../arm-none-eabi/lib/thumb/v7-m/nofp/libc_nano.a(libc_a-msizer.o)
 .ARM.attributes
                0x000007f2       0x2d /usr/lib/gcc/arm-none-eabi/13.2.1/../../../arm-none-eabi/lib/thumb/v7-m/nofp/libc_nano.a(libc_a-reent.o)
 .ARM.attributes
                0x0000081f       0x2d /usr/lib/gcc/arm-none-eabi/13.2.1/../../../arm-none-eabi/lib/thumb/v7-m/nofp/libnosys.a(sbrk.o)

.debug_frame    0x00000000     0x2ed8
 .debug_frame   0x00000000       0x2c bin/main.o
 .debug_frame   0x0000002c       0x2c bin/platform/system_init.o
 .debug_frame   0x00000058      0x174 bin/app/tasks.o
 .debug_frame   0x000001cc       0xdc bin/drivers/uart_comm.o
 .debug_frame   0x000002a8       0xf4 bin/protocol/protocol.o
 .debug_frame   0x0000039c       0xf4 bin/protocol/parser.o
 .debug_frame   0x00000490       0xa0 bin/app/app.o
 .debug_frame   0x00000530       0x94 bin/app/sensors.o
 .debug_frame   0x000005c4      0x144 bin/app/actuators.o
 .debug_frame   0x00000708       0xb4 bin/app/button.o
 .debug_frame   0x000007bc       0xd8 bin/freertos/list.o
 .debug_frame   0x00000894      0x494 bin/freertos/queue.o
 .debug_frame   0x00000d28      0x860 bin/freertos/tasks.o
 .debug_frame   0x00001588      0x198 bin/freertos/portable/GCC/ARM_CM3/port.o
 .debug_frame   0x00001720      0x174 bin/freertos/heap_4.o
 .debug_frame   0x00001894      0x128 third_party/libopencm3/lib/libopencm3_stm32f1.a(adc.o)
 .debug_frame   0x000019bc      0x2b4 third_party/libopencm3/lib/libopencm3_stm32f1.a(adc_common_v1.o)
 .debug_frame   0x00001c70       0x88 third_party/libopencm3/lib/libopencm3_stm32f1.a(exti_common_all.o)
 .debug_frame   0x00001cf8       0x60 third_party/libopencm3/lib/libopencm3_stm32f1.a(gpio.o)
 .debug_frame   0x00001d58       0x80 third_party/libopencm3/lib/libopencm3_stm32f1.a(gpio_common_all.o)
 .debug_frame   0x00001dd8      0x318 third_party/libopencm3/lib/libopencm3_stm32f1.a(rcc.o)
 .debug_frame   0x000020f0       0xe0 third_party/libopencm3/lib/libopencm3_stm32f1.a(rcc_common_all.o)
 .debug_frame   0x000021d0      0x4d8 third_party/libopencm3/lib/libopencm3_stm32f1.a(timer_common_all.o)
 .debug_frame   0x000026a8      0x1ec third_party/libopencm3/lib/libopencm3_stm32f1.a(usart_common_all.o)
 .debug_frame   0x00002894       0x60 third_party/libopencm3/lib/libopencm3_stm32f1.a(usart_common_f124.o)
 .debug_frame   0x000028f4       0x4c third_party/libopencm3/lib/libopencm3_stm32f1.a(vector.o)
 .debug_frame   0x00002940       0xa0 third_party/libopencm3/lib/libopencm3_stm32f1.a(nvic.o)
 .debug_frame   0x000029e0       0x50 third_party/libopencm3/lib/libopencm3_stm32f1.a(flash_common_all.o)
 .debug_frame   0x00002a30       0x20 /usr/lib/gcc/arm-none-eabi/13.2.1/../../../arm-none-eabi/lib/thumb/v7-m/nofp/libc_nano.a(libc_a-strlen-stub.o)
 .debug_frame   0x00002a50       0x2c /usr/lib/gcc/arm-none-eabi/13.2.1/../../../arm-none-eabi/lib/thumb/v7-m/nofp/libc_nano.a(libc_a-memset.o)
 .debug_frame   0x00002a7c       0x28 /usr/lib/gcc/arm-none-eabi/13.2.1/../../../arm-none-eabi/lib/thumb/v7-m/nofp/libc_nano.a(libc_a-strncpy.o)
 .debug_frame   0x00002aa4       0x38 /usr/lib/gcc/arm-none-eabi/13.2.1/../../../arm-none-eabi/lib/thumb/v7-m/nofp/libc_nano.a(libc_a-strncmp.o)
 .debug_frame   0x00002adc       0x3c /usr/lib/gcc/arm-none-eabi/13.2.1/../../../arm-none-eabi/lib/thumb/v7-m/nofp/libc_nano.a(libc_a-strcmp.o)
 .debug_frame   0x00002b18       0x94 /usr/lib/gcc/arm-none-eabi/13.2.1/../../../arm-none-eabi/lib/thumb/v7-m/nofp/libc_nano.a(libc_a-snprintf.o)
 .debug_frame   0x00002bac       0x98 /usr/lib/gcc/arm-none-eabi/13.2.1/../../../arm-none-eabi/lib/thumb/v7-m/nofp/libc_nano.a(libc_a-nano-svfprintf.o)
 .debug_frame   0x00002c44       0x50 /usr/lib/gcc/arm-none-eabi/13.2.1/../../../arm-none-eabi/lib/thumb/v7-m/nofp/libc_nano.a(libc_a-mallocr.o)
 .debug_frame   0x00002c94       0x58 /usr/lib/gcc/arm-none-eabi/13.2.1/../../../arm-none-eabi/lib/thumb/v7-m/nofp/libc_nano.a(libc_a-freer.o)
 .debug_frame   0x00002cec       0x40 /usr/lib/gcc/arm-none-eabi/13.2.1/../../../arm-none-eabi/lib/thumb/v7-m/nofp/libc_nano.a(libc_a-memmove.o)
 .debug_frame   0x00002d2c       0x38 /usr/lib/gcc/arm-none-eabi/13.2.1/../../../arm-none-eabi/lib/thumb/v7-m/nofp/libc_nano.a(libc_a-reallocr.o)
 .debug_frame   0x00002d64       0x6c /usr/lib/gcc/arm-none-eabi/13.2.1/../../../arm-none-eabi/lib/thumb/v7-m/nofp/libc_nano.a(libc_a-nano-vfprintf_i.o)
 .debug_frame   0x00002dd0       0x30 /usr/lib/gcc/arm-none-eabi/13.2.1/../../../arm-none-eabi/lib/thumb/v7-m/nofp/libc_nano.a(libc_a-mlock.o)
 .debug_frame   0x00002e00       0x2c /usr/lib/gcc/arm-none-eabi/13.2.1/../../../arm-none-eabi/lib/thumb/v7-m/nofp/libc_nano.a(libc_a-memchr-stub.o)
 .debug_frame   0x00002e2c       0x2c /usr/lib/gcc/arm-none-eabi/13.2.1/../../../arm-none-eabi/lib/thumb/v7-m/nofp/libc_nano.a(libc_a-sbrkr.o)
 .debug_frame   0x00002e58       0x20 /usr/lib/gcc/arm-none-eabi/13.2.1/../../../arm-none-eabi/lib/thumb/v7-m/nofp/libc_nano.a(libc_a-msizer.o)
 .debug_frame   0x00002e78       0x40 /usr/lib/gcc/arm-none-eabi/13.2.1/../../../arm-none-eabi/lib/thumb/v7-m/nofp/libc_nano.a(libc_a-reent.o)
 .debug_frame   0x00002eb8       0x20 /usr/lib/gcc/arm-none-eabi/13.2.1/../../../arm-none-eabi/lib/thumb/v7-m/nofp/libnosys.a(sbrk.o)

.debug_loclists
                0x00000000     0x2913
 .debug_loclists
                0x00000000      0x164 third_party/libopencm3/lib/libopencm3_stm32f1.a(adc.o)
 .debug_loclists
                0x00000164      0x325 third_party/libopencm3/lib/libopencm3_stm32f1.a(adc_common_v1.o)
 .debug_loclists
                0x00000489       0xa0 third_party/libopencm3/lib/libopencm3_stm32f1.a(exti_common_all.o)
 .debug_loclists
                0x00000529       0xd5 third_party/libopencm3/lib/libopencm3_stm32f1.a(gpio.o)
 .debug_loclists
                0x000005fe       0x96 third_party/libopencm3/lib/libopencm3_stm32f1.a(gpio_common_all.o)
 .debug_loclists
                0x00000694      0x2cb third_party/libopencm3/lib/libopencm3_stm32f1.a(rcc.o)
 .debug_loclists
                0x0000095f       0x87 third_party/libopencm3/lib/libopencm3_stm32f1.a(rcc_common_all.o)
 .debug_loclists
                0x000009e6      0x1d5 third_party/libopencm3/lib/libopencm3_stm32f1.a(timer_common_all.o)
 .debug_loclists
                0x00000bbb      0x18e third_party/libopencm3/lib/libopencm3_stm32f1.a(usart_common_all.o)
 .debug_loclists
                0x00000d49       0x79 third_party/libopencm3/lib/libopencm3_stm32f1.a(usart_common_f124.o)
 .debug_loclists
                0x00000dc2       0xb6 third_party/libopencm3/lib/libopencm3_stm32f1.a(vector.o)
 .debug_loclists
                0x00000e78      0x111 third_party/libopencm3/lib/libopencm3_stm32f1.a(nvic.o)
 .debug_loclists
                0x00000f89       0x17 third_party/libopencm3/lib/libopencm3_stm32f1.a(flash_common_all.o)
 .debug_loclists
                0x00000fa0       0x29 /usr/lib/gcc/arm-none-eabi/13.2.1/../../../arm-none-eabi/lib/thumb/v7-m/nofp/libc_nano.a(libc_a-strlen-stub.o)
 .debug_loclists
                0x00000fc9      0x1d7 /usr/lib/gcc/arm-none-eabi/13.2.1/../../../arm-none-eabi/lib/thumb/v7-m/nofp/libc_nano.a(libc_a-memset.o)
 .debug_loclists
                0x000011a0       0xf7 /usr/lib/gcc/arm-none-eabi/13.2.1/../../../arm-none-eabi/lib/thumb/v7-m/nofp/libc_nano.a(libc_a-strncpy.o)
 .debug_loclists
                0x00001297      0x139 /usr/lib/gcc/arm-none-eabi/13.2.1/../../../arm-none-eabi/lib/thumb/v7-m/nofp/libc_nano.a(libc_a-strncmp.o)
 .debug_loclists
                0x000013d0      0x214 /usr/lib/gcc/arm-none-eabi/13.2.1/../../../arm-none-eabi/lib/thumb/v7-m/nofp/libc_nano.a(libc_a-snprintf.o)
 .debug_loclists
                0x000015e4      0x531 /usr/lib/gcc/arm-none-eabi/13.2.1/../../../arm-none-eabi/lib/thumb/v7-m/nofp/libc_nano.a(libc_a-nano-svfprintf.o)
 .debug_loclists
                0x00001b15      0x273 /usr/lib/gcc/arm-none-eabi/13.2.1/../../../arm-none-eabi/lib/thumb/v7-m/nofp/libc_nano.a(libc_a-mallocr.o)
 .debug_loclists
                0x00001d88      0x164 /usr/lib/gcc/arm-none-eabi/13.2.1/../../../arm-none-eabi/lib/thumb/v7-m/nofp/libc_nano.a(libc_a-freer.o)
 .debug_loclists
                0x00001eec      0x21b /usr/lib/gcc/arm-none-eabi/13.2.1/../../../arm-none-eabi/lib/thumb/v7-m/nofp/libc_nano.a(libc_a-memmove.o)
 .debug_loclists
                0x00002107      0x102 /usr/lib/gcc/arm-none-eabi/13.2.1/../../../arm-none-eabi/lib/thumb/v7-m/nofp/libc_nano.a(libc_a-reallocr.o)
 .debug_loclists
                0x00002209      0x444 /usr/lib/gcc/arm-none-eabi/13.2.1/../../../arm-none-eabi/lib/thumb/v7-m/nofp/libc_nano.a(libc_a-nano-vfprintf_i.o)
 .debug_loclists
                0x0000264d      0x172 /usr/lib/gcc/arm-none-eabi/13.2.1/../../../arm-none-eabi/lib/thumb/v7-m/nofp/libc_nano.a(libc_a-memchr-stub.o)
 .debug_loclists
                0x000027bf       0x4b /usr/lib/gcc/arm-none-eabi/13.2.1/../../../arm-none-eabi/lib/thumb/v7-m/nofp/libc_nano.a(libc_a-sbrkr.o)
 .debug_loclists
                0x0000280a       0x59 /usr/lib/gcc/arm-none-eabi/13.2.1/../../../arm-none-eabi/lib/thumb/v7-m/nofp/libc_nano.a(libc_a-msizer.o)
 .debug_loclists
                0x00002863       0x80 /usr/lib/gcc/arm-none-eabi/13.2.1/../../../arm-none-eabi/lib/thumb/v7-m/nofp/libc_nano.a(libc_a-reent.o)
 .debug_loclists