Archive member included to satisfy reference by file (symbol)

third_party/libopencm3/lib/libopencm3_stm32f1.a(adc.o)
                              bin/app/sensors.o (adc_power_on)
third_party/libopencm3/lib/libopencm3_stm32f1.a(adc_common_v1.o)
                              bin/app/sensors.o (adc_power_off)
third_party/libopencm3/lib/libopencm3_stm32f1.a(exti_common_all.o)
                              bin/app/button.o (exti_set_trigger)
third_party/libopencm3/lib/libopencm3_stm32f1.a(gpio.o)
                              bin/drivers/uart_comm.o (gpio_set_mode)
third_party/libopencm3/lib/libopencm3_stm32f1.a(gpio_common_all.o)
                              bin/drivers/uart_comm.o (gpio_set)
third_party/libopencm3/lib/libopencm3_stm32f1.a(rcc.o)
                              bin/app/sensors.o (rcc_set_adcpre)
third_party/libopencm3/lib/libopencm3_stm32f1.a(rcc_common_all.o)
                              bin/platform/system_init.o (rcc_periph_clock_enable)
third_party/libopencm3/lib/libopencm3_stm32f1.a(timer_common_all.o)
                              bin/app/actuators.o (timer_enable_counter)
third_party/libopencm3/lib/libopencm3_stm32f1.a(usart_common_all.o)
                              bin/drivers/uart_comm.o (usart_set_baudrate)
third_party/libopencm3/lib/libopencm3_stm32f1.a(usart_common_f124.o)
                              third_party/libopencm3/lib/libopencm3_stm32f1.a(usart_common_all.o) (usart_send)
third_party/libopencm3/lib/libopencm3_stm32f1.a(vector.o)
                              (reset_handler)
third_party/libopencm3/lib/libopencm3_stm32f1.a(nvic.o)
                              bin/drivers/uart_comm.o (nvic_enable_irq)
third_party/libopencm3/lib/libopencm3_stm32f1.a(assert.o)
                              third_party/libopencm3/lib/libopencm3_stm32f1.a(rcc.o) (cm3_assert_failed)
third_party/libopencm3/lib/libopencm3_stm32f1.a(flash_common_all.o)
                              third_party/libopencm3/lib/libopencm3_stm32f1.a(rcc.o) (flash_set_ws)
/usr/lib/gcc/arm-none-eabi/13.2.1/../../../arm-none-eabi/lib/thumb/v7-m/nofp/libc_nano.a(libc_a-strlen-stub.o)
                              bin/protocol/protocol.o (strlen)
/usr/lib/gcc/arm-none-eabi/13.2.1/../../../arm-none-eabi/lib/thumb/v7-m/nofp/libc_nano.a(libc_a-memset.o)
                              bin/freertos/tasks.o (memset)
/usr/lib/gcc/arm-none-eabi/13.2.1/../../../arm-none-eabi/lib/thumb/v7-m/nofp/libc_nano.a(libc_a-memcpy.o)
                              bin/protocol/protocol.o (memcpy)
/usr/lib/gcc/arm-none-eabi/13.2.1/../../../arm-none-eabi/lib/thumb/v7-m/nofp/libc_nano.a(libc_a-strncpy.o)
                              bin/app/tasks.o (strncpy)
/usr/lib/gcc/arm-none-eabi/13.2.1/../../../arm-none-eabi/lib/thumb/v7-m/nofp/libc_nano.a(libc_a-strncmp.o)
                              bin/app/tasks.o (strncmp)
/usr/lib/gcc/arm-none-eabi/13.2.1/../../../arm-none-eabi/lib/thumb/v7-m/nofp/libc_nano.a(libc_a-strcmp.o)
                              bin/app/actuators.o (strcmp)
/usr/lib/gcc/arm-none-eabi/13.2.1/../../../arm-none-eabi/lib/thumb/v7-m/nofp/libc_nano.a(libc_a-snprintf.o)
                              bin/protocol/protocol.o (snprintf)
/usr/lib/gcc/arm-none-eabi/13.2.1/../../../arm-none-eabi/lib/thumb/v7-m/nofp/libc_nano.a(libc_a-impure.o)
                              /usr/lib/gcc/arm-none-eabi/13.2.1/../../../arm-none-eabi/lib/thumb/v7-m/nofp/libc_nano.a(libc_a-snprintf.o) (_impure_ptr)
/usr/lib/gcc/arm-none-eabi/13.2.1/../../../arm-none-eabi/lib/thumb/v7-m/nofp/libc_nano.a(libc_a-nano-svfprintf.o)
                              /usr/lib/gcc/arm-none-eabi/13.2.1/../../../arm-none-eabi/lib/thumb/v7-m/nofp/libc_nano.a(libc_a-snprintf.o) (_svfprintf_r)
/usr/lib/gcc/arm-none-eabi/13.2.1/../../../arm-none-eabi/lib/thumb/v7-m/nofp/libc_nano.a(libc_a-mallocr.o)
                              /usr/lib/gcc/arm-none-eabi/13.2.1/../../../arm-none-eabi/lib/thumb/v7-m/nofp/libc_nano.a(libc_a-nano-svfprintf.o) (_malloc_r)
/usr/lib/gcc/arm-none-eabi/13.2.1/../../../arm-none-eabi/lib/thumb/v7-m/nofp/libc_nano.a(libc_a-freer.o)
                              /usr/lib/gcc/arm-none-eabi/13.2.1/../../../arm-none-eabi/lib/thumb/v7-m/nofp/libc_nano.a(libc_a-nano-svfprintf.o) (_free_r)
/usr/lib/gcc/arm-none-eabi/13.2.1/../../../arm-none-eabi/lib/thumb/v7-m/nofp/libc_nano.a(libc_a-memmove.o)
                              /usr/lib/gcc/arm-none-eabi/13.2.1/../../../arm-none-eabi/lib/thumb/v7-m/nofp/libc_nano.a(libc_a-nano-svfprintf.o) (memmove)
/usr/lib/gcc/arm-none-eabi/13.2.1/../../../arm-none-eabi/lib/thumb/v7-m/nofp/libc_nano.a(libc_a-reallocr.o)
                              /usr/lib/gcc/arm-none-eabi/13.2.1/../../../arm-none-eabi/lib/thumb/v7-m/nofp/libc_nano.a(libc_a-nano-svfprintf.o) (_realloc_r)
/usr/lib/gcc/arm-none-eabi/13.2.1/../../../arm-none-eabi/lib/thumb/v7-m/nofp/libc_nano.a(libc_a-nano-vfprintf_i.o)
[...]
Memory Configuration

Name             Origin             Length             Attributes
rom              0x08000000         0x00010000         xr
ram              0x20000000         0x00005000         xrw
*default*        0x00000000         0xffffffff

Linker script and memory map

LOAD bin/main.o
LOAD bin/platform/system_init.o
LOAD bin/app/tasks.o
LOAD bin/drivers/uart_comm.o
LOAD bin/protocol/protocol.o
LOAD bin/protocol/parser.o
LOAD bin/app/app.o
LOAD bin/app/sensors.o
LOAD bin/app/actuators.o
LOAD bin/app/button.o
LOAD bin/freertos/list.o
LOAD bin/freertos/queue.o
LOAD bin/freertos/tasks.o
LOAD bin/freertos/portable/GCC/ARM_CM3/port.o
LOAD bin/freertos/heap_4.o
LOAD third_party/libopencm3/lib/libopencm3_stm32f1.a
LOAD third_party/libopencm3/lib/libopencm3_stm32f1.a
LOAD /usr/lib/gcc/arm-none-eabi/13.2.1/../../../arm-none-eabi/lib/thumb/v7-m/nofp/libc_nano.a
LOAD /usr/lib/gcc/arm-none-eabi/13.2.1/thumb/v7-m/nofp/libgcc.a
LOAD /usr/lib/gcc/arm-none-eabi/13.2.1/../../../arm-none-eabi/lib/thumb/v7-m/nofp/libnosys.a
                0x20005000                        _stack = (ORIGIN (ram) + LENGTH (ram))

.text           0x08000000     0x591d
 *(.vectors)
 .vectors       0x08000000      0x150 third_party/libopencm3/lib/libopencm3_stm32f1.a(vector.o)
                0x08000000                vector_table
 *(.text*)
 .text.main     0x08000150       0x2c bin/main.o
                0x08000150                main
 .text.system_init_board
                0x0800017c       0x10 bin/platform/system_init.o
                0x0800017c                system_init_board
 .text.task_uart_rx
                0x0800018c       0x40 bin/app/tasks.o
 .text.task_parser
                0x080001cc      0x110 bin/app/tasks.o
 .text.task_button
                0x080002dc      0x174 bin/app/tasks.o
 .text.tasks_get_parser_byte_count
                0x08000450       0x14 bin/app/tasks.o
                0x08000450                tasks_get_parser_byte_count
 .text.tasks_get_parser_message_count
                0x08000464       0x14 bin/app/tasks.o
                0x08000464                tasks_get_parser_message_count
 .text.tasks_get_parser_error_count
                0x08000478       0x14 bin/app/tasks.o
                0x08000478                tasks_get_parser_error_count
 .text.task_telemetry
                0x0800048c       0x94 bin/app/tasks.o
 .text.task_actuators
                0x08000520       0x34 bin/app/tasks.o
 .text.task_uart_tx
                0x08000554       0x54 bin/app/tasks.o
 .text.tasks_start
                0x080005a8      0x1a8 bin/app/tasks.o
                0x080005a8                tasks_start
 .text.uart_comm_set_rx_queue
                0x08000750       0x1c bin/drivers/uart_comm.o
                0x08000750                uart_comm_set_rx_queue
 .text.uart_comm_init
                0x0800076c       0x94 bin/drivers/uart_comm.o
                0x0800076c                uart_comm_init
 .text.uart_comm_send_bytes
                0x08000800       0x44 bin/drivers/uart_comm.o
                0x08000800                uart_comm_send_bytes
 .text.usart1_isr
                0x08000844       0x90 bin/drivers/uart_comm.o
                0x08000844                usart1_isr
 .text.protocol_type_to_text
                0x080008d4       0x70 bin/protocol/protocol.o
                0x080008d4                protocol_type_to_text
 .text.protocol_type_from_text
                0x08000944       0xac bin/protocol/protocol.o
                0x08000944                protocol_type_from_text
 .text.protocol_message_set
                0x080009f0       0x5a bin/protocol/protocol.o
                0x080009f0                protocol_message_set
 .text.protocol_compute_checksum
                0x08000a4a       0x3c bin/protocol/protocol.o
                0x08000a4a                protocol_compute_checksum
 *fill*         0x08000a86        0x2 
 .text.protocol_encode_frame
                0x08000a88      0x110 bin/protocol/protocol.o
                0x08000a88                protocol_encode_frame
 .text.protocol_decode_body
                0x08000b98       0x78 bin/protocol/protocol.o
                0x08000b98                protocol_decode_body
 .text.hex_char_to_nibble
                0x08000c10       0x3c bin/protocol/parser.o
 .text.handle_parser_error
                0x08000c4c       0x28 bin/protocol/parser.o
 .text.protocol_validate
                0x08000c74       0xc4 bin/protocol/parser.o
 .text.parser_reset
                0x08000d38       0x60 bin/protocol/parser.o
                0x08000d38                parser_reset
 .text.parser_init
                0x08000d98       0x16 bin/protocol/parser.o
                0x08000d98                parser_init
 *fill*         0x08000dae        0x2 
 .text.parser_consume_byte
                0x08000db0      0x278 bin/protocol/parser.o
                0x08000db0                parser_consume_byte
 .text.app_init
                0x08001028        0xc bin/app/app.o
                0x08001028                app_init
 .text.app_process_message
                0x08001034       0x34 bin/app/app.o
                0x08001034                app_process_message
 .text.app_build_status_message
                0x08001068       0x54 bin/app/app.o
                0x08001068                app_build_status_message
 .text.app_build_telemetry_message
                0x080010bc       0x4a bin/app/app.o
                0x080010bc                app_build_telemetry_message
 *fill*         0x08001106        0x2 
 .text.sensors_init
                0x08001108       0x68 bin/app/sensors.o
                0x08001108                sensors_init
 .text.sensors_read_adc
                0x08001170       0x54 bin/app/sensors.o
                0x08001170                sensors_read_adc
 .text.sensors_get_last_adc
                0x080011c4       0x14 bin/app/sensors.o
                0x080011c4                sensors_get_last_adc
 .text.sensors_build_telemetry_payload
                0x080011d8       0x58 bin/app/sensors.o
                0x080011d8                sensors_build_telemetry_payload
 .text.leds_setup
                0x08001230       0x3c bin/app/actuators.o
 .text.buzzer_pwm_setup
                0x0800126c       0x68 bin/app/actuators.o
 .text.actuators_init
                0x080012d4       0x38 bin/app/actuators.o
                0x080012d4                actuators_init
 .text.actuators_update_from_adc
                0x0800130c       0x14 bin/app/actuators.o
                0x0800130c                actuators_update_from_adc
 .text.actuators_set_normal
                0x08001320       0x34 bin/app/actuators.o
                0x08001320                actuators_set_normal
 .text.actuators_set_emergency
                0x08001354       0x44 bin/app/actuators.o
                0x08001354                actuators_set_emergency
 .text.actuators_update_emergency_blink
                0x08001398       0x80 bin/app/actuators.o
                0x08001398                actuators_update_emergency_blink
 .text.actuators_buzzer_on
                0x08001418       0x18 bin/app/actuators.o
                0x08001418                actuators_buzzer_on
 .text.actuators_buzzer_off
                0x08001430       0x18 bin/app/actuators.o
                0x08001430                actuators_buzzer_off
 .text.actuators_apply_command
                0x08001448       0xe8 bin/app/actuators.o
                0x08001448                actuators_apply_command
 .text.button_init
                0x08001530       0xa0 bin/app/button.o
                0x08001530                button_init
 .text.button_get_event
                0x080015d0       0xb4 bin/app/button.o
                0x080015d0                button_get_event
 .text.exti15_10_isr
                0x08001684       0x4c bin/app/button.o
                0x08001684                exti15_10_isr
 .text.vListInitialise
                0x080016d0       0x3e bin/freertos/list.o
                0x080016d0                vListInitialise
 .text.vListInitialiseItem
                0x0800170e       0x18 bin/freertos/list.o
                0x0800170e                vListInitialiseItem
 .text.vListInsert
                0x08001726       0x70 bin/freertos/list.o
                0x08001726                vListInsert
 .text.uxListRemove
                0x08001796       0x52 bin/freertos/list.o
                0x08001796                uxListRemove
 .text.xQueueGenericReset
                0x080017e8      0x124 bin/freertos/queue.o
                0x080017e8                xQueueGenericReset
 .text.xQueueGenericCreate
                0x0800190c       0x9e bin/freertos/queue.o
                0x0800190c                xQueueGenericCreate
 .text.prvInitialiseNewQueue
                0x080019aa       0x3e bin/freertos/queue.o
 .text.xQueueGenericSend
                0x080019e8      0x204 bin/freertos/queue.o
                0x080019e8                xQueueGenericSend
 .text.xQueueGenericSendFromISR
                0x08001bec      0x16c bin/freertos/queue.o
                0x08001bec                xQueueGenericSendFromISR
 .text.xQueueReceive
                0x08001d58      0x1c4 bin/freertos/queue.o
                0x08001d58                xQueueReceive
 .text.prvCopyDataToQueue
                0x08001f1c       0xd4 bin/freertos/queue.o
 .text.prvCopyDataFromQueue
                0x08001ff0       0x4c bin/freertos/queue.o
 .text.prvUnlockQueue
                0x0800203c       0xa4 bin/freertos/queue.o
 .text.prvIsQueueEmpty
                0x080020e0       0x2c bin/freertos/queue.o
 .text.prvIsQueueFull
                0x0800210c       0x30 bin/freertos/queue.o
 .text.prvCreateTask
                0x0800213c       0x78 bin/freertos/tasks.o
 .text.xTaskCreate
                0x080021b4       0x46 bin/freertos/tasks.o
                0x080021b4                xTaskCreate
 .text.prvInitialiseNewTask
                0x080021fa      0x110 bin/freertos/tasks.o
 *fill*         0x0800230a        0x2 
 .text.prvAddNewTaskToReadyList
                0x0800230c      0x128 bin/freertos/tasks.o
 .text.xTaskDelayUntil
                0x08002434      0x104 bin/freertos/tasks.o
                0x08002434                xTaskDelayUntil
 .text.vTaskDelay
                0x08002538       0x6c bin/freertos/tasks.o
                0x08002538                vTaskDelay
 .text.prvCreateIdleTasks
                0x080025a4       0x94 bin/freertos/tasks.o
 .text.vTaskStartScheduler
                0x08002638       0x7c bin/freertos/tasks.o
                0x08002638                vTaskStartScheduler
 .text.vTaskSuspendAll
                0x080026b4       0x1c bin/freertos/tasks.o
                0x080026b4                vTaskSuspendAll
 .text.xTaskResumeAll
                0x080026d0      0x210 bin/freertos/tasks.o
                0x080026d0                xTaskResumeAll
 .text.xTaskGetTickCount
                0x080028e0       0x1c bin/freertos/tasks.o
                0x080028e0                xTaskGetTickCount
 .text.uxTaskGetNumberOfTasks
                0x080028fc       0x14 bin/freertos/tasks.o
                0x080028fc                uxTaskGetNumberOfTasks
 .text.xTaskIncrementTick
                0x08002910      0x234 bin/freertos/tasks.o
                0x08002910                xTaskIncrementTick
 .text.vTaskSwitchContext
                0x08002b44       0xb8 bin/freertos/tasks.o
                0x08002b44                vTaskSwitchContext
 .text.vTaskPlaceOnEventList
                0x08002bfc       0x4c bin/freertos/tasks.o
                0x08002bfc                vTaskPlaceOnEventList
 .text.xTaskRemoveFromEventList
                0x08002c48      0x1b0 bin/freertos/tasks.o
                0x08002c48                xTaskRemoveFromEventList
 .text.vTaskInternalSetTimeOutState
                0x08002df8       0x2c bin/freertos/tasks.o
                0x08002df8                vTaskInternalSetTimeOutState
 .text.xTaskCheckForTimeOut
                0x08002e24       0xd0 bin/freertos/tasks.o
                0x08002e24                xTaskCheckForTimeOut
 .text.vTaskMissedYield
                0x08002ef4       0x18 bin/freertos/tasks.o
                0x08002ef4                vTaskMissedYield
 .text.prvIdleTask
                0x08002f0c       0x30 bin/freertos/tasks.o
 .text.prvInitialiseTaskLists
                0x08002f3c       0x80 bin/freertos/tasks.o
 .text.prvCheckTasksWaitingTermination
                0x08002fbc       0x5c bin/freertos/tasks.o
 .text.prvDeleteTCB
                0x08003018       0x20 bin/freertos/tasks.o
 .text.prvResetNextTaskUnblockTime
                0x08003038       0x34 bin/freertos/tasks.o
 .text.xTaskGetSchedulerState
                0x0800306c       0x3c bin/freertos/tasks.o
                0x0800306c                xTaskGetSchedulerState
 .text.xTaskPriorityDisinherit
                0x080030a8      0x150 bin/freertos/tasks.o
                0x080030a8                xTaskPriorityDisinherit
 .text.prvAddCurrentTaskToDelayedList
                0x080031f8      0x104 bin/freertos/tasks.o
 .text.pxPortInitialiseStack
                0x080032fc       0x58 bin/freertos/portable/GCC/ARM_CM3/port.o
                0x080032fc                pxPortInitialiseStack
 .text.prvTaskExitError
                0x08003354       0x58 bin/freertos/portable/GCC/ARM_CM3/port.o
 *fill*         0x080033ac        0x4 
 .text.sv_call_handler
                0x080033b0       0x28 bin/freertos/portable/GCC/ARM_CM3/port.o
                0x080033b0                sv_call_handler
 .text.prvPortStartFirstTask
                0x080033d8       0x24 bin/freertos/portable/GCC/ARM_CM3/port.o
 .text.xPortStartScheduler
                0x080033fc      0x17c bin/freertos/portable/GCC/ARM_CM3/port.o
                0x080033fc                xPortStartScheduler
 .text.vPortEnterCritical
                0x08003578       0x60 bin/freertos/portable/GCC/ARM_CM3/port.o
                0x08003578                vPortEnterCritical
 .text.vPortExitCritical
                0x080035d8       0x54 bin/freertos/portable/GCC/ARM_CM3/port.o
                0x080035d8                vPortExitCritical
 *fill*         0x0800362c        0x4 
 .text.pend_sv_handler
                0x08003630       0x48 bin/freertos/portable/GCC/ARM_CM3/port.o
                0x08003630                pend_sv_handler
 .text.sys_tick_handler
                0x08003678       0x44 bin/freertos/portable/GCC/ARM_CM3/port.o
                0x08003678                sys_tick_handler
 .text.vPortSetupTimerInterrupt
                0x080036bc       0x34 bin/freertos/portable/GCC/ARM_CM3/port.o
                0x080036bc                vPortSetupTimerInterrupt
 .text.vPortValidateInterruptPriority
                0x080036f0       0x80 bin/freertos/portable/GCC/ARM_CM3/port.o
                0x080036f0                vPortValidateInterruptPriority
 .text.pvPortMalloc
                0x08003770      0x264 bin/freertos/heap_4.o
                0x08003770                pvPortMalloc
 .text.vPortFree
                0x080039d4       0xec bin/freertos/heap_4.o
                0x080039d4                vPortFree
 .text.prvHeapInit
                0x08003ac0       0xb4 bin/freertos/heap_4.o
 .text.prvInsertBlockIntoFreeList
                0x08003b74       0xf4 bin/freertos/heap_4.o
 .text.adc_power_on
                0x08003c68       0x10 third_party/libopencm3/lib/libopencm3_stm32f1.a(adc.o)
                0x08003c68                adc_power_on
 .text.adc_start_conversion_direct
                0x08003c78       0x10 third_party/libopencm3/lib/libopencm3_stm32f1.a(adc.o)
                0x08003c78                adc_start_conversion_direct
 .text.adc_reset_calibration
                0x08003c88       0x14 third_party/libopencm3/lib/libopencm3_stm32f1.a(adc.o)
                0x08003c88                adc_reset_calibration
 .text.adc_calibrate_async
                0x08003c9c        0xa third_party/libopencm3/lib/libopencm3_stm32f1.a(adc.o)
                0x08003c9c                adc_calibrate_async
 .text.adc_is_calibrating
                0x08003ca6        0x8 third_party/libopencm3/lib/libopencm3_stm32f1.a(adc.o)
                0x08003ca6                adc_is_calibrating
 .text.adc_calibrate
                0x08003cae       0x14 third_party/libopencm3/lib/libopencm3_stm32f1.a(adc.o)
                0x08003cae                adc_calibrate
 .text.adc_set_sample_time
                0x08003cc2       0x34 third_party/libopencm3/lib/libopencm3_stm32f1.a(adc.o)
                0x08003cc2                adc_set_sample_time
 .text.adc_power_off
                0x08003cf6        0xa third_party/libopencm3/lib/libopencm3_stm32f1.a(adc_common_v1.o)
                0x08003cf6                adc_power_off
 .text.adc_disable_scan_mode
                0x08003d00        0xa third_party/libopencm3/lib/libopencm3_stm32f1.a(adc_common_v1.o)
                0x08003d00                adc_disable_scan_mode
 .text.adc_set_right_aligned
                0x08003d0a        0xa third_party/libopencm3/lib/libopencm3_stm32f1.a(adc_common_v1.o)
                0x08003d0a                adc_set_right_aligned
 .text.adc_eoc  0x08003d14        0x8 third_party/libopencm3/lib/libopencm3_stm32f1.a(adc_common_v1.o)
                0x08003d14                adc_eoc
 .text.adc_read_regular
                0x08003d1c        0x4 third_party/libopencm3/lib/libopencm3_stm32f1.a(adc_common_v1.o)
                0x08003d1c                adc_read_regular
 .text.adc_set_single_conversion_mode
                0x08003d20        0xa third_party/libopencm3/lib/libopencm3_stm32f1.a(adc_common_v1.o)
                0x08003d20                adc_set_single_conversion_mode
 .text.adc_set_regular_sequence
                0x08003d2a       0x5c third_party/libopencm3/lib/libopencm3_stm32f1.a(adc_common_v1.o)
                0x08003d2a                adc_set_regular_sequence
 *fill*         0x08003d86        0x2 
 .text.exti_set_trigger
                0x08003d88       0x48 third_party/libopencm3/lib/libopencm3_stm32f1.a(exti_common_all.o)
                0x08003d88                exti_set_trigger
 .text.exti_enable_request
                0x08003dd0       0x1c third_party/libopencm3/lib/libopencm3_stm32f1.a(exti_common_all.o)
                0x08003dd0                exti_enable_request
 .text.exti_reset_request
                0x08003dec        0xc third_party/libopencm3/lib/libopencm3_stm32f1.a(exti_common_all.o)
                0x08003dec                exti_reset_request
 .text.exti_get_flag_status
                0x08003df8       0x10 third_party/libopencm3/lib/libopencm3_stm32f1.a(exti_common_all.o)
                0x08003df8                exti_get_flag_status
 .text.exti_select_source
                0x08003e08       0xa0 third_party/libopencm3/lib/libopencm3_stm32f1.a(exti_common_all.o)
                0x08003e08                exti_select_source
 .text.gpio_set_mode
                0x08003ea8       0x5e third_party/libopencm3/lib/libopencm3_stm32f1.a(gpio.o)
                0x08003ea8                gpio_set_mode
 .text.gpio_set
                0x08003f06        0x4 third_party/libopencm3/lib/libopencm3_stm32f1.a(gpio_common_all.o)
                0x08003f06                gpio_set
 .text.gpio_clear
                0x08003f0a        0x6 third_party/libopencm3/lib/libopencm3_stm32f1.a(gpio_common_all.o)
                0x08003f0a                gpio_clear
 .text.gpio_get
                0x08003f10        0x6 third_party/libopencm3/lib/libopencm3_stm32f1.a(gpio_common_all.o)
                0x08003f10                gpio_get
 .text.gpio_toggle
                0x08003f16       0x12 third_party/libopencm3/lib/libopencm3_stm32f1.a(gpio_common_all.o)
                0x08003f16                gpio_toggle
 .text.rcc_is_osc_ready
                0x08003f28       0x58 third_party/libopencm3/lib/libopencm3_stm32f1.a(rcc.o)
                0x08003f28                rcc_is_osc_ready
 .text.rcc_wait_for_osc_ready
                0x08003f80       0x10 third_party/libopencm3/lib/libopencm3_stm32f1.a(rcc.o)
                0x08003f80                rcc_wait_for_osc_ready
 .text.rcc_osc_on
                0x08003f90       0x60 third_party/libopencm3/lib/libopencm3_stm32f1.a(rcc.o)
                0x08003f90                rcc_osc_on
 .text.rcc_set_sysclk_source
                0x08003ff0       0x14 third_party/libopencm3/lib/libopencm3_stm32f1.a(rcc.o)
                0x08003ff0                rcc_set_sysclk_source
 .text.rcc_set_pll_multiplication_factor
                0x08004004       0x14 third_party/libopencm3/lib/libopencm3_stm32f1.a(rcc.o)
                0x08004004                rcc_set_pll_multiplication_factor
 .text.rcc_set_pll2_multiplication_factor
                0x08004018       0x14 third_party/libopencm3/lib/libopencm3_stm32f1.a(rcc.o)
                0x08004018                rcc_set_pll2_multiplication_factor
 .text.rcc_set_pll3_multiplication_factor
                0x0800402c       0x14 third_party/libopencm3/lib/libopencm3_stm32f1.a(rcc.o)
                0x0800402c                rcc_set_pll3_multiplication_factor
 .text.rcc_set_pll_source
                0x08004040       0x14 third_party/libopencm3/lib/libopencm3_stm32f1.a(rcc.o)
                0x08004040                rcc_set_pll_source
 .text.rcc_set_pllxtpre
                0x08004054       0x14 third_party/libopencm3/lib/libopencm3_stm32f1.a(rcc.o)
                0x08004054                rcc_set_pllxtpre
 .text.rcc_set_adcpre
                0x08004068       0x14 third_party/libopencm3/lib/libopencm3_stm32f1.a(rcc.o)
                0x08004068                rcc_set_adcpre
 .text.rcc_set_ppre2
                0x0800407c       0x14 third_party/libopencm3/lib/libopencm3_stm32f1.a(rcc.o)
                0x0800407c                rcc_set_ppre2
 .text.rcc_set_ppre1
                0x08004090       0x14 third_party/libopencm3/lib/libopencm3_stm32f1.a(rcc.o)
                0x08004090                rcc_set_ppre1
 .text.rcc_set_hpre
                0x080040a4       0x14 third_party/libopencm3/lib/libopencm3_stm32f1.a(rcc.o)
                0x080040a4                rcc_set_hpre
 .text.rcc_set_usbpre
                0x080040b8       0x18 third_party/libopencm3/lib/libopencm3_stm32f1.a(rcc.o)
                0x080040b8                rcc_set_usbpre
 .text.rcc_set_prediv1
                0x080040d0       0x14 third_party/libopencm3/lib/libopencm3_stm32f1.a(rcc.o)
                0x080040d0                rcc_set_prediv1
 .text.rcc_set_prediv2
                0x080040e4       0x14 third_party/libopencm3/lib/libopencm3_stm32f1.a(rcc.o)
                0x080040e4                rcc_set_prediv2
 .text.rcc_set_prediv1_source
                0x080040f8       0x18 third_party/libopencm3/lib/libopencm3_stm32f1.a(rcc.o)
                0x080040f8                rcc_set_prediv1_source
 .text.rcc_clock_setup_pll
                0x08004110       0xbc third_party/libopencm3/lib/libopencm3_stm32f1.a(rcc.o)
                0x08004110                rcc_clock_setup_pll
 .text.rcc_get_usart_clk_freq
                0x080041cc       0x1c third_party/libopencm3/lib/libopencm3_stm32f1.a(rcc.o)
                0x080041cc                rcc_get_usart_clk_freq
 .text.rcc_periph_clock_enable
                0x080041e8       0x1a third_party/libopencm3/lib/libopencm3_stm32f1.a(rcc_common_all.o)
                0x080041e8                rcc_periph_clock_enable
 .text.timer_enable_counter
                0x08004202        0xa third_party/libopencm3/lib/libopencm3_stm32f1.a(timer_common_all.o)
                0x08004202                timer_enable_counter
 .text.timer_disable_counter
                0x0800420c        0xa third_party/libopencm3/lib/libopencm3_stm32f1.a(timer_common_all.o)
                0x0800420c                timer_disable_counter
 .text.timer_set_prescaler
                0x08004216        0x4 third_party/libopencm3/lib/libopencm3_stm32f1.a(timer_common_all.o)
                0x08004216                timer_set_prescaler
 .text.timer_set_period
                0x0800421a        0x4 third_party/libopencm3/lib/libopencm3_stm32f1.a(timer_common_all.o)
                0x0800421a                timer_set_period
 .text.timer_set_oc_mode
                0x0800421e      0x18c third_party/libopencm3/lib/libopencm3_stm32f1.a(timer_common_all.o)
                0x0800421e                timer_set_oc_mode
 .text.timer_enable_oc_output
                0x080043aa       0x4a third_party/libopencm3/lib/libopencm3_stm32f1.a(timer_common_all.o)
                0x080043aa                timer_enable_oc_output
 .text.timer_set_oc_value
                0x080043f4       0x20 third_party/libopencm3/lib/libopencm3_stm32f1.a(timer_common_all.o)
                0x080043f4                timer_set_oc_value
 .text.usart_set_baudrate
                0x08004414       0x16 third_party/libopencm3/lib/libopencm3_stm32f1.a(usart_common_all.o)
                0x08004414                usart_set_baudrate
 .text.usart_set_databits
                0x0800442a       0x12 third_party/libopencm3/lib/libopencm3_stm32f1.a(usart_common_all.o)
                0x0800442a                usart_set_databits
 .text.usart_set_stopbits
                0x0800443c        0xc third_party/libopencm3/lib/libopencm3_stm32f1.a(usart_common_all.o)
                0x0800443c                usart_set_stopbits
 .text.usart_set_parity
                0x08004448        0xc third_party/libopencm3/lib/libopencm3_stm32f1.a(usart_common_all.o)
                0x08004448                usart_set_parity
 .text.usart_set_mode
                0x08004454        0xc third_party/libopencm3/lib/libopencm3_stm32f1.a(usart_common_all.o)
                0x08004454                usart_set_mode
 .text.usart_set_flow_control
                0x08004460        0xc third_party/libopencm3/lib/libopencm3_stm32f1.a(usart_common_all.o)
                0x08004460                usart_set_flow_control
 .text.usart_enable
                0x0800446c        0xa third_party/libopencm3/lib/libopencm3_stm32f1.a(usart_common_all.o)
                0x0800446c                usart_enable
 .text.usart_send_blocking
                0x08004476       0x16 third_party/libopencm3/lib/libopencm3_stm32f1.a(usart_common_all.o)
                0x08004476                usart_send_blocking
 .text.usart_enable_rx_interrupt
                0x0800448c        0xa third_party/libopencm3/lib/libopencm3_stm32f1.a(usart_common_all.o)
                0x0800448c                usart_enable_rx_interrupt
 .text.usart_send
                0x08004496        0x8 third_party/libopencm3/lib/libopencm3_stm32f1.a(usart_common_f124.o)
                0x08004496                usart_send
 .text.usart_recv
                0x0800449e        0x8 third_party/libopencm3/lib/libopencm3_stm32f1.a(usart_common_f124.o)
                0x0800449e                usart_recv
 .text.usart_wait_send_ready
                0x080044a6        0x8 third_party/libopencm3/lib/libopencm3_stm32f1.a(usart_common_f124.o)
                0x080044a6                usart_wait_send_ready
 .text.usart_get_flag
                0x080044ae        0xc third_party/libopencm3/lib/libopencm3_stm32f1.a(usart_common_f124.o)
                0x080044ae                usart_get_flag
 .text.blocking_handler
                0x080044ba        0x2 third_party/libopencm3/lib/libopencm3_stm32f1.a(vector.o)
                0x080044ba                usart3_isr
                0x080044ba                rtc_isr
                0x080044ba                tim7_isr
                0x080044ba                adc1_2_isr
                0x080044ba                tim1_trg_com_isr
                0x080044ba                usb_hp_can_tx_isr
                0x080044ba                tim6_isr
                0x080044ba                usb_wakeup_isr
                0x080044ba                blocking_handler
                0x080044ba                tim5_isr
                0x080044ba                otg_fs_isr
                0x080044ba                spi1_isr
                0x080044ba                exti2_isr
                0x080044ba                dma1_channel6_isr
                0x080044ba                can_rx1_isr
                0x080044ba                dma1_channel5_isr
                0x080044ba                dma2_channel5_isr
                0x080044ba                usage_fault_handler
                0x080044ba                tim8_trg_com_isr
                0x080044ba                can2_rx0_isr
                0x080044ba                tim1_brk_isr
                0x080044ba                can2_rx1_isr
                0x080044ba                tim1_cc_isr
                0x080044ba                sdio_isr
                0x080044ba                eth_isr
                0x080044ba                dma1_channel4_isr
                0x080044ba                tim8_brk_isr
                0x080044ba                dma2_channel4_5_isr
                0x080044ba                pvd_isr
                0x080044ba                rcc_isr
                0x080044ba                flash_isr
                0x080044ba                uart4_isr
                0x080044ba                rtc_alarm_isr
                0x080044ba                hard_fault_handler
                0x080044ba                exti1_isr
                0x080044ba                i2c1_ev_isr
                0x080044ba                dma2_channel1_isr
                0x080044ba                spi2_isr
                0x080044ba                tim8_up_isr
                0x080044ba                dma2_channel2_isr
                0x080044ba                exti3_isr
                0x080044ba                adc3_isr
                0x080044ba                tim3_isr
                0x080044ba                usart2_isr
                0x080044ba                usb_lp_can_rx0_isr
                0x080044ba                i2c2_er_isr
                0x080044ba                i2c2_ev_isr
                0x080044ba                uart5_isr
                0x080044ba                fsmc_isr
                0x080044ba                dma1_channel1_isr
                0x080044ba                exti4_isr
                0x080044ba                mem_manage_handler
                0x080044ba                can2_tx_isr
                0x080044ba                exti9_5_isr
                0x080044ba                dma2_channel3_isr
                0x080044ba                dma1_channel7_isr
                0x080044ba                tim1_up_isr
                0x080044ba                can2_sce_isr
                0x080044ba                tim4_isr
                0x080044ba                dma1_channel2_isr
                0x080044ba                i2c1_er_isr
                0x080044ba                can_sce_isr
                0x080044ba                tim8_cc_isr
                0x080044ba                tamper_isr
                0x080044ba                eth_wkup_isr
                0x080044ba                bus_fault_handler
                0x080044ba                wwdg_isr
                0x080044ba                dma1_channel3_isr
                0x080044ba                spi3_isr
                0x080044ba                tim2_isr
                0x080044ba                exti0_isr
 .text.null_handler
                0x080044bc        0x2 third_party/libopencm3/lib/libopencm3_stm32f1.a(vector.o)
                0x080044bc                null_handler
                0x080044bc                debug_monitor_handler
                0x080044bc                nmi_handler
 *fill*         0x080044be        0x2 
 .text.reset_handler
                0x080044c0       0x94 third_party/libopencm3/lib/libopencm3_stm32f1.a(vector.o)
                0x080044c0                reset_handler
 .text.nvic_enable_irq
                0x08004554       0x18 third_party/libopencm3/lib/libopencm3_stm32f1.a(nvic.o)
                0x08004554                nvic_enable_irq
 .text.nvic_set_priority
                0x0800456c       0x20 third_party/libopencm3/lib/libopencm3_stm32f1.a(nvic.o)
                0x0800456c                nvic_set_priority
 .text.flash_set_ws
                0x0800458c       0x14 third_party/libopencm3/lib/libopencm3_stm32f1.a(flash_common_all.o)
                0x0800458c                flash_set_ws
 .text          0x080045a0       0x5c /usr/lib/gcc/arm-none-eabi/13.2.1/../../../arm-none-eabi/lib/thumb/v7-m/nofp/libc_nano.a(libc_a-strlen-stub.o)
                0x080045a0                strlen
 .text          0x080045fc       0xa0 /usr/lib/gcc/arm-none-eabi/13.2.1/../../../arm-none-eabi/lib/thumb/v7-m/nofp/libc_nano.a(libc_a-memset.o)
                0x080045fc                memset
 .text          0x0800469c       0xec /usr/lib/gcc/arm-none-eabi/13.2.1/../../../arm-none-eabi/lib/thumb/v7-m/nofp/libc_nano.a(libc_a-memcpy.o)
                0x0800469c                memcpy
 .text          0x08004788       0x6c /usr/lib/gcc/arm-none-eabi/13.2.1/../../../arm-none-eabi/lib/thumb/v7-m/nofp/libc_nano.a(libc_a-strncpy.o)
                0x08004788                strncpy
 .text          0x080047f4       0x8c /usr/lib/gcc/arm-none-eabi/13.2.1/../../../arm-none-eabi/lib/thumb/v7-m/nofp/libc_nano.a(libc_a-strncmp.o)
                0x080047f4                strncmp
 .text          0x08004880      0x1bc /usr/lib/gcc/arm-none-eabi/13.2.1/../../../arm-none-eabi/lib/thumb/v7-m/nofp/libc_nano.a(libc_a-strcmp.o)
                0x08004880                strcmp
 .text          0x08004a3c      0x10c /usr/lib/gcc/arm-none-eabi/13.2.1/../../../arm-none-eabi/lib/thumb/v7-m/nofp/libc_nano.a(libc_a-snprintf.o)
                0x08004a3c                _sniprintf_r
                0x08004a3c                _snprintf_r
                0x08004abc                snprintf
                0x08004abc                sniprintf
 .text          0x08004b48      0x400 /usr/lib/gcc/arm-none-eabi/13.2.1/../../../arm-none-eabi/lib/thumb/v7-m/nofp/libc_nano.a(libc_a-nano-svfprintf.o)
                0x08004b48                __ssputs_r
                0x08004c08                __ssprint_r
                0x08004d18                _svfprintf_r
                0x08004d18                _svfiprintf_r
 .text          0x08004f48      0x14c /usr/lib/gcc/arm-none-eabi/13.2.1/../../../arm-none-eabi/lib/thumb/v7-m/nofp/libc_nano.a(libc_a-mallocr.o)
                0x08004f94                _malloc_r
 .text          0x08005094       0xbc /usr/lib/gcc/arm-none-eabi/13.2.1/../../../arm-none-eabi/lib/thumb/v7-m/nofp/libc_nano.a(libc_a-freer.o)
                0x08005094                _free_r
 .text          0x08005150       0xfc /usr/lib/gcc/arm-none-eabi/13.2.1/../../../arm-none-eabi/lib/thumb/v7-m/nofp/libc_nano.a(libc_a-memmove.o)
                0x08005150                memmove
 .text          0x0800524c       0x64 /usr/lib/gcc/arm-none-eabi/13.2.1/../../../arm-none-eabi/lib/thumb/v7-m/nofp/libc_nano.a(libc_a-reallocr.o)
                0x0800524c                _realloc_r
 .text          0x080052b0      0x3a8 /usr/lib/gcc/arm-none-eabi/13.2.1/../../../arm-none-eabi/lib/thumb/v7-m/nofp/libc_nano.a(libc_a-nano-vfprintf_i.o)
                0x080052b0                _printf_common
                0x080053d4                _printf_i
 .text          0x08005658        0x8 /usr/lib/gcc/arm-none-eabi/13.2.1/../../../arm-none-eabi/lib/thumb/v7-m/nofp/libc_nano.a(libc_a-mlock.o)
                0x08005658                __malloc_lock
                0x0800565c                __malloc_unlock
 .text          0x08005660       0x98 /usr/lib/gcc/arm-none-eabi/13.2.1/../../../arm-none-eabi/lib/thumb/v7-m/nofp/libc_nano.a(libc_a-memchr-stub.o)
                0x08005660                memchr
 .text          0x080056f8       0x24 /usr/lib/gcc/arm-none-eabi/13.2.1/../../../arm-none-eabi/lib/thumb/v7-m/nofp/libc_nano.a(libc_a-sbrkr.o)
                0x080056f8                _sbrk_r
 .text          0x0800571c       0x10 /usr/lib/gcc/arm-none-eabi/13.2.1/../../../arm-none-eabi/lib/thumb/v7-m/nofp/libc_nano.a(libc_a-msizer.o)
                0x0800571c                _malloc_usable_size_r
 .text          0x0800572c       0x1c /usr/lib/gcc/arm-none-eabi/13.2.1/../../../arm-none-eabi/lib/thumb/v7-m/nofp/libnosys.a(sbrk.o)
                0x0800572c                _sbrk
 *(.rodata*)
 .rodata        0x08005748       0x70 bin/app/tasks.o
 .rodata        0x080057b8       0x36 bin/protocol/protocol.o
 *fill*         0x080057ee        0x2 
 .rodata        0x080057f0        0x9 bin/protocol/parser.o
 *fill*         0x080057f9        0x3 
 .rodata        0x080057fc       0x19 bin/app/app.o
 *fill*         0x08005815        0x3 
 .rodata        0x08005818        0x9 bin/app/sensors.o
 *fill*         0x08005821        0x3 
 .rodata        0x08005824       0x27 bin/app/actuators.o
 *fill*         0x0800584b        0x1 
 .rodata.uxTopUsedPriority
                0x0800584c        0x4 bin/freertos/tasks.o
 .rodata        0x08005850        0x5 bin/freertos/tasks.o
 *fill*         0x08005855        0x3 
 .rodata.rcc_hse_configs
                0x08005858       0x8c third_party/libopencm3/lib/libopencm3_stm32f1.a(rcc.o)
                0x08005858                rcc_hse_configs
 .rodata.str1.4
                0x080058e4       0x39 /usr/lib/gcc/arm-none-eabi/13.2.1/../../../arm-none-eabi/lib/thumb/v7-m/nofp/libc_nano.a(libc_a-nano-svfprintf.o)
                                 0x13 (size before relaxing)
 .rodata.str1.4
                0x0800591d       0x25 /usr/lib/gcc/arm-none-eabi/13.2.1/../../../arm-none-eabi/lib/thumb/v7-m/nofp/libc_nano.a(libc_a-nano-vfprintf_i.o)
 *(.glue_7)
 .glue_7        0x0800591d        0x0 linker stubs
 *(.glue_7t)
 .glue_7t       0x0800591d        0x0 linker stubs
 *(.eh_frame)

.vfp11_veneer   0x08005920        0x0
 .vfp11_veneer  0x08005920        0x0 linker stubs

.v4_bx          0x08005920        0x0
 .v4_bx         0x08005920        0x0 linker stubs

.iplt           0x08005920        0x0
 .iplt          0x08005920        0x0 bin/main.o

.rel.dyn        0x08005920        0x0
 .rel.iplt      0x08005920        0x0 bin/main.o

.data           0x20000000       0x60 load address 0x0800591d
                0x20000000                        _data = .
                0x0800591d                        _data_loadaddr = LOADADDR (.data)
 *(.data*)
 .data.uxCriticalNesting
                0x20000000        0x4 bin/freertos/portable/GCC/ARM_CM3/port.o
 .data.rcc_ahb_frequency
                0x20000004        0x4 third_party/libopencm3/lib/libopencm3_stm32f1.a(rcc.o)
                0x20000004                rcc_ahb_frequency
 .data.rcc_apb2_frequency
                0x20000008        0x4 third_party/libopencm3/lib/libopencm3_stm32f1.a(rcc.o)
                0x20000008                rcc_apb2_frequency
 .data.rcc_apb1_frequency
                0x2000000c        0x4 third_party/libopencm3/lib/libopencm3_stm32f1.a(rcc.o)
                0x2000000c                rcc_apb1_frequency
 .data          0x20000010       0x50 /usr/lib/gcc/arm-none-eabi/13.2.1/../../../arm-none-eabi/lib/thumb/v7-m/nofp/libc_nano.a(libc_a-impure.o)
                0x20000010                _impure_ptr
                0x20000014                _impure_data
                0x20000060                        . = ALIGN (0x4)
                0x20000060                        _edata = .

.igot.plt       0x20000060        0x0 load address 0x08005980
 .igot.plt      0x20000060        0x0 bin/main.o

.bss            0x20000060     0x298c load address 0x08005980
                0x20000060                        _bss = .
 *(.bss*)
 .bss.g_uart_rx_isr_queue
                0x20000060        0x4 bin/app/tasks.o
 .bss.g_parser_input_queue
                0x20000064        0x4 bin/app/tasks.o
 .bss.g_uart_tx_queue
                0x20000068        0x4 bin/app/tasks.o
 .bss.g_actuator_queue
                0x2000006c        0x4 bin/app/tasks.o
 .bss.g_parser_byte_count
                0x20000070        0x4 bin/app/tasks.o
 .bss.g_parser_message_count
                0x20000074        0x4 bin/app/tasks.o
 .bss.g_parser_error_count
                0x20000078        0x4 bin/app/tasks.o
 .bss.g_ack_estop_received
                0x2000007c        0x1 bin/app/tasks.o
                0x2000007c                g_ack_estop_received
 .bss.g_emergency_active
                0x2000007d        0x1 bin/app/tasks.o
                0x2000007d                g_emergency_active
 *fill*         0x2000007e        0x2 
 .bss.g_uart_rx_queue
                0x20000080        0x4 bin/drivers/uart_comm.o
 .bss.g_uart_rx_irq_count
                0x20000084        0x4 bin/drivers/uart_comm.o
 .bss.g_uart_rx_drop_count
                0x20000088        0x4 bin/drivers/uart_comm.o
 .bss.g_last_adc_value
                0x2000008c        0x2 bin/app/sensors.o
 .bss.g_emergency_active
                0x2000008e        0x1 bin/app/actuators.o
 .bss.g_red_led_state
                0x2000008f        0x1 bin/app/actuators.o
 .bss.g_last_blink_tick
                0x20000090        0x4 bin/app/actuators.o
 .bss.g_raw_event_pending
                0x20000094        0x1 bin/app/button.o
 .bss.g_raw_button_state
                0x20000095        0x1 bin/app/button.o
 .bss.g_button_pressed
                0x20000096        0x1 bin/app/button.o
 .bss.g_last_reported_state
                0x20000097        0x1 bin/app/button.o
 .bss.g_last_event_tick
                0x20000098        0x4 bin/app/button.o
 .bss.g_button_event_count
                0x2000009c        0x4 bin/app/button.o
 .bss.pxCurrentTCB
                0x200000a0        0x4 bin/freertos/tasks.o
                0x200000a0                pxCurrentTCB
 .bss.pxReadyTasksLists
                0x200000a4       0x78 bin/freertos/tasks.o
 .bss.xDelayedTaskList1
                0x2000011c       0x14 bin/freertos/tasks.o
 .bss.xDelayedTaskList2
                0x20000130       0x14 bin/freertos/tasks.o
 .bss.pxDelayedTaskList
                0x20000144        0x4 bin/freertos/tasks.o
 .bss.pxOverflowDelayedTaskList
                0x20000148        0x4 bin/freertos/tasks.o
 .bss.xPendingReadyList
                0x2000014c       0x14 bin/freertos/tasks.o
 .bss.xTasksWaitingTermination
                0x20000160       0x14 bin/freertos/tasks.o
 .bss.uxDeletedTasksWaitingCleanUp
                0x20000174        0x4 bin/freertos/tasks.o
 .bss.xSuspendedTaskList
                0x20000178       0x14 bin/freertos/tasks.o
 .bss.uxCurrentNumberOfTasks
                0x2000018c        0x4 bin/freertos/tasks.o
 .bss.xTickCount
                0x20000190        0x4 bin/freertos/tasks.o
 .bss.uxTopReadyPriority
                0x20000194        0x4 bin/freertos/tasks.o
 .bss.xSchedulerRunning
                0x20000198        0x4 bin/freertos/tasks.o
 .bss.xPendedTicks
                0x2000019c        0x4 bin/freertos/tasks.o
 .bss.xYieldPendings
                0x200001a0        0x4 bin/freertos/tasks.o
 .bss.xNumOfOverflows
                0x200001a4        0x4 bin/freertos/tasks.o
 .bss.uxTaskNumber
                0x200001a8        0x4 bin/freertos/tasks.o
 .bss.xNextTaskUnblockTime
                0x200001ac        0x4 bin/freertos/tasks.o
 .bss.xIdleTaskHandles
                0x200001b0        0x4 bin/freertos/tasks.o
 .bss.uxSchedulerSuspended
                0x200001b4        0x4 bin/freertos/tasks.o
 .bss.ucMaxSysCallPriority
                0x200001b8        0x1 bin/freertos/portable/GCC/ARM_CM3/port.o
 *fill*         0x200001b9        0x3 
 .bss.ulMaxPRIGROUPValue
                0x200001bc        0x4 bin/freertos/portable/GCC/ARM_CM3/port.o
 .bss.ucHeap    0x200001c0     0x2800 bin/freertos/heap_4.o
 .bss.xStart    0x200029c0        0x8 bin/freertos/heap_4.o
 .bss.pxEnd     0x200029c8        0x4 bin/freertos/heap_4.o
 .bss.xFreeBytesRemaining
                0x200029cc        0x4 bin/freertos/heap_4.o
 .bss.xMinimumEverFreeBytesRemaining
                0x200029d0        0x4 bin/freertos/heap_4.o
 .bss.xNumberOfSuccessfulAllocations
                0x200029d4        0x4 bin/freertos/heap_4.o
 .bss.xNumberOfSuccessfulFrees
                0x200029d8        0x4 bin/freertos/heap_4.o
 .bss           0x200029dc        0x8 /usr/lib/gcc/arm-none-eabi/13.2.1/../../../arm-none-eabi/lib/thumb/v7-m/nofp/libc_nano.a(libc_a-mallocr.o)
                0x200029dc                __malloc_sbrk_start
                0x200029e0                __malloc_free_list
 .bss           0x200029e4        0x4 /usr/lib/gcc/arm-none-eabi/13.2.1/../../../arm-none-eabi/lib/thumb/v7-m/nofp/libc_nano.a(libc_a-reent.o)
                0x200029e4                errno
 .bss           0x200029e8        0x4 /usr/lib/gcc/arm-none-eabi/13.2.1/../../../arm-none-eabi/lib/thumb/v7-m/nofp/libnosys.a(sbrk.o)
 *(COMMON)
                0x200029ec                        . = ALIGN (0x4)
                0x200029ec                        _ebss = .

.init_array     0x200029ec        0x0
                0x200029ec                        __init_array_start = .
 *(.init_array*)
                0x200029ec                        __init_array_end = .

.fini_array     0x200029ec        0x0
                0x200029ec                        __fini_array_start = .
 *(.fini_array*)
                0x200029ec                        __fini_array_end = .

.preinit_array  0x200029ec        0x0
                0x200029ec                        __preinit_array_start = .
 *(.preinit_array*)
                0x200029ec                        __preinit_array_end = .
                0x0800591d                        _etext = (LOADADDR (.text) + SIZEOF (.text))

/DISCARD/
 *(.ARM.exidx*)
                0x200029ec                        PROVIDE (end = _ebss)
OUTPUT(bin/main.elf elf32-littlearm)
LOAD linker stubs

.debug_info     0x00000000    0x12f17
 .debug_info    0x00000000      0x228 bin/main.o
 .debug_info    0x00000228      0x23b bin/platform/system_init.o
 .debug_info    0x00000463      0x991 bin/app/tasks.o
 .debug_info    0x00000df4      0x580 bin/drivers/uart_comm.o
 .debug_info    0x00001374      0x438 bin/protocol/protocol.o
 .debug_info    0x000017ac      0x498 bin/protocol/parser.o
 .debug_info    0x00001c44      0x292 bin/app/app.o
 .debug_info    0x00001ed6      0x4f6 bin/app/sensors.o
 .debug_info    0x000023cc      0x5f0 bin/app/actuators.o
 .debug_info    0x000029bc      0x4e8 bin/app/button.o
 .debug_info    0x00002ea4      0x29a bin/freertos/list.o
 .debug_info    0x0000313e     0x168e bin/freertos/queue.o
 .debug_info    0x000047cc     0x22bc bin/freertos/tasks.o
 .debug_info    0x00006a88      0x503 bin/freertos/portable/GCC/ARM_CM3/port.o
 .debug_info    0x00006f8b      0x5bb bin/freertos/heap_4.o
 .debug_info    0x00007546      0x37d third_party/libopencm3/lib/libopencm3_stm32f1.a(adc.o)
 .debug_info    0x000078c3      0x831 third_party/libopencm3/lib/libopencm3_stm32f1.a(adc_common_v1.o)
 .debug_info    0x000080f4      0x208 third_party/libopencm3/lib/libopencm3_stm32f1.a(exti_common_all.o)
 .debug_info    0x000082fc      0x1d1 third_party/libopencm3/lib/libopencm3_stm32f1.a(gpio.o)
 .debug_info    0x000084cd      0x23a third_party/libopencm3/lib/libopencm3_stm32f1.a(gpio_common_all.o)
 .debug_info    0x00008707     0x14b6 third_party/libopencm3/lib/libopencm3_stm32f1.a(rcc.o)
 .debug_info    0x00009bbd      0x5e6 third_party/libopencm3/lib/libopencm3_stm32f1.a(rcc_common_all.o)
 .debug_info    0x0000a1a3      0xfea third_party/libopencm3/lib/libopencm3_stm32f1.a(timer_common_all.o)
 .debug_info    0x0000b18d      0x649 third_party/libopencm3/lib/libopencm3_stm32f1.a(usart_common_all.o)
 .debug_info    0x0000b7d6      0x176 third_party/libopencm3/lib/libopencm3_stm32f1.a(usart_common_f124.o)
 .debug_info    0x0000b94c      0x2b8 third_party/libopencm3/lib/libopencm3_stm32f1.a(vector.o)
 .debug_info    0x0000bc04      0x212 third_party/libopencm3/lib/libopencm3_stm32f1.a(nvic.o)
 .debug_info    0x0000be16       0xe5 third_party/libopencm3/lib/libopencm3_stm32f1.a(flash_common_all.o)
 .debug_info    0x0000befb       0xbd /usr/lib/gcc/arm-none-eabi/13.2.1/../../../arm-none-eabi/lib/thumb/v7-m/nofp/libc_nano.a(libc_a-strlen-stub.o)
 .debug_info    0x0000bfb8      0x135 /usr/lib/gcc/arm-none-eabi/13.2.1/../../../arm-none-eabi/lib/thumb/v7-m/nofp/libc_nano.a(libc_a-memset.o)
 .debug_info    0x0000c0ed       0x33 /usr/lib/gcc/arm-none-eabi/13.2.1/../../../arm-none-eabi/lib/thumb/v7-m/nofp/libc_nano.a(libc_a-memcpy.o)
 .debug_info    0x0000c120      0x14a /usr/lib/gcc/arm-none-eabi/13.2.1/../../../arm-none-eabi/lib/thumb/v7-m/nofp/libc_nano.a(libc_a-strncpy.o)
 .debug_info    0x0000c26a      0x108 /usr/lib/gcc/arm-none-eabi/13.2.1/../../../arm-none-eabi/lib/thumb/v7-m/nofp/libc_nano.a(libc_a-strncmp.o)
 .debug_info    0x0000c372       0x33 /usr/lib/gcc/arm-none-eabi/13.2.1/../../../arm-none-eabi/lib/thumb/v7-m/nofp/libc_nano.a(libc_a-strcmp.o)
 .debug_info    0x0000c3a5      0x8ff /usr/lib/gcc/arm-none-eabi/13.2.1/../../../arm-none-eabi/lib/thumb/v7-m/nofp/libc_nano.a(libc_a-snprintf.o)
 .debug_info    0x0000cca4      0x70b /usr/lib/gcc/arm-none-eabi/13.2.1/../../../arm-none-eabi/lib/thumb/v7-m/nofp/libc_nano.a(libc_a-impure.o)
 .debug_info    0x0000d3af     0x1094 /usr/lib/gcc/arm-none-eabi/13.2.1/../../../arm-none-eabi/lib/thumb/v7-m/nofp/libc_nano.a(libc_a-nano-svfprintf.o)
 .debug_info    0x0000e443      0x9b6 /usr/lib/gcc/arm-none-eabi/13.2.1/../../../arm-none-eabi/lib/thumb/v7-m/nofp/libc_nano.a(libc_a-mallocr.o)
 .debug_info    0x0000edf9      0x87f /usr/lib/gcc/arm-none-eabi/13.2.1/../../../arm-none-eabi/lib/thumb/v7-m/nofp/libc_nano.a(libc_a-freer.o)
 .debug_info    0x0000f678      0x148 /usr/lib/gcc/arm-none-eabi/13.2.1/../../../arm-none-eabi/lib/thumb/v7-m/nofp/libc_nano.a(libc_a-memmove.o)
 .debug_info    0x0000f7c0      0x8cd /usr/lib/gcc/arm-none-eabi/13.2.1/../../../arm-none-eabi/lib/thumb/v7-m/nofp/libc_nano.a(libc_a-reallocr.o)
 .debug_info    0x0001008d      0xdd7 /usr/lib/gcc/arm-none-eabi/13.2.1/../../../arm-none-eabi/lib/thumb/v7-m/nofp/libc_nano.a(libc_a-nano-vfprintf_i.o)
 .debug_info    0x00010e64      0x71c /usr/lib/gcc/arm-none-eabi/13.2.1/../../../arm-none-eabi/lib/thumb/v7-m/nofp/libc_nano.a(libc_a-mlock.o)
 .debug_info    0x00011580      0x14a /usr/lib/gcc/arm-none-eabi/13.2.1/../../../arm-none-eabi/lib/thumb/v7-m/nofp/libc_nano.a(libc_a-memchr-stub.o)
 .debug_info    0x000116ca      0x778 /usr/lib/gcc/arm-none-eabi/13.2.1/../../../arm-none-eabi/lib/thumb/v7-m/nofp/libc_nano.a(libc_a-sbrkr.o)
 .debug_info    0x00011e42      0x78a /usr/lib/gcc/arm-none-eabi/13.2.1/../../../arm-none-eabi/lib/thumb/v7-m/nofp/libc_nano.a(libc_a-msizer.o)
 .debug_info    0x000125cc      0x89f /usr/lib/gcc/arm-none-eabi/13.2.1/../../../arm-none-eabi/lib/thumb/v7-m/nofp/libc_nano.a(libc_a-reent.o)
 .debug_info    0x00012e6b       0xac /usr/lib/gcc/arm-none-eabi/13.2.1/../../../arm-none-eabi/lib/thumb/v7-m/nofp/libnosys.a(sbrk.o)

.debug_abbrev   0x00000000     0x475d
 .debug_abbrev  0x00000000       0xfb bin/main.o
 .debug_abbrev  0x000000fb       0x7d bin/platform/system_init.o
 .debug_abbrev  0x00000178      0x261 bin/app/tasks.o
 .debug_abbrev  0x000003d9      0x18b bin/drivers/uart_comm.o
 .debug_abbrev  0x00000564      0x175 bin/protocol/protocol.o
 .debug_abbrev  0x000006d9      0x1b9 bin/protocol/parser.o
 .debug_abbrev  0x00000892      0x148 bin/app/app.o
 .debug_abbrev  0x000009da      0x14c bin/app/sensors.o
 .debug_abbrev  0x00000b26      0x1a7 bin/app/actuators.o
 .debug_abbrev  0x00000ccd      0x184 bin/app/button.o
 .debug_abbrev  0x00000e51       0xec bin/freertos/list.o
 .debug_abbrev  0x00000f3d      0x320 bin/freertos/queue.o
 .debug_abbrev  0x0000125d      0x379 bin/freertos/tasks.o
 .debug_abbrev  0x000015d6      0x253 bin/freertos/portable/GCC/ARM_CM3/port.o
 .debug_abbrev  0x00001829      0x258 bin/freertos/heap_4.o
 .debug_abbrev  0x00001a81      0x196 third_party/libopencm3/lib/libopencm3_stm32f1.a(adc.o)
 .debug_abbrev  0x00001c17      0x1ac third_party/libopencm3/lib/libopencm3_stm32f1.a(adc_common_v1.o)
 .debug_abbrev  0x00001dc3      0x104 third_party/libopencm3/lib/libopencm3_stm32f1.a(exti_common_all.o)
 .debug_abbrev  0x00001ec7       0xd3 third_party/libopencm3/lib/libopencm3_stm32f1.a(gpio.o)
 .debug_abbrev  0x00001f9a      0x117 third_party/libopencm3/lib/libopencm3_stm32f1.a(gpio_common_all.o)
 .debug_abbrev  0x000020b1      0x2bf third_party/libopencm3/lib/libopencm3_stm32f1.a(rcc.o)
 .debug_abbrev  0x00002370      0x186 third_party/libopencm3/lib/libopencm3_stm32f1.a(rcc_common_all.o)
 .debug_abbrev  0x000024f6      0x1ad third_party/libopencm3/lib/libopencm3_stm32f1.a(timer_common_all.o)
 .debug_abbrev  0x000026a3      0x1ab third_party/libopencm3/lib/libopencm3_stm32f1.a(usart_common_all.o)
 .debug_abbrev  0x0000284e       0xb8 third_party/libopencm3/lib/libopencm3_stm32f1.a(usart_common_f124.o)
 .debug_abbrev  0x00002906      0x149 third_party/libopencm3/lib/libopencm3_stm32f1.a(vector.o)
 .debug_abbrev  0x00002a4f       0xb7 third_party/libopencm3/lib/libopencm3_stm32f1.a(nvic.o)
 .debug_abbrev  0x00002b06       0x96 third_party/libopencm3/lib/libopencm3_stm32f1.a(flash_common_all.o)
 .debug_abbrev  0x00002b9c       0x78 /usr/lib/gcc/arm-none-eabi/13.2.1/../../../arm-none-eabi/lib/thumb/v7-m/nofp/libc_nano.a(libc_a-strlen-stub.o)
 .debug_abbrev  0x00002c14       0xb7 /usr/lib/gcc/arm-none-eabi/13.2.1/../../../arm-none-eabi/lib/thumb/v7-m/nofp/libc_nano.a(libc_a-memset.o)
 .debug_abbrev  0x00002ccb       0x28 /usr/lib/gcc/arm-none-eabi/13.2.1/../../../arm-none-eabi/lib/thumb/v7-m/nofp/libc_nano.a(libc_a-memcpy.o)
 .debug_abbrev  0x00002cf3       0xbe /usr/lib/gcc/arm-none-eabi/13.2.1/../../../arm-none-eabi/lib/thumb/v7-m/nofp/libc_nano.a(libc_a-strncpy.o)
 .debug_abbrev  0x00002db1       0x92 /usr/lib/gcc/arm-none-eabi/13.2.1/../../../arm-none-eabi/lib/thumb/v7-m/nofp/libc_nano.a(libc_a-strncmp.o)
 .debug_abbrev  0x00002e43       0x28 /usr/lib/gcc/arm-none-eabi/13.2.1/../../../arm-none-eabi/lib/thumb/v7-m/nofp/libc_nano.a(libc_a-strcmp.o)
 .debug_abbrev  0x00002e6b      0x23c /usr/lib/gcc/arm-none-eabi/13.2.1/../../../arm-none-eabi/lib/thumb/v7-m/nofp/libc_nano.a(libc_a-snprintf.o)
 .debug_abbrev  0x000030a7      0x149 /usr/lib/gcc/arm-none-eabi/13.2.1/../../../arm-none-eabi/lib/thumb/v7-m/nofp/libc_nano.a(libc_a-impure.o)
 .debug_abbrev  0x000031f0      0x32f /usr/lib/gcc/arm-none-eabi/13.2.1/../../../arm-none-eabi/lib/thumb/v7-m/nofp/libc_nano.a(libc_a-nano-svfprintf.o)
 .debug_abbrev  0x0000351f      0x24a /usr/lib/gcc/arm-none-eabi/13.2.1/../../../arm-none-eabi/lib/thumb/v7-m/nofp/libc_nano.a(libc_a-mallocr.o)
 .debug_abbrev  0x00003769      0x249 /usr/lib/gcc/arm-none-eabi/13.2.1/../../../arm-none-eabi/lib/thumb/v7-m/nofp/libc_nano.a(libc_a-freer.o)
 .debug_abbrev  0x000039b2       0xc3 /usr/lib/gcc/arm-none-eabi/13.2.1/../../../arm-none-eabi/lib/thumb/v7-m/nofp/libc_nano.a(libc_a-memmove.o)
 .debug_abbrev  0x00003a75      0x20c /usr/lib/gcc/arm-none-eabi/13.2.1/../../../arm-none-eabi/lib/thumb/v7-m/nofp/libc_nano.a(libc_a-reallocr.o)
 .debug_abbrev  0x00003c81      0x284 /usr/lib/gcc/arm-none-eabi/13.2.1/../../../arm-none-eabi/lib/thumb/v7-m/nofp/libc_nano.a(libc_a-nano-vfprintf_i.o)
 .debug_abbrev  0x00003f05      0x192 /usr/lib/gcc/arm-none-eabi/13.2.1/../../../arm-none-eabi/lib/thumb/v7-m/nofp/libc_nano.a(libc_a-mlock.o)
 .debug_abbrev  0x00004097       0xc7 /usr/lib/gcc/arm-none-eabi/13.2.1/../../../arm-none-eabi/lib/thumb/v7-m/nofp/libc_nano.a(libc_a-memchr-stub.o)
 .debug_abbrev  0x0000415e      0x1da /usr/lib/gcc/arm-none-eabi/13.2.1/../../../arm-none-eabi/lib/thumb/v7-m/nofp/libc_nano.a(libc_a-sbrkr.o)
 .debug_abbrev  0x00004338      0x196 /usr/lib/gcc/arm-none-eabi/13.2.1/../../../arm-none-eabi/lib/thumb/v7-m/nofp/libc_nano.a(libc_a-msizer.o)
 .debug_abbrev  0x000044ce      0x1ee /usr/lib/gcc/arm-none-eabi/13.2.1/../../../arm-none-eabi/lib/thumb/v7-m/nofp/libc_nano.a(libc_a-reent.o)
 .debug_abbrev  0x000046bc       0xa1 /usr/lib/gcc/arm-none-eabi/13.2.1/../../../arm-none-eabi/lib/thumb/v7-m/nofp/libnosys.a(sbrk.o)

.debug_aranges  0x00000000     0x1248
 .debug_aranges
                0x00000000       0x20 bin/main.o
 .debug_aranges
                0x00000020       0x20 bin/platform/system_init.o
 .debug_aranges
                0x00000040       0x68 bin/app/tasks.o
 .debug_aranges
                0x000000a8       0x48 bin/drivers/uart_comm.o
 .debug_aranges
                0x000000f0       0x48 bin/protocol/protocol.o
 .debug_aranges
                0x00000138       0x48 bin/protocol/parser.o
 .debug_aranges
                0x00000180       0x38 bin/app/app.o
 .debug_aranges
                0x000001b8       0x38 bin/app/sensors.o
 .debug_aranges
                0x000001f0       0x68 bin/app/actuators.o
 .debug_aranges
                0x00000258       0x40 bin/app/button.o
 .debug_aranges
                0x00000298       0x40 bin/freertos/list.o
 .debug_aranges
                0x000002d8      0x110 bin/freertos/queue.o
 .debug_aranges
                0x000003e8      0x1e8 bin/freertos/tasks.o
 .debug_aranges
                0x000005d0       0x78 bin/freertos/portable/GCC/ARM_CM3/port.o
 .debug_aranges
                0x00000648       0x68 bin/freertos/heap_4.o
 .debug_aranges
                0x000006b0       0x98 third_party/libopencm3/lib/libopencm3_stm32f1.a(adc.o)
 .debug_aranges
                0x00000748      0x158 third_party/libopencm3/lib/libopencm3_stm32f1.a(adc_common_v1.o)
 .debug_aranges
                0x000008a0       0x48 third_party/libopencm3/lib/libopencm3_stm32f1.a(exti_common_all.o)
 .debug_aranges
                0x000008e8       0x38 third_party/libopencm3/lib/libopencm3_stm32f1.a(gpio.o)
 .debug_aranges
                0x00000920       0x50 third_party/libopencm3/lib/libopencm3_stm32f1.a(gpio_common_all.o)
 .debug_aranges
                0x00000970      0x170 third_party/libopencm3/lib/libopencm3_stm32f1.a(rcc.o)
 .debug_aranges
                0x00000ae0       0x80 third_party/libopencm3/lib/libopencm3_stm32f1.a(rcc_common_all.o)
 .debug_aranges
                0x00000b60      0x278 third_party/libopencm3/lib/libopencm3_stm32f1.a(timer_common_all.o)
 .debug_aranges
                0x00000dd8       0xf0 third_party/libopencm3/lib/libopencm3_stm32f1.a(usart_common_all.o)
 .debug_aranges
                0x00000ec8       0x40 third_party/libopencm3/lib/libopencm3_stm32f1.a(usart_common_f124.o)
 .debug_aranges
                0x00000f08       0x30 third_party/libopencm3/lib/libopencm3_stm32f1.a(vector.o)
 .debug_aranges
                0x00000f38       0x60 third_party/libopencm3/lib/libopencm3_stm32f1.a(nvic.o)
 .debug_aranges
                0x00000f98       0x38 third_party/libopencm3/lib/libopencm3_stm32f1.a(flash_common_all.o)
 .debug_aranges
                0x00000fd0       0x20 /usr/lib/gcc/arm-none-eabi/13.2.1/../../../arm-none-eabi/lib/thumb/v7-m/nofp/libc_nano.a(libc_a-strlen-stub.o)
 .debug_aranges
                0x00000ff0       0x20 /usr/lib/gcc/arm-none-eabi/13.2.1/../../../arm-none-eabi/lib/thumb/v7-m/nofp/libc_nano.a(libc_a-memset.o)
 .debug_aranges
                0x00001010       0x20 /usr/lib/gcc/arm-none-eabi/13.2.1/../../../arm-none-eabi/lib/thumb/v7-m/nofp/libc_nano.a(libc_a-memcpy.o)
 .debug_aranges
                0x00001030       0x20 /usr/lib/gcc/arm-none-eabi/13.2.1/../../../arm-none-eabi/lib/thumb/v7-m/nofp/libc_nano.a(libc_a-strncpy.o)
 .debug_aranges
                0x00001050       0x20 /usr/lib/gcc/arm-none-eabi/13.2.1/../../../arm-none-eabi/lib/thumb/v7-m/nofp/libc_nano.a(libc_a-strncmp.o)
 .debug_aranges
                0x00001070       0x20 /usr/lib/gcc/arm-none-eabi/13.2.1/../../../arm-none-eabi/lib/thumb/v7-m/nofp/libc_nano.a(libc_a-strcmp.o)
 .debug_aranges
                0x00001090       0x20 /usr/lib/gcc/arm-none-eabi/13.2.1/../../../arm-none-eabi/lib/thumb/v7-m/nofp/libc_nano.a(libc_a-snprintf.o)
 .debug_aranges
                0x000010b0       0x18 /usr/lib/gcc/arm-none-eabi/13.2.1/../../../arm-none-eabi/lib/thumb/v7-m/nofp/libc_nano.a(libc_a-impure.o)
 .debug_aranges
                0x000010c8       0x20 /usr/lib/gcc/arm-none-eabi/13.2.1/../../../arm-none-eabi/lib/thumb/v7-m/nofp/libc_nano.a(libc_a-nano-svfprintf.o)
 .debug_aranges
                0x000010e8       0x20 /usr/lib/gcc/arm-none-eabi/13.2.1/../../../arm-none-eabi/lib/thumb/v7-m/nofp/libc_nano.a(libc_a-mallocr.o)
 .debug_aranges
                0x00001108       0x20 /usr/lib/gcc/arm-none-eabi/13.2.1/../../../arm-none-eabi/lib/thumb/v7-m/nofp/libc_nano.a(libc_a-freer.o)
 .debug_aranges
                0x00001128       0x20 /usr/lib/gcc/arm-none-eabi/13.2.1/../../../arm-none-eabi/lib/thumb/v7-m/nofp/libc_nano.a(libc_a-memmove.o)
 .debug_aranges
                0x00001148       0x20 /usr/lib/gcc/arm-none-eabi/13.2.1/../../../arm-none-eabi/lib/thumb/v7-m/nofp/libc_nano.a(libc_a-reallocr.o)
 .debug_aranges
                0x00001168       0x20 /usr/lib/gcc/arm-none-eabi/13.2.1/../../../arm-none-eabi/lib/thumb/v7-m/nofp/libc_nano.a(libc_a-nano-vfprintf_i.o)
 .debug_aranges
                0x00001188       0x20 /usr/lib/gcc/arm-none-eabi/13.2.1/../../../arm-none-eabi/lib/thumb/v7-m/nofp/libc_nano.a(libc_a-mlock.o)
 .debug_aranges
                0x000011a8       0x20 /usr/lib/gcc/arm-none-eabi/13.2.1/../../../arm-none-eabi/lib/thumb/v7-m/nofp/libc_nano.a(libc_a-memchr-stub.o)
 .debug_aranges
                0x000011c8       0x20 /usr/lib/gcc/arm-none-eabi/13.2.1/../../../arm-none-eabi/lib/thumb/v7-m/nofp/libc_nano.a(libc_a-sbrkr.o)
 .debug_aranges
                0x000011e8       0x20 /usr/lib/gcc/arm-none-eabi/13.2.1/../../../arm-none-eabi/lib/thumb/v7-m/nofp/libc_nano.a(libc_a-msizer.o)
 .debug_aranges
                0x00001208       0x20 /usr/lib/gcc/arm-none-eabi/13.2.1/../../../arm-none-eabi/lib/thumb/v7-m/nofp/libc_nano.a(libc_a-reent.o)
 .debug_aranges
                0x00001228       0x20 /usr/lib/gcc/arm-none-eabi/13.2.1/../../../arm-none-eabi/lib/thumb/v7-m/nofp/libnosys.a(sbrk.o)

.debug_rnglists
                0x00000000      0xceb
 .debug_rnglists
                0x00000000       0x13 bin/main.o
 .debug_rnglists
                0x00000013       0x13 bin/platform/system_init.o
 .debug_rnglists
                0x00000026       0x4d bin/app/tasks.o
 .debug_rnglists
                0x00000073       0x33 bin/drivers/uart_comm.o
 .debug_rnglists
                0x000000a6       0x33 bin/protocol/protocol.o
 .debug_rnglists
                0x000000d9       0x33 bin/protocol/parser.o
 .debug_rnglists
                0x0000010c       0x25 bin/app/app.o
 .debug_rnglists
                0x00000131       0x25 bin/app/sensors.o
 .debug_rnglists
                0x00000156       0x4b bin/app/actuators.o
 .debug_rnglists
                0x000001a1       0x2d bin/app/button.o
 .debug_rnglists
                0x000001ce       0x2b bin/freertos/list.o
 .debug_rnglists
                0x000001f9       0xd4 bin/freertos/queue.o
 .debug_rnglists
                0x000002cd      0x194 bin/freertos/tasks.o
 .debug_rnglists
                0x00000461       0x57 bin/freertos/portable/GCC/ARM_CM3/port.o
 .debug_rnglists
                0x000004b8       0x4e bin/freertos/heap_4.o
 .debug_rnglists
                0x00000506       0x6d third_party/libopencm3/lib/libopencm3_stm32f1.a(adc.o)
 .debug_rnglists
                0x00000573       0xfd third_party/libopencm3/lib/libopencm3_stm32f1.a(adc_common_v1.o)
 .debug_rnglists
                0x00000670       0x3f third_party/libopencm3/lib/libopencm3_stm32f1.a(exti_common_all.o)
 .debug_rnglists
                0x000006af       0x25 third_party/libopencm3/lib/libopencm3_stm32f1.a(gpio.o)
 .debug_rnglists
                0x000006d4       0x37 third_party/libopencm3/lib/libopencm3_stm32f1.a(gpio_common_all.o)
 .debug_rnglists
                0x0000070b      0x160 third_party/libopencm3/lib/libopencm3_stm32f1.a(rcc.o)
 .debug_rnglists
                0x0000086b       0x5b third_party/libopencm3/lib/libopencm3_stm32f1.a(rcc_common_all.o)
 .debug_rnglists
                0x000008c6      0x1d6 third_party/libopencm3/lib/libopencm3_stm32f1.a(timer_common_all.o)
 .debug_rnglists
                0x00000a9c       0xaf third_party/libopencm3/lib/libopencm3_stm32f1.a(usart_common_all.o)
 .debug_rnglists
                0x00000b4b       0x2b third_party/libopencm3/lib/libopencm3_stm32f1.a(usart_common_f124.o)
 .debug_rnglists
                0x00000b76       0x20 third_party/libopencm3/lib/libopencm3_stm32f1.a(vector.o)
 .debug_rnglists
                0x00000b96       0x43 third_party/libopencm3/lib/libopencm3_stm32f1.a(nvic.o)
 .debug_rnglists
                0x00000bd9       0x25 third_party/libopencm3/lib/libopencm3_stm32f1.a(flash_common_all.o)
 .debug_rnglists
                0x00000bfe       0x13 /usr/lib/gcc/arm-none-eabi/13.2.1/../../../arm-none-eabi/lib/thumb/v7-m/nofp/libc_nano.a(libc_a-strlen-stub.o)
 .debug_rnglists
                0x00000c11       0x42 /usr/lib/gcc/arm-none-eabi/13.2.1/../../../arm-none-eabi/lib/thumb/v7-m/nofp/libc_nano.a(libc_a-nano-svfprintf.o)
 .debug_rnglists
                0x00000c53       0x1f /usr/lib/gcc/arm-none-eabi/13.2.1/../../../arm-none-eabi/lib/thumb/v7-m/nofp/libc_nano.a(libc_a-mallocr.o)
 .debug_rnglists
                0x00000c72       0x13 /usr/lib/gcc/arm-none-eabi/13.2.1/../../../arm-none-eabi/lib/thumb/v7-m/nofp/libc_nano.a(libc_a-freer.o)
 .debug_rnglists
                0x00000c85       0x66 /usr/lib/gcc/arm-none-eabi/13.2.1/../../../arm-none-eabi/lib/thumb/v7-m/nofp/libc_nano.a(libc_a-nano-vfprintf_i.o)

.debug_line     0x00000000     0xbbf6
 .debug_line    0x00000000      0x119 bin/main.o
 .debug_line    0x00000119       0xd3 bin/platform/system_init.o
 .debug_line    0x000001ec      0x42f bin/app/tasks.o
 .debug_line    0x0000061b      0x2dd bin/drivers/uart_comm.o
 .debug_line    0x000008f8      0x284 bin/protocol/protocol.o
 .debug_line    0x00000b7c      0x2e8 bin/protocol/parser.o
 .debug_line    0x00000e64      0x146 bin/app/app.o
 .debug_line    0x00000faa      0x201 bin/app/sensors.o
 .debug_line    0x000011ab      0x37f bin/app/actuators.o
 .debug_line    0x0000152a      0x2c3 bin/app/button.o
 .debug_line    0x000017ed      0x20d bin/freertos/list.o
 .debug_line    0x000019fa      0xfd3 bin/freertos/queue.o
 .debug_line    0x000029cd     0x16cb bin/freertos/tasks.o
 .debug_line    0x00004098      0x3eb bin/freertos/portable/GCC/ARM_CM3/port.o
 .debug_line    0x00004483      0x583 bin/freertos/heap_4.o
 .debug_line    0x00004a06      0x463 third_party/libopencm3/lib/libopencm3_stm32f1.a(adc.o)
 .debug_line    0x00004e69      0x76e third_party/libopencm3/lib/libopencm3_stm32f1.a(adc_common_v1.o)
 .debug_line    0x000055d7      0x30c third_party/libopencm3/lib/libopencm3_stm32f1.a(exti_common_all.o)
 .debug_line    0x000058e3      0x293 third_party/libopencm3/lib/libopencm3_stm32f1.a(gpio.o)
 .debug_line    0x00005b76      0x27b third_party/libopencm3/lib/libopencm3_stm32f1.a(gpio_common_all.o)
 .debug_line    0x00005df1      0xc28 third_party/libopencm3/lib/libopencm3_stm32f1.a(rcc.o)
 .debug_line    0x00006a19      0x322 third_party/libopencm3/lib/libopencm3_stm32f1.a(rcc_common_all.o)
 .debug_line    0x00006d3b      0xf61 third_party/libopencm3/lib/libopencm3_stm32f1.a(timer_common_all.o)
 .debug_line    0x00007c9c      0x545 third_party/libopencm3/lib/libopencm3_stm32f1.a(usart_common_all.o)
 .debug_line    0x000081e1      0x262 third_party/libopencm3/lib/libopencm3_stm32f1.a(usart_common_f124.o)
 .debug_line    0x00008443      0x2ad third_party/libopencm3/lib/libopencm3_stm32f1.a(vector.o)
 .debug_line    0x000086f0      0x2a3 third_party/libopencm3/lib/libopencm3_stm32f1.a(nvic.o)
 .debug_line    0x00008993      0x22c third_party/libopencm3/lib/libopencm3_stm32f1.a(flash_common_all.o)
 .debug_line    0x00008bbf       0xf4 /usr/lib/gcc/arm-none-eabi/13.2.1/../../../arm-none-eabi/lib/thumb/v7-m/nofp/libc_nano.a(libc_a-strlen-stub.o)
 .debug_line    0x00008cb3      0x1b1 /usr/lib/gcc/arm-none-eabi/13.2.1/../../../arm-none-eabi/lib/thumb/v7-m/nofp/libc_nano.a(libc_a-memset.o)
 .debug_line    0x00008e64       0xbd /usr/lib/gcc/arm-none-eabi/13.2.1/../../../arm-none-eabi/lib/thumb/v7-m/nofp/libc_nano.a(libc_a-memcpy.o)
 .debug_line    0x00008f21      0x184 /usr/lib/gcc/arm-none-eabi/13.2.1/../../../arm-none-eabi/lib/thumb/v7-m/nofp/libc_nano.a(libc_a-strncpy.o)
 .debug_line    0x000090a5      0x1ea /usr/lib/gcc/arm-none-eabi/13.2.1/../../../arm-none-eabi/lib/thumb/v7-m/nofp/libc_nano.a(libc_a-strncmp.o)
 .debug_line    0x0000928f       0xdd /usr/lib/gcc/arm-none-eabi/13.2.1/../../../arm-none-eabi/lib/thumb/v7-m/nofp/libc_nano.a(libc_a-strcmp.o)
 .debug_line    0x0000936c      0x356 /usr/lib/gcc/arm-none-eabi/13.2.1/../../../arm-none-eabi/lib/thumb/v7-m/nofp/libc_nano.a(libc_a-snprintf.o)
 .debug_line    0x000096c2       0xe7 /usr/lib/gcc/arm-none-eabi/13.2.1/../../../arm-none-eabi/lib/thumb/v7-m/nofp/libc_nano.a(libc_a-impure.o)
 .debug_line    0x000097a9      0x862 /usr/lib/gcc/arm-none-eabi/13.2.1/../../../arm-none-eabi/lib/thumb/v7-m/nofp/libc_nano.a(libc_a-nano-svfprintf.o)
 .debug_line    0x0000a00b      0x45c /usr/lib/gcc/arm-none-eabi/13.2.1/../../../arm-none-eabi/lib/thumb/v7-m/nofp/libc_nano.a(libc_a-mallocr.o)
 .debug_line    0x0000a467      0x2c8 /usr/lib/gcc/arm-none-eabi/13.2.1/../../../arm-none-eabi/lib/thumb/v7-m/nofp/libc_nano.a(libc_a-freer.o)
 .debug_line    0x0000a72f      0x20d /usr/lib/gcc/arm-none-eabi/13.2.1/../../../arm-none-eabi/lib/thumb/v7-m/nofp/libc_nano.a(libc_a-memmove.o)
 .debug_line    0x0000a93c      0x1fa /usr/lib/gcc/arm-none-eabi/13.2.1/../../../arm-none-eabi/lib/thumb/v7-m/nofp/libc_nano.a(libc_a-reallocr.o)
 .debug_line    0x0000ab36      0x770 /usr/lib/gcc/arm-none-eabi/13.2.1/../../../arm-none-eabi/lib/thumb/v7-m/nofp/libc_nano.a(libc_a-nano-vfprintf_i.o)
 .debug_line    0x0000b2a6      0x153 /usr/lib/gcc/arm-none-eabi/13.2.1/../../../arm-none-eabi/lib/thumb/v7-m/nofp/libc_nano.a(libc_a-mlock.o)
 .debug_line    0x0000b3f9      0x200 /usr/lib/gcc/arm-none-eabi/13.2.1/../../../arm-none-eabi/lib/thumb/v7-m/nofp/libc_nano.a(libc_a-memchr-stub.o)
 .debug_line    0x0000b5f9      0x196 /usr/lib/gcc/arm-none-eabi/13.2.1/../../../arm-none-eabi/lib/thumb/v7-m/nofp/libc_nano.a(libc_a-sbrkr.o)
 .debug_line    0x0000b78f      0x176 /usr/lib/gcc/arm-none-eabi/13.2.1/../../../arm-none-eabi/lib/thumb/v7-m/nofp/libc_nano.a(libc_a-msizer.o)
 .debug_line    0x0000b905      0x27b /usr/lib/gcc/arm-none-eabi/13.2.1/../../../arm-none-eabi/lib/thumb/v7-m/nofp/libc_nano.a(libc_a-reent.o)
 .debug_line    0x0000bb80       0x76 /usr/lib/gcc/arm-none-eabi/13.2.1/../../../arm-none-eabi/lib/thumb/v7-m/nofp/libnosys.a(sbrk.o)

.debug_str      0x00000000    0x1a093
 .debug_str     0x00000000    0x1a093 bin/main.o
                                0x30b (size before relaxing)
 .debug_str     0x0001a093      0x3a2 bin/platform/system_init.o
 .debug_str     0x0001a093      0x86f bin/app/tasks.o
 .debug_str     0x0001a093      0x6d5 bin/drivers/uart_comm.o
 .debug_str     0x0001a093      0x355 bin/protocol/protocol.o
 .debug_str     0x0001a093      0x4ef bin/protocol/parser.o
 .debug_str     0x0001a093      0x32d bin/app/app.o
 .debug_str     0x0001a093      0x659 bin/app/sensors.o
 .debug_str     0x0001a093      0x793 bin/app/actuators.o
 .debug_str     0x0001a093      0x6b0 bin/app/button.o
 .debug_str     0x0001a093      0x2a7 bin/freertos/list.o
 .debug_str     0x0001a093      0xa73 bin/freertos/queue.o
 .debug_str     0x0001a093     0x102a bin/freertos/tasks.o
 .debug_str     0x0001a093      0x422 bin/freertos/portable/GCC/ARM_CM3/port.o
 .debug_str     0x0001a093      0x4e0 bin/freertos/heap_4.o
 .debug_str     0x0001a093     0x70d9 third_party/libopencm3/lib/libopencm3_stm32f1.a(adc.o)
 .debug_str     0x0001a093     0x741f third_party/libopencm3/lib/libopencm3_stm32f1.a(adc_common_v1.o)
 .debug_str     0x0001a093     0x8706 third_party/libopencm3/lib/libopencm3_stm32f1.a(exti_common_all.o)
 .debug_str     0x0001a093     0x82d2 third_party/libopencm3/lib/libopencm3_stm32f1.a(gpio.o)
 .debug_str     0x0001a093     0x82d0 third_party/libopencm3/lib/libopencm3_stm32f1.a(gpio_common_all.o)
 .debug_str     0x0001a093     0x7f32 third_party/libopencm3/lib/libopencm3_stm32f1.a(rcc.o)
 .debug_str     0x0001a093     0x7635 third_party/libopencm3/lib/libopencm3_stm32f1.a(rcc_common_all.o)
 .debug_str     0x0001a093     0xbbdc third_party/libopencm3/lib/libopencm3_stm32f1.a(timer_common_all.o)
 .debug_str     0x0001a093     0x8288 third_party/libopencm3/lib/libopencm3_stm32f1.a(usart_common_all.o)
 .debug_str     0x0001a093     0x7ff4 third_party/libopencm3/lib/libopencm3_stm32f1.a(usart_common_f124.o)
 .debug_str     0x0001a093     0x6321 third_party/libopencm3/lib/libopencm3_stm32f1.a(vector.o)
 .debug_str     0x0001a093     0x58ee third_party/libopencm3/lib/libopencm3_stm32f1.a(nvic.o)
 .debug_str     0x0001a093     0x5220 third_party/libopencm3/lib/libopencm3_stm32f1.a(flash_common_all.o)
 .debug_str     0x0001a093      0x19b /usr/lib/gcc/arm-none-eabi/13.2.1/../../../arm-none-eabi/lib/thumb/v7-m/nofp/libc_nano.a(libc_a-strlen-stub.o)
 .debug_str     0x0001a093      0x1a5 /usr/lib/gcc/arm-none-eabi/13.2.1/../../../arm-none-eabi/lib/thumb/v7-m/nofp/libc_nano.a(libc_a-memset.o)
 .debug_str     0x0001a093       0xa8 /usr/lib/gcc/arm-none-eabi/13.2.1/../../../arm-none-eabi/lib/thumb/v7-m/nofp/libc_nano.a(libc_a-memcpy.o)
 .debug_str     0x0001a093      0x1bb /usr/lib/gcc/arm-none-eabi/13.2.1/../../../arm-none-eabi/lib/thumb/v7-m/nofp/libc_nano.a(libc_a-strncpy.o)
 .debug_str     0x0001a093      0x193 /usr/lib/gcc/arm-none-eabi/13.2.1/../../../arm-none-eabi/lib/thumb/v7-m/nofp/libc_nano.a(libc_a-strncmp.o)
 .debug_str     0x0001a093       0xa8 /usr/lib/gcc/arm-none-eabi/13.2.1/../../../arm-none-eabi/lib/thumb/v7-m/nofp/libc_nano.a(libc_a-strcmp.o)
 .debug_str     0x0001a093      0x502 /usr/lib/gcc/arm-none-eabi/13.2.1/../../../arm-none-eabi/lib/thumb/v7-m/nofp/libc_nano.a(libc_a-snprintf.o)
 .debug_str     0x0001a093      0x4b4 /usr/lib/gcc/arm-none-eabi/13.2.1/../../../arm-none-eabi/lib/thumb/v7-m/nofp/libc_nano.a(libc_a-impure.o)
 .debug_str     0x0001a093      0x7fd /usr/lib/gcc/arm-none-eabi/13.2.1/../../../arm-none-eabi/lib/thumb/v7-m/nofp/libc_nano.a(libc_a-nano-svfprintf.o)
 .debug_str     0x0001a093      0x595 /usr/lib/gcc/arm-none-eabi/13.2.1/../../../arm-none-eabi/lib/thumb/v7-m/nofp/libc_nano.a(libc_a-mallocr.o)
 .debug_str     0x0001a093      0x534 /usr/lib/gcc/arm-none-eabi/13.2.1/../../../arm-none-eabi/lib/thumb/v7-m/nofp/libc_nano.a(libc_a-freer.o)
 .debug_str     0x0001a093      0x1c4 /usr/lib/gcc/arm-none-eabi/13.2.1/../../../arm-none-eabi/lib/thumb/v7-m/nofp/libc_nano.a(libc_a-memmove.o)
 .debug_str     0x0001a093      0x52a /usr/lib/gcc/arm-none-eabi/13.2.1/../../../arm-none-eabi/lib/thumb/v7-m/nofp/libc_nano.a(libc_a-reallocr.o)
 .debug_str     0x0001a093      0x793 /usr/lib/gcc/arm-none-eabi/13.2.1/../../../arm-none-eabi/lib/thumb/v7-m/nofp/libc_nano.a(libc_a-nano-vfprintf_i.o)
 .debug_str     0x0001a093      0x4d2 /usr/lib/gcc/arm-none-eabi/13.2.1/../../../arm-none-eabi/lib/thumb/v7-m/nofp/libc_nano.a(libc_a-mlock.o)
 .debug_str     0x0001a093      0x1b5 /usr/lib/gcc/arm-none-eabi/13.2.1/../../../arm-none-eabi/lib/thumb/v7-m/nofp/libc_nano.a(libc_a-memchr-stub.o)
 .debug_str     0x0001a093      0x4bd /usr/lib/gcc/arm-none-eabi/13.2.1/../../../arm-none-eabi/lib/thumb/v7-m/nofp/libc_nano.a(libc_a-sbrkr.o)
 .debug_str     0x0001a093      0x4fd /usr/lib/gcc/arm-none-eabi/13.2.1/../../../arm-none-eabi/lib/thumb/v7-m/nofp/libc_nano.a(libc_a-msizer.o)
 .debug_str     0x0001a093      0x4d3 /usr/lib/gcc/arm-none-eabi/13.2.1/../../../arm-none-eabi/lib/thumb/v7-m/nofp/libc_nano.a(libc_a-reent.o)
 .debug_str     0x0001a093      0x115 /usr/lib/gcc/arm-none-eabi/13.2.1/../../../arm-none-eabi/lib/thumb/v7-m/nofp/libnosys.a(sbrk.o)

.comment        0x00000000       0x26
 .comment       0x00000000       0x26 bin/main.o
                                 0x27 (size before relaxing)
 .comment       0x00000026       0x27 bin/platform/system_init.o
 .comment       0x00000026       0x27 bin/app/tasks.o
 .comment       0x00000026       0x27 bin/drivers/uart_comm.o
 .comment       0x00000026       0x27 bin/protocol/protocol.o
 .comment       0x00000026       0x27 bin/protocol/parser.o
 .comment       0x00000026       0x27 bin/app/app.o
 .comment       0x00000026       0x27 bin/app/sensors.o
 .comment       0x00000026       0x27 bin/app/actuators.o
 .comment       0x00000026       0x27 bin/app/button.o
 .comment       0x00000026       0x27 bin/freertos/list.o
 .comment       0x00000026       0x27 bin/freertos/queue.o
 .comment       0x00000026       0x27 bin/freertos/tasks.o
 .comment       0x00000026       0x27 bin/freertos/portable/GCC/ARM_CM3/port.o
 .comment       0x00000026       0x27 bin/freertos/heap_4.o
 .comment       0x00000026       0x27 third_party/libopencm3/lib/libopencm3_stm32f1.a(adc.o)
 .comment       0x00000026       0x27 third_party/libopencm3/lib/libopencm3_stm32f1.a(adc_common_v1.o)
 .comment       0x00000026       0x27 third_party/libopencm3/lib/libopencm3_stm32f1.a(exti_common_all.o)
 .comment       0x00000026       0x27 third_party/libopencm3/lib/libopencm3_stm32f1.a(gpio.o)
 .comment       0x00000026       0x27 third_party/libopencm3/lib/libopencm3_stm32f1.a(gpio_common_all.o)
 .comment       0x00000026       0x27 third_party/libopencm3/lib/libopencm3_stm32f1.a(rcc.o)
 .comment       0x00000026       0x27 third_party/libopencm3/lib/libopencm3_stm32f1.a(rcc_common_all.o)
 .comment       0x00000026       0x27 third_party/libopencm3/lib/libopencm3_stm32f1.a(timer_common_all.o)
 .comment       0x00000026       0x27 third_party/libopencm3/lib/libopencm3_stm32f1.a(usart_common_all.o)
 .comment       0x00000026       0x27 third_party/libopencm3/lib/libopencm3_stm32f1.a(usart_common_f124.o)
 .comment       0x00000026       0x27 third_party/libopencm3/lib/libopencm3_stm32f1.a(vector.o)
 .comment       0x00000026       0x27 third_party/libopencm3/lib/libopencm3_stm32f1.a(nvic.o)
 .comment       0x00000026       0x27 third_party/libopencm3/lib/libopencm3_stm32f1.a(flash_common_all.o)
 .comment       0x00000026       0x27 /usr/lib/gcc/arm-none-eabi/13.2.1/../../../arm-none-eabi/lib/thumb/v7-m/nofp/libc_nano.a(libc_a-strlen-stub.o)
 .comment       0x00000026       0x27 /usr/lib/gcc/arm-none-eabi/13.2.1/../../../arm-none-eabi/lib/thumb/v7-m/nofp/libc_nano.a(libc_a-memset.o)
 .comment       0x00000026       0x27 /usr/lib/gcc/arm-none-eabi/13.2.1/../../../arm-none-eabi/lib/thumb/v7-m/nofp/libc_nano.a(libc_a-strncpy.o)
 .comment       0x00000026       0x27 /usr/lib/gcc/arm-none-eabi/13.2.1/../../../arm-none-eabi/lib/thumb/v7-m/nofp/libc_nano.a(libc_a-strncmp.o)
 .comment       0x00000026       0x27 /usr/lib/gcc/arm-none-eabi/13.2.1/../../../arm-none-eabi/lib/thumb/v7-m/nofp/libc_nano.a(libc_a-snprintf.o)
 .comment       0x00000026       0x27 /usr/lib/gcc/arm-none-eabi/13.2.1/../../../arm-none-eabi/lib/thumb/v7-m/nofp/libc_nano.a(libc_a-impure.o)
 .comment       0x00000026       0x27 /usr/lib/gcc/arm-none-eabi/13.2.1/../../../arm-none-eabi/lib/thumb/v7-m/nofp/libc_nano.a(libc_a-nano-svfprintf.o)
 .comment       0x00000026       0x27 /usr/lib/gcc/arm-none-eabi/13.2.1/../../../arm-none-eabi/lib/thumb/v7-m/nofp/libc_nano.a(libc_a-mallocr.o)
 .comment       0x00000026       0x27 /usr/lib/gcc/arm-none-eabi/13.2.1/../../../arm-none-eabi/lib/thumb/v7-m/nofp/libc_nano.a(libc_a-freer.o)
 .comment       0x00000026       0x27 /usr/lib/gcc/arm-none-eabi/13.2.1/../../../arm-none-eabi/lib/thumb/v7-m/nofp/libc_nano.a(libc_a-memmove.o)
 .comment       0x00000026       0x27 /usr/lib/gcc/arm-none-eabi/13.2.1/../../../arm-none-eabi/lib/thumb/v7-m/nofp/libc_nano.a(libc_a-reallocr.o)
 .comment       0x00000026       0x27 /usr/lib/gcc/arm-none-eabi/13.2.1/../../../arm-none-eabi/lib/thumb/v7-m/nofp/libc_nano.a(libc_a-nano-vfprintf_i.o)
 .comment       0x00000026       0x27 /usr/lib/gcc/arm-none-eabi/13.2.1/../../../arm-none-eabi/lib/thumb/v7-m/nofp/libc_nano.a(libc_a-mlock.o)
 .comment       0x00000026       0x27 /usr/lib/gcc/arm-none-eabi/13.2.1/../../../arm-none-eabi/lib/thumb/v7-m/nofp/libc_nano.a(libc_a-memchr-stub.o)
 .comment       0x00000026       0x27 /usr/lib/gcc/arm-none-eabi/13.2.1/../../../arm-none-eabi/lib/thumb/v7-m/nofp/libc_nano.a(libc_a-sbrkr.o)
 .comment       0x00000026       0x27 /usr/lib/gcc/arm-none-eabi/13.2.1/../../../arm-none-eabi/lib/thumb/v7-m/nofp/libc_nano.a(libc_a-msizer.o)
 .comment       0x00000026       0x27 /usr/lib/gcc/arm-none-eabi/13.2.1/../../../arm-none-eabi/lib/thumb/v7-m/nofp/libc_nano.a(libc_a-reent.o)
 .comment       0x00000026       0x27 /usr/lib/gcc/arm-none-eabi/13.2.1/../../../arm-none-eabi/lib/thumb/v7-m/nofp/libnosys.a(sbrk.o)

.ARM.attributes
                0x00000000       0x2b
 .ARM.attributes
                0x00000000       0x2d bin/main.o
 .ARM.attributes
                0x0000002d       0x2d bin/platform/system_init.o
 .ARM.attributes
                0x0000005a       0x2d bin/app/tasks.o
 .ARM.attributes
                0x00000087       0x2d bin/drivers/uart_comm.o
 .ARM.attributes
                0x000000b4       0x2d bin/protocol/protocol.o
 .ARM.attributes
                0x000000e1       0x2d bin/protocol/parser.o
 .ARM.attributes
                0x0000010e       0x2d bin/app/app.o
 .ARM.attributes
                0x0000013b       0x2d bin/app/sensors.o
 .ARM.attributes
                0x00000168       0x2d bin/app/actuators.o
 .ARM.attributes
                0x00000195       0x2d bin/app/button.o
 .ARM.attributes
                0x000001c2       0x2d bin/freertos/list.o
 .ARM.attributes
                0x000001ef       0x2d bin/freertos/queue.o
 .ARM.attributes
                0x0000021c       0x2d bin/freertos/tasks.o
 .ARM.attributes
                0x00000249       0x2d bin/freertos/portable/GCC/ARM_CM3/port.o
 .ARM.attributes
                0x00000276       0x2d bin/freertos/heap_4.o
 .ARM.attributes
                0x000002a3       0x2d third_party/libopencm3/lib/libopencm3_stm32f1.a(adc.o)
 .ARM.attributes
                0x000002d0       0x2d third_party/libopencm3/lib/libopencm3_stm32f1.a(adc_common_v1.o)
 .ARM.attributes
                0x000002fd       0x2d third_party/libopencm3/lib/libopencm3_stm32f1.a(exti_common_all.o)
 .ARM.attributes
                0x0000032a       0x2d third_party/libopencm3/lib/libopencm3_stm32f1.a(gpio.o)
 .ARM.attributes
                0x00000357       0x2d third_party/libopencm3/lib/libopencm3_stm32f1.a(gpio_common_all.o)
 .ARM.attributes
                0x00000384       0x2d third_party/libopencm3/lib/libopencm3_stm32f1.a(rcc.o)
 .ARM.attributes
                0x000003b1       0x2d third_party/libopencm3/lib/libopencm3_stm32f1.a(rcc_common_all.o)
 .ARM.attributes
                0x000003de       0x2d third_party/libopencm3/lib/libopencm3_stm32f1.a(timer_common_all.o)
 .ARM.attributes
                0x0000040b       0x2d third_party/libopencm3/lib/libopencm3_stm32f1.a(usart_common_all.o)
 .ARM.attributes
                0x00000438       0x2d third_party/libopencm3/lib/libopencm3_stm32f1.a(usart_common_f124.o)
 .ARM.attributes
                0x00000465       0x2d third_party/libopencm3/lib/libopencm3_stm32f1.a(vector.o)
 .ARM.attributes
                0x00000492       0x2d third_party/libopencm3/lib/libopencm3_stm32f1.a(nvic.o)
 .ARM.attributes
                0x000004bf       0x2d third_party/libopencm3/lib/libopencm3_stm32f1.a(flash_common_all.o)
 .ARM.attributes
                0x000004ec       0x2d /usr/lib/gcc/arm-none-eabi/13.2.1/../../../arm-none-eabi/lib/thumb/v7-m/nofp/libc_nano.a(libc_a-strlen-stub.o)
 .ARM.attributes
                0x00000519       0x2d /usr/lib/gcc/arm-none-eabi/13.2.1/../../../arm-none-eabi/lib/thumb/v7-m/nofp/libc_nano.a(libc_a-memset.o)
 .ARM.attributes
                0x00000546       0x1b /usr/lib/gcc/arm-none-eabi/13.2.1/../../../arm-none-eabi/lib/thumb/v7-m/nofp/libc_nano.a(libc_a-memcpy.o)
 .ARM.attributes
                0x00000561       0x2d /usr/lib/gcc/arm-none-eabi/13.2.1/../../../arm-none-eabi/lib/thumb/v7-m/nofp/libc_nano.a(libc_a-strncpy.o)
 .ARM.attributes
                0x0000058e       0x2d /usr/lib/gcc/arm-none-eabi/13.2.1/../../../arm-none-eabi/lib/thumb/v7-m/nofp/libc_nano.a(libc_a-strncmp.o)
 .ARM.attributes
                0x000005bb       0x1b /usr/lib/gcc/arm-none-eabi/13.2.1/../../../arm-none-eabi/lib/thumb/v7-m/nofp/libc_nano.a(libc_a-strcmp.o)
 .ARM.attributes
                0x000005d6       0x2d /usr/lib/gcc/arm-none-eabi/13.2.1/../../../arm-none-eabi/lib/thumb/v7-m/nofp/libc_nano.a(libc_a-snprintf.o)
 .ARM.attributes
                0x00000603       0x2d /usr/lib/gcc/arm-none-eabi/13.2.1/../../../arm-none-eabi/lib/thumb/v7-m/nofp/libc_nano.a(libc_a-impure.o)
 .ARM.attributes
                0x00000630       0x2d /usr/lib/gcc/arm-none-eabi/13.2.1/../../../arm-none-eabi/lib/thumb/v7-m/nofp/libc_nano.a(libc_a-nano-svfprintf.o)
 .ARM.attributes
                0x0000065d       0x2d /usr/lib/gcc/arm-none-eabi/13.2.1/../../../arm-none-eabi/lib/thumb/v7-m/nofp/libc_nano.a(libc_a-mallocr.o)
 .ARM.attributes
                0x0000068a       0x2d /usr/lib/gcc/arm-none-eabi/13.2.1/../../../arm-none-eabi/lib/thumb/v7-m/nofp/libc_nano.a(libc_a-freer.o)
 .ARM.attributes
                0x000006b7       0x2d /usr/lib/gcc/arm-none-eabi/13.2.1/../../../arm-none-eabi/lib/thumb/v7-m/nofp/libc_nano.a(libc_a-memmove.o)
 .ARM.attributes
                0x000006e4       0x2d /usr/lib/gcc/arm-none-eabi/13.2.1/../../../arm-none-eabi/lib/thumb/v7-m/nofp/libc_nano.a(libc_a-reallocr.o)
 .ARM.attributes
                0x00000711       0x2d /usr/lib/gcc/arm-none-eabi/13.2.1/../../../arm-none-eabi/lib/thumb/v7-m/nofp/libc_nano.a(libc_a-nano-vfprintf_i.o)
 .ARM.attributes
                0x0000073e       0x2d /usr/lib/gcc/arm-none-eabi/13.2.1/../../../arm-none-eabi/lib/thumb/v7-m/nofp/libc_nano.a(libc_a-mlock.o)
 .ARM.attributes
                0x0000076b       0x2d /usr/lib/gcc/arm-none-eabi/13.2.1/../../../arm-none-eabi/lib/thumb/v7-m/nofp/libc_nano.a(libc_a-memchr-stub.o)
 .ARM.attributes
                0x00000798       0x2d /usr/lib/gcc/arm-none-eabi/13.2.1/../../../arm-none-eabi/lib/thumb/v7-m/nofp/libc_nano.a(libc_a-sbrkr.o)
 .ARM.attributes
                0x000007c5       0x2d /usr/lib/gcc/arm-none-eabi/13.2.1/../../../arm-none-eabi/lib/thumb/v7-m/nofp/libc_nano.a(libc_a-msizer.o)
 .ARM.attributes
                0x000007f2       0x2d /usr/lib/gcc/arm-none-eabi/13.2.1/../../../arm-none-eabi/lib/thumb/v7-m/nofp/libc_nano.a(libc_a-reent.o)
 .ARM.attributes
                0x0000081f       0x2d /usr/lib/gcc/arm-none-eabi/13.2.1/../../../arm-none-eabi/lib/thumb/v7-m/nofp/libnosys.a(sbrk.o)

.debug_frame    0x00000000     0x2eac
 .debug_frame   0x00000000       0x2c bin/main.o
 .debug_frame   0x0000002c       0x2c bin/platform/system_init.o
 .debug_frame   0x00000058      0x150 bin/app/tasks.o
 .debug_frame   0x000001a8       0xdc bin/drivers/uart_comm.o
 .debug_frame   0x00000284       0xf4 bin/protocol/protocol.o
 .debug_frame   0x00000378       0xf4 bin/protocol/parser.o
 .debug_frame   0x0000046c       0xa0 bin/app/app.o
 .debug_frame   0x0000050c       0x94 bin/app/sensors.o
 .debug_frame   0x000005a0      0x144 bin/app/actuators.o
 .debug_frame   0x000006e4       0xac bin/app/button.o
 .debug_frame   0x00000790       0xd8 bin/freertos/list.o
 .debug_frame   0x00000868      0x494 bin/freertos/queue.o
 .debug_frame   0x00000cfc      0x860 bin/freertos/tasks.o
 .debug_frame   0x0000155c      0x198 bin/freertos/portable/GCC/ARM_CM3/port.o
 .debug_frame   0x000016f4      0x174 bin/freertos/heap_4.o
 .debug_frame   0x00001868      0x128 third_party/libopencm3/lib/libopencm3_stm32f1.a(adc.o)
 .debug_frame   0x00001990      0x2b4 third_party/libopencm3/lib/libopencm3_stm32f1.a(adc_common_v1.o)
 .debug_frame   0x00001c44       0x88 third_party/libopencm3/lib/libopencm3_stm32f1.a(exti_common_all.o)
 .debug_frame   0x00001ccc       0x60 third_party/libopencm3/lib/libopencm3_stm32f1.a(gpio.o)
 .debug_frame   0x00001d2c       0x80 third_party/libopencm3/lib/libopencm3_stm32f1.a(gpio_common_all.o)
 .debug_frame   0x00001dac      0x318 third_party/libopencm3/lib/libopencm3_stm32f1.a(rcc.o)
 .debug_frame   0x000020c4       0xe0 third_party/libopencm3/lib/libopencm3_stm32f1.a(rcc_common_all.o)
 .debug_frame   0x000021a4      0x4d8 third_party/libopencm3/lib/libopencm3_stm32f1.a(timer_common_all.o)
 .debug_frame   0x0000267c      0x1ec third_party/libopencm3/lib/libopencm3_stm32f1.a(usart_common_all.o)
 .debug_frame   0x00002868       0x60 third_party/libopencm3/lib/libopencm3_stm32f1.a(usart_common_f124.o)
 .debug_frame   0x000028c8       0x4c third_party/libopencm3/lib/libopencm3_stm32f1.a(vector.o)
 .debug_frame   0x00002914       0xa0 third_party/libopencm3/lib/libopencm3_stm32f1.a(nvic.o)
 .debug_frame   0x000029b4       0x50 third_party/libopencm3/lib/libopencm3_stm32f1.a(flash_common_all.o)
 .debug_frame   0x00002a04       0x20 /usr/lib/gcc/arm-none-eabi/13.2.1/../../../arm-none-eabi/lib/thumb/v7-m/nofp/libc_nano.a(libc_a-strlen-stub.o)
 .debug_frame   0x00002a24       0x2c /usr/lib/gcc/arm-none-eabi/13.2.1/../../../arm-none-eabi/lib/thumb/v7-m/nofp/libc_nano.a(libc_a-memset.o)
 .debug_frame   0x00002a50       0x28 /usr/lib/gcc/arm-none-eabi/13.2.1/../../../arm-none-eabi/lib/thumb/v7-m/nofp/libc_nano.a(libc_a-strncpy.o)
 .debug_frame   0x00002a78       0x38 /usr/lib/gcc/arm-none-eabi/13.2.1/../../../arm-none-eabi/lib/thumb/v7-m/nofp/libc_nano.a(libc_a-strncmp.o)
 .debug_frame   0x00002ab0       0x3c /usr/lib/gcc/arm-none-eabi/13.2.1/../../../arm-none-eabi/lib/thumb/v7-m/nofp/libc_nano.a(libc_a-strcmp.o)
 .debug_frame   0x00002aec       0x94 /usr/lib/gcc/arm-none-eabi/13.2.1/../../../arm-none-eabi/lib/thumb/v7-m/nofp/libc_nano.a(libc_a-snprintf.o)
 .debug_frame   0x00002b80       0x98 /usr/lib/gcc/arm-none-eabi/13.2.1/../../../arm-none-eabi/lib/thumb/v7-m/nofp/libc_nano.a(libc_a-nano-svfprintf.o)
 .debug_frame   0x00002c18       0x50 /usr/lib/gcc/arm-none-eabi/13.2.1/../../../arm-none-eabi/lib/thumb/v7-m/nofp/libc_nano.a(libc_a-mallocr.o)
 .debug_frame   0x00002c68       0x58 /usr/lib/gcc/arm-none-eabi/13.2.1/../../../arm-none-eabi/lib/thumb/v7-m/nofp/libc_nano.a(libc_a-freer.o)
 .debug_frame   0x00002cc0       0x40 /usr/lib/gcc/arm-none-eabi/13.2.1/../../../arm-none-eabi/lib/thumb/v7-m/nofp/libc_nano.a(libc_a-memmove.o)
 .debug_frame   0x00002d00       0x38 /usr/lib/gcc/arm-none-eabi/13.2.1/../../../arm-none-eabi/lib/thumb/v7-m/nofp/libc_nano.a(libc_a-reallocr.o)
 .debug_frame   0x00002d38       0x6c /usr/lib/gcc/arm-none-eabi/13.2.1/../../../arm-none-eabi/lib/thumb/v7-m/nofp/libc_nano.a(libc_a-nano-vfprintf_i.o)
 .debug_frame   0x00002da4       0x30 /usr/lib/gcc/arm-none-eabi/13.2.1/../../../arm-none-eabi/lib/thumb/v7-m/nofp/libc_nano.a(libc_a-mlock.o)
 .debug_frame   0x00002dd4       0x2c /usr/lib/gcc/arm-none-eabi/13.2.1/../../../arm-none-eabi/lib/thumb/v7-m/nofp/libc_nano.a(libc_a-memchr-stub.o)
 .debug_frame   0x00002e00       0x2c /usr/lib/gcc/arm-none-eabi/13.2.1/../../../arm-none-eabi/lib/thumb/v7-m/nofp/libc_nano.a(libc_a-sbrkr.o)
 .debug_frame   0x00002e2c       0x20 /usr/lib/gcc/arm-none-eabi/13.2.1/../../../arm-none-eabi/lib/thumb/v7-m/nofp/libc_nano.a(libc_a-msizer.o)
 .debug_frame   0x00002e4c       0x40 /usr/lib/gcc/arm-none-eabi/13.2.1/../../../arm-none-eabi/lib/thumb/v7-m/nofp/libc_nano.a(libc_a-reent.o)
 .debug_frame   0x00002e8c       0x20 /usr/lib/gcc/arm-none-eabi/13.2.1/../../../arm-none-eabi/lib/thumb/v7-m/nofp/libnosys.a(sbrk.o)

.debug_loclists
                0x00000000     0x2913
 .debug_loclists
                0x00000000      0x164 third_party/libopencm3/lib/libopencm3_stm32f1.a(adc.o)
 .debug_loclists
                0x00000164      0x325 third_party/libopencm3/lib/libopencm3_stm32f1.a(adc_common_v1.o)
 .debug_loclists
                0x00000489       0xa0 third_party/libopencm3/lib/libopencm3_stm32f1.a(exti_common_all.o)
 .debug_loclists
                0x00000529       0xd5 third_party/libopencm3/lib/libopencm3_stm32f1.a(gpio.o)
 .debug_loclists
                0x000005fe       0x96 third_party/libopencm3/lib/libopencm3_stm32f1.a(gpio_common_all.o)
 .debug_loclists
                0x00000694      0x2cb third_party/libopencm3/lib/libopencm3_stm32f1.a(rcc.o)
 .debug_loclists
                0x0000095f       0x87 third_party/libopencm3/lib/libopencm3_stm32f1.a(rcc_common_all.o)
 .debug_loclists
                0x000009e6      0x1d5 third_party/libopencm3/lib/libopencm3_stm32f1.a(timer_common_all.o)
 .debug_loclists
                0x00000bbb      0x18e third_party/libopencm3/lib/libopencm3_stm32f1.a(usart_common_all.o)
 .debug_loclists
                0x00000d49       0x79 third_party/libopencm3/lib/libopencm3_stm32f1.a(usart_common_f124.o)
 .debug_loclists
                0x00000dc2       0xb6 third_party/libopencm3/lib/libopencm3_stm32f1.a(vector.o)
 .debug_loclists
                0x00000e78      0x111 third_party/libopencm3/lib/libopencm3_stm32f1.a(nvic.o)
 .debug_loclists
                0x00000f89       0x17 third_party/libopencm3/lib/libopencm3_stm32f1.a(flash_common_all.o)
 .debug_loclists
                0x00000fa0       0x29 /usr/lib/gcc/arm-none-eabi/13.2.1/../../../arm-none-eabi/lib/thumb/v7-m/nofp/libc_nano.a(libc_a-strlen-stub.o)
 .debug_loclists
                0x00000fc9      0x1d7 /usr/lib/gcc/arm-none-eabi/13.2.1/../../../arm-none-eabi/lib/thumb/v7-m/nofp/libc_nano.a(libc_a-memset.o)
 .debug_loclists
                0x000011a0       0xf7 /usr/lib/gcc/arm-none-eabi/13.2.1/../../../arm-none-eabi/lib/thumb/v7-m/nofp/libc_nano.a(libc_a-strncpy.o)
 .debug_loclists
                0x00001297      0x139 /usr/lib/gcc/arm-none-eabi/13.2.1/../../../arm-none-eabi/lib/thumb/v7-m/nofp/libc_nano.a(libc_a-strncmp.o)
 .debug_loclists
                0x000013d0      0x214 /usr/lib/gcc/arm-none-eabi/13.2.1/../../../arm-none-eabi/lib/thumb/v7-m/nofp/libc_nano.a(libc_a-snprintf.o)
 .debug_loclists
                0x000015e4      0x531 /usr/lib/gcc/arm-none-eabi/13.2.1/../../../arm-none-eabi/lib/thumb/v7-m/nofp/libc_nano.a(libc_a-nano-svfprintf.o)
 .debug_loclists
                0x00001b15      0x273 /usr/lib/gcc/arm-none-eabi/13.2.1/../../../arm-none-eabi/lib/thumb/v7-m/nofp/libc_nano.a(libc_a-mallocr.o)
 .debug_loclists
                0x00001d88      0x164 /usr/lib/gcc/arm-none-eabi/13.2.1/../../../arm-none-eabi/lib/thumb/v7-m/nofp/libc_nano.a(libc_a-freer.o)
 .debug_loclists
                0x00001eec      0x21b /usr/lib/gcc/arm-none-eabi/13.2.1/../../../arm-none-eabi/lib/thumb/v7-m/nofp/libc_nano.a(libc_a-memmove.o)
 .debug_loclists
                0x00002107      0x102 /usr/lib/gcc/arm-none-eabi/13.2.1/../../../arm-none-eabi/lib/thumb/v7-m/nofp/libc_nano.a(libc_a-reallocr.o)
 .debug_loclists
                0x00002209      0x444 /usr/lib/gcc/arm-none-eabi/13.2.1/../../../arm-none-eabi/lib/thumb/v7-m/nofp/libc_nano.a(libc_a-nano-vfprintf_i.o)